Archive member included to satisfy reference by file (symbol)

/usr/local/mcuxpressoide-10.3.1_2233/ide/plugins/com.nxp.mcuxpresso.tools.linux_10.3.0.201811011841/tools/bin/../lib/gcc/arm-none-eabi/7.3.1/thumb/v6-m/libgcc.a(_udivsi3.o)
                              ./freertos/fsl_tickless_lptmr.o (__aeabi_uidiv)
/usr/local/mcuxpressoide-10.3.1_2233/ide/plugins/com.nxp.mcuxpresso.tools.linux_10.3.0.201811011841/tools/bin/../lib/gcc/arm-none-eabi/7.3.1/thumb/v6-m/libgcc.a(_dvmd_tls.o)
                              /usr/local/mcuxpressoide-10.3.1_2233/ide/plugins/com.nxp.mcuxpresso.tools.linux_10.3.0.201811011841/tools/bin/../lib/gcc/arm-none-eabi/7.3.1/thumb/v6-m/libgcc.a(_udivsi3.o) (__aeabi_idiv0)
/usr/local/mcuxpressoide-10.3.1_2233/ide/plugins/com.nxp.mcuxpresso.tools.linux_10.3.0.201811011841/tools/bin/../lib/gcc/arm-none-eabi/7.3.1/thumb/v6-m/libgcc.a(unwind-arm.o)
                              ./startup/startup_mkl25z4.o (__aeabi_unwind_cpp_pr0)
/usr/local/mcuxpressoide-10.3.1_2233/ide/plugins/com.nxp.mcuxpresso.tools.linux_10.3.0.201811011841/tools/bin/../lib/gcc/arm-none-eabi/7.3.1/thumb/v6-m/libgcc.a(libunwind.o)
                              /usr/local/mcuxpressoide-10.3.1_2233/ide/plugins/com.nxp.mcuxpresso.tools.linux_10.3.0.201811011841/tools/bin/../lib/gcc/arm-none-eabi/7.3.1/thumb/v6-m/libgcc.a(unwind-arm.o) (restore_core_regs)
/usr/local/mcuxpressoide-10.3.1_2233/ide/plugins/com.nxp.mcuxpresso.tools.linux_10.3.0.201811011841/tools/bin/../lib/gcc/arm-none-eabi/7.3.1/thumb/v6-m/libgcc.a(pr-support.o)
                              /usr/local/mcuxpressoide-10.3.1_2233/ide/plugins/com.nxp.mcuxpresso.tools.linux_10.3.0.201811011841/tools/bin/../lib/gcc/arm-none-eabi/7.3.1/thumb/v6-m/libgcc.a(unwind-arm.o) (__gnu_unwind_execute)
/usr/local/mcuxpressoide-10.3.1_2233/ide/plugins/com.nxp.mcuxpresso.tools.linux_10.3.0.201811011841/tools/bin/../lib/gcc/arm-none-eabi/7.3.1/../../../../arm-none-eabi/lib/thumb/v6-m/libc_nano.a(lib_a-abort.o)
                              /usr/local/mcuxpressoide-10.3.1_2233/ide/plugins/com.nxp.mcuxpresso.tools.linux_10.3.0.201811011841/tools/bin/../lib/gcc/arm-none-eabi/7.3.1/thumb/v6-m/libgcc.a(unwind-arm.o) (abort)
/usr/local/mcuxpressoide-10.3.1_2233/ide/plugins/com.nxp.mcuxpresso.tools.linux_10.3.0.201811011841/tools/bin/../lib/gcc/arm-none-eabi/7.3.1/../../../../arm-none-eabi/lib/thumb/v6-m/libc_nano.a(lib_a-init.o)
                              ./startup/startup_mkl25z4.o (__libc_init_array)
/usr/local/mcuxpressoide-10.3.1_2233/ide/plugins/com.nxp.mcuxpresso.tools.linux_10.3.0.201811011841/tools/bin/../lib/gcc/arm-none-eabi/7.3.1/../../../../arm-none-eabi/lib/thumb/v6-m/libc_nano.a(lib_a-memcpy-stub.o)
                              ./freertos/queue.o (memcpy)
/usr/local/mcuxpressoide-10.3.1_2233/ide/plugins/com.nxp.mcuxpresso.tools.linux_10.3.0.201811011841/tools/bin/../lib/gcc/arm-none-eabi/7.3.1/../../../../arm-none-eabi/lib/thumb/v6-m/libc_nano.a(lib_a-memset.o)
                              ./freertos/tasks.o (memset)
/usr/local/mcuxpressoide-10.3.1_2233/ide/plugins/com.nxp.mcuxpresso.tools.linux_10.3.0.201811011841/tools/bin/../lib/gcc/arm-none-eabi/7.3.1/../../../../arm-none-eabi/lib/thumb/v6-m/libc_nano.a(lib_a-printf.o)
                              ./drivers/fsl_common.o (printf)
/usr/local/mcuxpressoide-10.3.1_2233/ide/plugins/com.nxp.mcuxpresso.tools.linux_10.3.0.201811011841/tools/bin/../lib/gcc/arm-none-eabi/7.3.1/../../../../arm-none-eabi/lib/thumb/v6-m/libc_nano.a(lib_a-signal.o)
                              /usr/local/mcuxpressoide-10.3.1_2233/ide/plugins/com.nxp.mcuxpresso.tools.linux_10.3.0.201811011841/tools/bin/../lib/gcc/arm-none-eabi/7.3.1/../../../../arm-none-eabi/lib/thumb/v6-m/libc_nano.a(lib_a-abort.o) (raise)
/usr/local/mcuxpressoide-10.3.1_2233/ide/plugins/com.nxp.mcuxpresso.tools.linux_10.3.0.201811011841/tools/bin/../lib/gcc/arm-none-eabi/7.3.1/../../../../arm-none-eabi/lib/thumb/v6-m/libc_nano.a(lib_a-signalr.o)
                              /usr/local/mcuxpressoide-10.3.1_2233/ide/plugins/com.nxp.mcuxpresso.tools.linux_10.3.0.201811011841/tools/bin/../lib/gcc/arm-none-eabi/7.3.1/../../../../arm-none-eabi/lib/thumb/v6-m/libc_nano.a(lib_a-signal.o) (_kill_r)
/usr/local/mcuxpressoide-10.3.1_2233/ide/plugins/com.nxp.mcuxpresso.tools.linux_10.3.0.201811011841/tools/bin/../lib/gcc/arm-none-eabi/7.3.1/../../../../arm-none-eabi/lib/thumb/v6-m/libc_nano.a(lib_a-findfp.o)
                              /usr/local/mcuxpressoide-10.3.1_2233/ide/plugins/com.nxp.mcuxpresso.tools.linux_10.3.0.201811011841/tools/bin/../lib/gcc/arm-none-eabi/7.3.1/../../../../arm-none-eabi/lib/thumb/v6-m/libc_nano.a(lib_a-printf.o) (__sinit)
/usr/local/mcuxpressoide-10.3.1_2233/ide/plugins/com.nxp.mcuxpresso.tools.linux_10.3.0.201811011841/tools/bin/../lib/gcc/arm-none-eabi/7.3.1/../../../../arm-none-eabi/lib/thumb/v6-m/libc_nano.a(lib_a-fwalk.o)
[...]
Memory Configuration

Name             Origin             Length             Attributes
PROGRAM_FLASH    0x0000000000000000 0x0000000000020000 xr
SRAM             0x000000001ffff000 0x0000000000004000 xrw
*default*        0x0000000000000000 0xffffffffffffffff

Linker script and memory map

LOAD ./utilities/fsl_debug_console.o
LOAD ./startup/startup_mkl25z4.o
LOAD ./source/GPIO.o
LOAD ./source/main.o
LOAD ./source/mtb.o
LOAD ./source/semihost_hardfault.o
LOAD ./freertos/croutine.o
LOAD ./freertos/event_groups.o
LOAD ./freertos/fsl_tickless_lptmr.o
LOAD ./freertos/fsl_tickless_systick.o
LOAD ./freertos/heap_4.o
LOAD ./freertos/list.o
LOAD ./freertos/port.o
LOAD ./freertos/queue.o
LOAD ./freertos/tasks.o
LOAD ./freertos/timers.o
LOAD ./drivers/fsl_clock.o
LOAD ./drivers/fsl_common.o
LOAD ./drivers/fsl_flash.o
LOAD ./drivers/fsl_gpio.o
LOAD ./drivers/fsl_lpsci.o
LOAD ./drivers/fsl_lpsci_freertos.o
LOAD ./drivers/fsl_smc.o
LOAD ./drivers/fsl_uart.o
LOAD ./drivers/fsl_uart_freertos.o
LOAD ./board/board.o
LOAD ./board/clock_config.o
LOAD ./board/peripherals.o
LOAD ./board/pin_mux.o
LOAD ./CMSIS/system_MKL25Z4.o
START GROUP
LOAD /usr/local/mcuxpressoide-10.3.1_2233/ide/plugins/com.nxp.mcuxpresso.tools.linux_10.3.0.201811011841/tools/bin/../lib/gcc/arm-none-eabi/7.3.1/thumb/v6-m/libgcc.a
LOAD /usr/local/mcuxpressoide-10.3.1_2233/ide/plugins/com.nxp.mcuxpresso.tools.linux_10.3.0.201811011841/tools/bin/../lib/gcc/arm-none-eabi/7.3.1/../../../../arm-none-eabi/lib/thumb/v6-m/libc_nano.a
LOAD /usr/local/mcuxpressoide-10.3.1_2233/ide/plugins/com.nxp.mcuxpresso.tools.linux_10.3.0.201811011841/tools/bin/../lib/gcc/arm-none-eabi/7.3.1/../../../../arm-none-eabi/lib/thumb/v6-m/libstdc++_nano.a
LOAD /usr/local/mcuxpressoide-10.3.1_2233/ide/plugins/com.nxp.mcuxpresso.tools.linux_10.3.0.201811011841/tools/bin/../lib/gcc/arm-none-eabi/7.3.1/../../../../arm-none-eabi/lib/thumb/v6-m/libm.a
LOAD /usr/local/mcuxpressoide-10.3.1_2233/ide/plugins/com.nxp.mcuxpresso.tools.linux_10.3.0.201811011841/tools/bin/../lib/gcc/arm-none-eabi/7.3.1/../../../../arm-none-eabi/lib/thumb/v6-m/libcr_newlib_semihost.a
LOAD /usr/local/mcuxpressoide-10.3.1_2233/ide/plugins/com.nxp.mcuxpresso.tools.linux_10.3.0.201811011841/tools/bin/../lib/gcc/arm-none-eabi/7.3.1/thumb/v6-m/crti.o
LOAD /usr/local/mcuxpressoide-10.3.1_2233/ide/plugins/com.nxp.mcuxpresso.tools.linux_10.3.0.201811011841/tools/bin/../lib/gcc/arm-none-eabi/7.3.1/thumb/v6-m/crtn.o
LOAD /usr/local/mcuxpressoide-10.3.1_2233/ide/plugins/com.nxp.mcuxpresso.tools.linux_10.3.0.201811011841/tools/bin/../lib/gcc/arm-none-eabi/7.3.1/thumb/v6-m/crtbegin.o
LOAD /usr/local/mcuxpressoide-10.3.1_2233/ide/plugins/com.nxp.mcuxpresso.tools.linux_10.3.0.201811011841/tools/bin/../lib/gcc/arm-none-eabi/7.3.1/thumb/v6-m/crtend.o
END GROUP
                0x0000000000000000                __base_PROGRAM_FLASH = 0x0
                0x0000000000000000                __base_Flash = 0x0
                0x0000000000020000                __top_PROGRAM_FLASH = 0x20000
                0x0000000000020000                __top_Flash = 0x20000
                0x000000001ffff000                __base_SRAM = 0x1ffff000
                0x000000001ffff000                __base_RAM = 0x1ffff000
                0x0000000020003000                __top_SRAM = 0x20003000
                0x0000000020003000                __top_RAM = 0x20003000

.text           0x0000000000000000     0x45b8
 FILL mask 0xff
                0x0000000000000000                __vectors_start__ = ABSOLUTE (.)
 *(SORT_BY_ALIGNMENT(.isr_vector))
 .isr_vector    0x0000000000000000       0xc0 ./startup/startup_mkl25z4.o
                0x0000000000000000                __Vectors
                0x0000000000000000                g_pfnVectors
                0x00000000000000c0                . = ALIGN (0x4)
                0x00000000000000c0                __section_table_start = .
                0x00000000000000c0                __data_section_table = .
                0x00000000000000c0        0x4 LONG 0x46e4 LOADADDR (.data)
                0x00000000000000c4        0x4 LONG 0x1ffff080 ADDR (.data)
                0x00000000000000c8        0x4 LONG 0x6c SIZEOF (.data)
                0x00000000000000cc                __data_section_table_end = .
                0x00000000000000cc                __bss_section_table = .
                0x00000000000000cc        0x4 LONG 0x1ffff0ec ADDR (.bss)
                0x00000000000000d0        0x4 LONG 0x11c SIZEOF (.bss)
                0x00000000000000d4                __bss_section_table_end = .
                0x00000000000000d4                __section_table_end = .
 *(SORT_BY_ALIGNMENT(.after_vectors*))
 .after_vectors.reset
                0x00000000000000d4       0x50 ./startup/startup_mkl25z4.o
                0x00000000000000d4                ResetISR
 .after_vectors.init_data
                0x0000000000000124       0x16 ./startup/startup_mkl25z4.o
                0x0000000000000124                data_init(unsigned int, unsigned int, unsigned int)
 .after_vectors.init_bss
                0x000000000000013a       0x12 ./startup/startup_mkl25z4.o
                0x000000000000013a                bss_init(unsigned int, unsigned int)
 .after_vectors
                0x000000000000014c      0x10c ./startup/startup_mkl25z4.o
                0x000000000000014c                NMI_Handler
                0x0000000000000156                PIT_DriverIRQHandler
                0x0000000000000156                Reserved39_DriverIRQHandler
                0x0000000000000156                DMA0_DriverIRQHandler
                0x0000000000000156                SPI1_DriverIRQHandler
                0x0000000000000156                LPTMR0_DriverIRQHandler
                0x0000000000000156                TPM2_DriverIRQHandler
                0x0000000000000156                TSI0_DriverIRQHandler
                0x0000000000000156                RTC_Seconds_DriverIRQHandler
                0x0000000000000156                LLWU_DriverIRQHandler
                0x0000000000000156                MCG_DriverIRQHandler
                0x0000000000000156                FTFA_DriverIRQHandler
                0x0000000000000156                IntDefaultHandler
                0x0000000000000156                USB0_DriverIRQHandler
                0x0000000000000156                DAC0_DriverIRQHandler
                0x0000000000000156                LVD_LVW_DriverIRQHandler
                0x0000000000000156                TPM0_DriverIRQHandler
                0x0000000000000156                Reserved20_DriverIRQHandler
                0x0000000000000156                DMA3_DriverIRQHandler
                0x0000000000000156                Reserved45_DriverIRQHandler
                0x0000000000000156                PORTA_DriverIRQHandler
                0x0000000000000156                TPM1_DriverIRQHandler
                0x0000000000000156                RTC_DriverIRQHandler
                0x0000000000000156                DMA1_DriverIRQHandler
                0x0000000000000156                I2C1_DriverIRQHandler
                0x0000000000000156                SPI0_DriverIRQHandler
                0x0000000000000156                ADC0_DriverIRQHandler
                0x0000000000000156                CMP0_DriverIRQHandler
                0x0000000000000156                DMA2_DriverIRQHandler
                0x0000000000000156                PORTD_DriverIRQHandler
                0x0000000000000156                I2C0_DriverIRQHandler
                0x0000000000000158                DMA0_IRQHandler
                0x0000000000000160                DMA1_IRQHandler
                0x0000000000000168                DMA2_IRQHandler
                0x0000000000000170                DMA3_IRQHandler
                0x0000000000000178                Reserved20_IRQHandler
                0x0000000000000180                FTFA_IRQHandler
                0x0000000000000188                LVD_LVW_IRQHandler
                0x0000000000000190                LLWU_IRQHandler
                0x0000000000000198                I2C0_IRQHandler
                0x00000000000001a0                I2C1_IRQHandler
                0x00000000000001a8                SPI0_IRQHandler
                0x00000000000001b0                SPI1_IRQHandler
                0x00000000000001b8                UART0_IRQHandler
                0x00000000000001c0                UART1_IRQHandler
                0x00000000000001c8                UART2_IRQHandler
                0x00000000000001d0                ADC0_IRQHandler
                0x00000000000001d8                CMP0_IRQHandler
                0x00000000000001e0                TPM0_IRQHandler
                0x00000000000001e8                TPM1_IRQHandler
                0x00000000000001f0                TPM2_IRQHandler
                0x00000000000001f8                RTC_IRQHandler
                0x0000000000000200                RTC_Seconds_IRQHandler
                0x0000000000000208                PIT_IRQHandler
                0x0000000000000210                Reserved39_IRQHandler
                0x0000000000000218                USB0_IRQHandler
                0x0000000000000220                DAC0_IRQHandler
                0x0000000000000228                TSI0_IRQHandler
                0x0000000000000230                MCG_IRQHandler
                0x0000000000000238                LPTMR0_IRQHandler
                0x0000000000000240                Reserved45_IRQHandler
                0x0000000000000248                PORTA_IRQHandler
                0x0000000000000250                PORTD_IRQHandler
                0x0000000000000400                . = 0x400
 *fill*         0x0000000000000258      0x1a8 ff
                0x0000000000000400                PROVIDE (__FLASH_CONFIG_START__ = .)
 *(SORT_BY_ALIGNMENT(.FlashConfig))
 .FlashConfig   0x0000000000000400       0x10 ./startup/startup_mkl25z4.o
                0x0000000000000410                PROVIDE (__FLASH_CONFIG_END__ = .)
                0x0000000000000001                ASSERT (! ((__FLASH_CONFIG_START__ == __FLASH_CONFIG_END__)), Linker Flash Config Support Enabled, but no .FlashConfig section provided within application)
 *(SORT_BY_ALIGNMENT(.text*))
 .text.PendSV_Handler
                0x0000000000000410       0x48 ./freertos/port.o
                0x0000000000000410                PendSV_Handler
 .text.DbgConsole_Init
                0x0000000000000458       0xf4 ./utilities/fsl_debug_console.o
                0x0000000000000458                DbgConsole_Init
 .text          0x000000000000054c       0x44 ./source/main.o
                0x000000000000054c                main
 .text.HardFault_Handler
                0x0000000000000590       0x30 ./source/semihost_hardfault.o
                0x0000000000000590                HardFault_Handler
 .text.SysTick_Handler
                0x00000000000005c0       0x34 ./freertos/port.o
                0x00000000000005c0                SysTick_Handler
 .text.xTaskIncrementTick
                0x00000000000005f4      0x14c ./freertos/tasks.o
                0x00000000000005f4                xTaskIncrementTick
 .text.vTaskSwitchContext
                0x0000000000000740       0xa4 ./freertos/tasks.o
                0x0000000000000740                vTaskSwitchContext
 .text.prvResetNextTaskUnblockTime
                0x00000000000007e4       0x48 ./freertos/tasks.o
 .text.CLOCK_SetEr32kClock
                0x000000000000082c       0x34 ./drivers/fsl_clock.o
 .text.CLOCK_SetPllFllSelClock
                0x0000000000000860       0x38 ./drivers/fsl_clock.o
 .text.CLOCK_GetMcgExtClkFreq
                0x0000000000000898       0x34 ./drivers/fsl_clock.o
 .text.CLOCK_GetFllExtRefClkFreq
                0x00000000000008cc       0xa4 ./drivers/fsl_clock.o
 .text.CLOCK_GetFllRefClkFreq
                0x0000000000000970       0x2c ./drivers/fsl_clock.o
 .text.CLOCK_GetOscRangeFromFreq
                0x000000000000099c       0x4c ./drivers/fsl_clock.o
 .text.CLOCK_GetPllFllSelClkFreq
                0x00000000000009e8       0x4c ./drivers/fsl_clock.o
                0x00000000000009e8                CLOCK_GetPllFllSelClkFreq
 .text.CLOCK_SetSimConfig
                0x0000000000000a34       0x38 ./drivers/fsl_clock.o
                0x0000000000000a34                CLOCK_SetSimConfig
 .text.CLOCK_GetFllFreq
                0x0000000000000a6c       0x84 ./drivers/fsl_clock.o
                0x0000000000000a6c                CLOCK_GetFllFreq
 .text.CLOCK_GetPll0Freq
                0x0000000000000af0       0x80 ./drivers/fsl_clock.o
                0x0000000000000af0                CLOCK_GetPll0Freq
 .text.CLOCK_SetInternalRefClkConfig
                0x0000000000000b70      0x128 ./drivers/fsl_clock.o
                0x0000000000000b70                CLOCK_SetInternalRefClkConfig
 .text.CLOCK_EnablePll0
                0x0000000000000c98       0xa0 ./drivers/fsl_clock.o
                0x0000000000000c98                CLOCK_EnablePll0
 .text.CLOCK_InitOsc0
                0x0000000000000d38       0x94 ./drivers/fsl_clock.o
                0x0000000000000d38                CLOCK_InitOsc0
 .text.CLOCK_SetPbeMode
                0x0000000000000dcc       0xc0 ./drivers/fsl_clock.o
                0x0000000000000dcc                CLOCK_SetPbeMode
 .text.CLOCK_BootToPeeMode
                0x0000000000000e8c       0x80 ./drivers/fsl_clock.o
                0x0000000000000e8c                CLOCK_BootToPeeMode
 .text.__assert_func
                0x0000000000000f0c       0x28 ./drivers/fsl_common.o
                0x0000000000000f0c                __assert_func
 .text.CLOCK_EnableClock
                0x0000000000000f34       0x34 ./drivers/fsl_lpsci.o
 .text.LPSCI_GetInstance
                0x0000000000000f68       0x54 ./drivers/fsl_lpsci.o
                0x0000000000000f68                LPSCI_GetInstance
 .text.LPSCI_Init
                0x0000000000000fbc      0x270 ./drivers/fsl_lpsci.o
                0x0000000000000fbc                LPSCI_Init
 .text.LPSCI_GetDefaultConfig
                0x000000000000122c       0x54 ./drivers/fsl_lpsci.o
                0x000000000000122c                LPSCI_GetDefaultConfig
 .text.LPSCI_ClearStatusFlags
                0x0000000000001280       0x94 ./drivers/fsl_lpsci.o
                0x0000000000001280                LPSCI_ClearStatusFlags
 .text.LPSCI_WriteBlocking
                0x0000000000001314       0x5c ./drivers/fsl_lpsci.o
                0x0000000000001314                LPSCI_WriteBlocking
 .text.LPSCI_ReadBlocking
                0x0000000000001370       0xd0 ./drivers/fsl_lpsci.o
                0x0000000000001370                LPSCI_ReadBlocking
 .text.UART0_DriverIRQHandler
                0x0000000000001440       0x24 ./drivers/fsl_lpsci.o
                0x0000000000001440                UART0_DriverIRQHandler
 .text.CLOCK_EnableClock
                0x0000000000001464       0x34 ./drivers/fsl_uart.o
 .text.UART_GetInstance
                0x0000000000001498       0x60 ./drivers/fsl_uart.o
                0x0000000000001498                UART_GetInstance
 .text.UART_Init
                0x00000000000014f8      0x1f8 ./drivers/fsl_uart.o
                0x00000000000014f8                UART_Init
 .text.UART_GetDefaultConfig
                0x00000000000016f0       0x54 ./drivers/fsl_uart.o
                0x00000000000016f0                UART_GetDefaultConfig
 .text.UART_ReadBlocking
                0x0000000000001744       0xa8 ./drivers/fsl_uart.o
                0x0000000000001744                UART_ReadBlocking
 .text.UART1_DriverIRQHandler
                0x00000000000017ec       0x24 ./drivers/fsl_uart.o
                0x00000000000017ec                UART1_DriverIRQHandler
 .text.UART2_DriverIRQHandler
                0x0000000000001810       0x24 ./drivers/fsl_uart.o
                0x0000000000001810                UART2_DriverIRQHandler
 .text.CLOCK_SetLpsci0Clock
                0x0000000000001834       0x38 ./board/board.o
 .text.BOARD_InitDebugConsole
                0x000000000000186c       0x30 ./board/board.o
                0x000000000000186c                BOARD_InitDebugConsole
 .text.CLOCK_SetSimSafeDivs
                0x000000000000189c       0x20 ./board/clock_config.o
 .text.CLOCK_SetXtal0Freq
                0x00000000000018bc       0x1c ./board/clock_config.o
 .text.CLOCK_CONFIG_SetFllExtRefDiv
                0x00000000000018d8       0x3c ./board/clock_config.o
 .text.BOARD_BootClockRUN
                0x0000000000001914       0x64 ./board/clock_config.o
                0x0000000000001914                BOARD_BootClockRUN
 .text.CLOCK_EnableClock
                0x0000000000001978       0x34 ./board/pin_mux.o
 .text.PORT_SetPinMux
                0x00000000000019ac       0x40 ./board/pin_mux.o
 .text.BOARD_InitPins
                0x00000000000019ec       0x90 ./board/pin_mux.o
                0x00000000000019ec                BOARD_InitPins
 .text.SystemInit
                0x0000000000001a7c       0x18 ./CMSIS/system_MKL25Z4.o
                0x0000000000001a7c                SystemInit
 .text          0x0000000000001a94      0x114 /usr/local/mcuxpressoide-10.3.1_2233/ide/plugins/com.nxp.mcuxpresso.tools.linux_10.3.0.201811011841/tools/bin/../lib/gcc/arm-none-eabi/7.3.1/thumb/v6-m/libgcc.a(_udivsi3.o)
                0x0000000000001a94                __udivsi3
                0x0000000000001a94                __aeabi_uidiv
                0x0000000000001ba0                __aeabi_uidivmod
 .text          0x0000000000001ba8        0x4 /usr/local/mcuxpressoide-10.3.1_2233/ide/plugins/com.nxp.mcuxpresso.tools.linux_10.3.0.201811011841/tools/bin/../lib/gcc/arm-none-eabi/7.3.1/thumb/v6-m/libgcc.a(_dvmd_tls.o)
                0x0000000000001ba8                __aeabi_ldiv0
                0x0000000000001ba8                __aeabi_idiv0
 .text          0x0000000000001bac      0xa08 /usr/local/mcuxpressoide-10.3.1_2233/ide/plugins/com.nxp.mcuxpresso.tools.linux_10.3.0.201811011841/tools/bin/../lib/gcc/arm-none-eabi/7.3.1/thumb/v6-m/libgcc.a(unwind-arm.o)
                0x0000000000001e68                _Unwind_GetCFA
                0x0000000000001e6c                __gnu_Unwind_RaiseException
                0x0000000000001ec0                __gnu_Unwind_ForcedUnwind
                0x0000000000001ed4                __gnu_Unwind_Resume
                0x0000000000001f1c                __gnu_Unwind_Resume_or_Rethrow
                0x0000000000001f38                _Unwind_Complete
                0x0000000000001f3c                _Unwind_DeleteException
                0x0000000000001f4c                _Unwind_VRS_Get
                0x0000000000001f94                _Unwind_VRS_Set
                0x0000000000001fdc                __gnu_Unwind_Backtrace
                0x000000000000232c                __aeabi_unwind_cpp_pr0
                0x0000000000002338                __aeabi_unwind_cpp_pr1
                0x0000000000002344                __aeabi_unwind_cpp_pr2
                0x0000000000002350                _Unwind_VRS_Pop
 .text          0x00000000000025b4      0x144 /usr/local/mcuxpressoide-10.3.1_2233/ide/plugins/com.nxp.mcuxpresso.tools.linux_10.3.0.201811011841/tools/bin/../lib/gcc/arm-none-eabi/7.3.1/thumb/v6-m/libgcc.a(libunwind.o)
                0x00000000000025b4                __restore_core_regs
                0x00000000000025b4                restore_core_regs
                0x00000000000025e0                __gnu_Unwind_Restore_VFP
                0x00000000000025e4                __gnu_Unwind_Save_VFP
                0x00000000000025e8                __gnu_Unwind_Restore_VFP_D
                0x00000000000025ec                __gnu_Unwind_Save_VFP_D
                0x00000000000025f0                __gnu_Unwind_Restore_VFP_D_16_to_31
                0x00000000000025f4                __gnu_Unwind_Save_VFP_D_16_to_31
                0x00000000000025f8                __gnu_Unwind_Restore_WMMXD
                0x00000000000025fc                __gnu_Unwind_Save_WMMXD
                0x0000000000002600                __gnu_Unwind_Restore_WMMXC
                0x0000000000002604                __gnu_Unwind_Save_WMMXC
                0x0000000000002608                ___Unwind_RaiseException
                0x0000000000002608                _Unwind_RaiseException
                0x0000000000002638                ___Unwind_Resume
                0x0000000000002638                _Unwind_Resume
                0x0000000000002668                _Unwind_Resume_or_Rethrow
                0x0000000000002668                ___Unwind_Resume_or_Rethrow
                0x0000000000002698                ___Unwind_ForcedUnwind
                0x0000000000002698                _Unwind_ForcedUnwind
                0x00000000000026c8                _Unwind_Backtrace
                0x00000000000026c8                ___Unwind_Backtrace
 .text          0x00000000000026f8      0x39c /usr/local/mcuxpressoide-10.3.1_2233/ide/plugins/com.nxp.mcuxpresso.tools.linux_10.3.0.201811011841/tools/bin/../lib/gcc/arm-none-eabi/7.3.1/thumb/v6-m/libgcc.a(pr-support.o)
                0x000000000000274c                __gnu_unwind_execute
                0x0000000000002a3c                __gnu_unwind_frame
                0x0000000000002a64                _Unwind_GetRegionStart
                0x0000000000002a70                _Unwind_GetLanguageSpecificData
                0x0000000000002a84                _Unwind_GetDataRelBase
                0x0000000000002a8c                _Unwind_GetTextRelBase
 .text.__libc_init_array
                0x0000000000002a94       0x48 /usr/local/mcuxpressoide-10.3.1_2233/ide/plugins/com.nxp.mcuxpresso.tools.linux_10.3.0.201811011841/tools/bin/../lib/gcc/arm-none-eabi/7.3.1/../../../../arm-none-eabi/lib/thumb/v6-m/libc_nano.a(lib_a-init.o)
                0x0000000000002a94                __libc_init_array
 .text.printf   0x0000000000002adc       0x34 /usr/local/mcuxpressoide-10.3.1_2233/ide/plugins/com.nxp.mcuxpresso.tools.linux_10.3.0.201811011841/tools/bin/../lib/gcc/arm-none-eabi/7.3.1/../../../../arm-none-eabi/lib/thumb/v6-m/libc_nano.a(lib_a-printf.o)
                0x0000000000002adc                printf
                0x0000000000002adc                iprintf
 .text.raise    0x0000000000002b10       0x14 /usr/local/mcuxpressoide-10.3.1_2233/ide/plugins/com.nxp.mcuxpresso.tools.linux_10.3.0.201811011841/tools/bin/../lib/gcc/arm-none-eabi/7.3.1/../../../../arm-none-eabi/lib/thumb/v6-m/libc_nano.a(lib_a-signal.o)
                0x0000000000002b10                raise
 .text._kill_r  0x0000000000002b24       0x24 /usr/local/mcuxpressoide-10.3.1_2233/ide/plugins/com.nxp.mcuxpresso.tools.linux_10.3.0.201811011841/tools/bin/../lib/gcc/arm-none-eabi/7.3.1/../../../../arm-none-eabi/lib/thumb/v6-m/libc_nano.a(lib_a-signalr.o)
                0x0000000000002b24                _kill_r
 .text.std      0x0000000000002b48       0x48 /usr/local/mcuxpressoide-10.3.1_2233/ide/plugins/com.nxp.mcuxpresso.tools.linux_10.3.0.201811011841/tools/bin/../lib/gcc/arm-none-eabi/7.3.1/../../../../arm-none-eabi/lib/thumb/v6-m/libc_nano.a(lib_a-findfp.o)
 .text._cleanup_r
                0x0000000000002b90       0x10 /usr/local/mcuxpressoide-10.3.1_2233/ide/plugins/com.nxp.mcuxpresso.tools.linux_10.3.0.201811011841/tools/bin/../lib/gcc/arm-none-eabi/7.3.1/../../../../arm-none-eabi/lib/thumb/v6-m/libc_nano.a(lib_a-findfp.o)
                0x0000000000002b90                _cleanup_r
 .text.__sinit  0x0000000000002ba0       0x68 /usr/local/mcuxpressoide-10.3.1_2233/ide/plugins/com.nxp.mcuxpresso.tools.linux_10.3.0.201811011841/tools/bin/../lib/gcc/arm-none-eabi/7.3.1/../../../../arm-none-eabi/lib/thumb/v6-m/libc_nano.a(lib_a-findfp.o)
                0x0000000000002ba0                __sinit
 .text.__sfp    0x0000000000002c08       0x7c /usr/local/mcuxpressoide-10.3.1_2233/ide/plugins/com.nxp.mcuxpresso.tools.linux_10.3.0.201811011841/tools/bin/../lib/gcc/arm-none-eabi/7.3.1/../../../../arm-none-eabi/lib/thumb/v6-m/libc_nano.a(lib_a-findfp.o)
                0x0000000000002c08                __sfp
 .text._malloc_r
                0x0000000000002c84       0xbc /usr/local/mcuxpressoide-10.3.1_2233/ide/plugins/com.nxp.mcuxpresso.tools.linux_10.3.0.201811011841/tools/bin/../lib/gcc/arm-none-eabi/7.3.1/../../../../arm-none-eabi/lib/thumb/v6-m/libc_nano.a(lib_a-nano-mallocr.o)
                0x0000000000002c84                _malloc_r
 .text._vfprintf_r
                0x0000000000002d40      0x22c /usr/local/mcuxpressoide-10.3.1_2233/ide/plugins/com.nxp.mcuxpresso.tools.linux_10.3.0.201811011841/tools/bin/../lib/gcc/arm-none-eabi/7.3.1/../../../../arm-none-eabi/lib/thumb/v6-m/libc_nano.a(lib_a-nano-vfprintf.o)
                0x0000000000002d40                _vfiprintf_r
                0x0000000000002d40                _vfprintf_r
 .text._printf_i
                0x0000000000002f6c      0x210 /usr/local/mcuxpressoide-10.3.1_2233/ide/plugins/com.nxp.mcuxpresso.tools.linux_10.3.0.201811011841/tools/bin/../lib/gcc/arm-none-eabi/7.3.1/../../../../arm-none-eabi/lib/thumb/v6-m/libc_nano.a(lib_a-nano-vfprintf_i.o)
                0x0000000000002f6c                _printf_i
 .text._sbrk_r  0x000000000000317c       0x24 /usr/local/mcuxpressoide-10.3.1_2233/ide/plugins/com.nxp.mcuxpresso.tools.linux_10.3.0.201811011841/tools/bin/../lib/gcc/arm-none-eabi/7.3.1/../../../../arm-none-eabi/lib/thumb/v6-m/libc_nano.a(lib_a-sbrkr.o)
                0x000000000000317c                _sbrk_r
 .text.__sread  0x00000000000031a0       0x28 /usr/local/mcuxpressoide-10.3.1_2233/ide/plugins/com.nxp.mcuxpresso.tools.linux_10.3.0.201811011841/tools/bin/../lib/gcc/arm-none-eabi/7.3.1/../../../../arm-none-eabi/lib/thumb/v6-m/libc_nano.a(lib_a-stdio.o)
                0x00000000000031a0                __sread
 .text.__swrite
                0x00000000000031c8       0x38 /usr/local/mcuxpressoide-10.3.1_2233/ide/plugins/com.nxp.mcuxpresso.tools.linux_10.3.0.201811011841/tools/bin/../lib/gcc/arm-none-eabi/7.3.1/../../../../arm-none-eabi/lib/thumb/v6-m/libc_nano.a(lib_a-stdio.o)
                0x00000000000031c8                __swrite
 .text.__sseek  0x0000000000003200       0x2c /usr/local/mcuxpressoide-10.3.1_2233/ide/plugins/com.nxp.mcuxpresso.tools.linux_10.3.0.201811011841/tools/bin/../lib/gcc/arm-none-eabi/7.3.1/../../../../arm-none-eabi/lib/thumb/v6-m/libc_nano.a(lib_a-stdio.o)
                0x0000000000003200                __sseek
 .text.__swbuf_r
                0x000000000000322c       0xac /usr/local/mcuxpressoide-10.3.1_2233/ide/plugins/com.nxp.mcuxpresso.tools.linux_10.3.0.201811011841/tools/bin/../lib/gcc/arm-none-eabi/7.3.1/../../../../arm-none-eabi/lib/thumb/v6-m/libc_nano.a(lib_a-wbuf.o)
                0x000000000000322c                __swbuf_r
 .text._write_r
                0x00000000000032d8       0x28 /usr/local/mcuxpressoide-10.3.1_2233/ide/plugins/com.nxp.mcuxpresso.tools.linux_10.3.0.201811011841/tools/bin/../lib/gcc/arm-none-eabi/7.3.1/../../../../arm-none-eabi/lib/thumb/v6-m/libc_nano.a(lib_a-writer.o)
                0x00000000000032d8                _write_r
 .text.__swsetup_r
                0x0000000000003300       0xec /usr/local/mcuxpressoide-10.3.1_2233/ide/plugins/com.nxp.mcuxpresso.tools.linux_10.3.0.201811011841/tools/bin/../lib/gcc/arm-none-eabi/7.3.1/../../../../arm-none-eabi/lib/thumb/v6-m/libc_nano.a(lib_a-wsetup.o)
                0x0000000000003300                __swsetup_r
 .text._close_r
                0x00000000000033ec       0x24 /usr/local/mcuxpressoide-10.3.1_2233/ide/plugins/com.nxp.mcuxpresso.tools.linux_10.3.0.201811011841/tools/bin/../lib/gcc/arm-none-eabi/7.3.1/../../../../arm-none-eabi/lib/thumb/v6-m/libc_nano.a(lib_a-closer.o)
                0x00000000000033ec                _close_r
 .text.__sflush_r
                0x0000000000003410      0x114 /usr/local/mcuxpressoide-10.3.1_2233/ide/plugins/com.nxp.mcuxpresso.tools.linux_10.3.0.201811011841/tools/bin/../lib/gcc/arm-none-eabi/7.3.1/../../../../arm-none-eabi/lib/thumb/v6-m/libc_nano.a(lib_a-fflush.o)
                0x0000000000003410                __sflush_r
 .text._fflush_r
                0x0000000000003524       0x58 /usr/local/mcuxpressoide-10.3.1_2233/ide/plugins/com.nxp.mcuxpresso.tools.linux_10.3.0.201811011841/tools/bin/../lib/gcc/arm-none-eabi/7.3.1/../../../../arm-none-eabi/lib/thumb/v6-m/libc_nano.a(lib_a-fflush.o)
                0x0000000000003524                _fflush_r
 .text._lseek_r
                0x000000000000357c       0x28 /usr/local/mcuxpressoide-10.3.1_2233/ide/plugins/com.nxp.mcuxpresso.tools.linux_10.3.0.201811011841/tools/bin/../lib/gcc/arm-none-eabi/7.3.1/../../../../arm-none-eabi/lib/thumb/v6-m/libc_nano.a(lib_a-lseekr.o)
                0x000000000000357c                _lseek_r
 .text.__swhatbuf_r
                0x00000000000035a4       0x50 /usr/local/mcuxpressoide-10.3.1_2233/ide/plugins/com.nxp.mcuxpresso.tools.linux_10.3.0.201811011841/tools/bin/../lib/gcc/arm-none-eabi/7.3.1/../../../../arm-none-eabi/lib/thumb/v6-m/libc_nano.a(lib_a-makebuf.o)
                0x00000000000035a4                __swhatbuf_r
 .text.__smakebuf_r
                0x00000000000035f4       0x88 /usr/local/mcuxpressoide-10.3.1_2233/ide/plugins/com.nxp.mcuxpresso.tools.linux_10.3.0.201811011841/tools/bin/../lib/gcc/arm-none-eabi/7.3.1/../../../../arm-none-eabi/lib/thumb/v6-m/libc_nano.a(lib_a-makebuf.o)
                0x00000000000035f4                __smakebuf_r
 .text._free_r  0x000000000000367c       0x94 /usr/local/mcuxpressoide-10.3.1_2233/ide/plugins/com.nxp.mcuxpresso.tools.linux_10.3.0.201811011841/tools/bin/../lib/gcc/arm-none-eabi/7.3.1/../../../../arm-none-eabi/lib/thumb/v6-m/libc_nano.a(lib_a-nano-freer.o)
                0x000000000000367c                _free_r
 .text._read_r  0x0000000000003710       0x28 /usr/local/mcuxpressoide-10.3.1_2233/ide/plugins/com.nxp.mcuxpresso.tools.linux_10.3.0.201811011841/tools/bin/../lib/gcc/arm-none-eabi/7.3.1/../../../../arm-none-eabi/lib/thumb/v6-m/libc_nano.a(lib_a-readr.o)
                0x0000000000003710                _read_r
 .text._fstat_r
                0x0000000000003738       0x24 /usr/local/mcuxpressoide-10.3.1_2233/ide/plugins/com.nxp.mcuxpresso.tools.linux_10.3.0.201811011841/tools/bin/../lib/gcc/arm-none-eabi/7.3.1/../../../../arm-none-eabi/lib/thumb/v6-m/libc_nano.a(lib_a-fstatr.o)
                0x0000000000003738                _fstat_r
 .text._isatty_r
                0x000000000000375c       0x24 /usr/local/mcuxpressoide-10.3.1_2233/ide/plugins/com.nxp.mcuxpresso.tools.linux_10.3.0.201811011841/tools/bin/../lib/gcc/arm-none-eabi/7.3.1/../../../../arm-none-eabi/lib/thumb/v6-m/libc_nano.a(lib_a-isattyr.o)
                0x000000000000375c                _isatty_r
 .text._sbrk    0x0000000000003780       0x40 /usr/local/mcuxpressoide-10.3.1_2233/ide/plugins/com.nxp.mcuxpresso.tools.linux_10.3.0.201811011841/tools/bin/../lib/gcc/arm-none-eabi/7.3.1/../../../../arm-none-eabi/lib/thumb/v6-m/libcr_newlib_semihost.a(_cr_sbrk.o)
                0x0000000000003780                _sbrk
 .text._kill    0x00000000000037c0       0x24 /usr/local/mcuxpressoide-10.3.1_2233/ide/plugins/com.nxp.mcuxpresso.tools.linux_10.3.0.201811011841/tools/bin/../lib/gcc/arm-none-eabi/7.3.1/../../../../arm-none-eabi/lib/thumb/v6-m/libcr_newlib_semihost.a(_kill.o)
                0x00000000000037c0                _kill
 .text.initialise_monitor_handles.part.0
                0x00000000000037e4       0x9c /usr/local/mcuxpressoide-10.3.1_2233/ide/plugins/com.nxp.mcuxpresso.tools.linux_10.3.0.201811011841/tools/bin/../lib/gcc/arm-none-eabi/7.3.1/../../../../arm-none-eabi/lib/thumb/v6-m/libcr_newlib_semihost.a(syscalls.o)
 .text.findslot
                0x0000000000003880       0x30 /usr/local/mcuxpressoide-10.3.1_2233/ide/plugins/com.nxp.mcuxpresso.tools.linux_10.3.0.201811011841/tools/bin/../lib/gcc/arm-none-eabi/7.3.1/../../../../arm-none-eabi/lib/thumb/v6-m/libcr_newlib_semihost.a(syscalls.o)
 .text._close   0x00000000000038b0       0x4c /usr/local/mcuxpressoide-10.3.1_2233/ide/plugins/com.nxp.mcuxpresso.tools.linux_10.3.0.201811011841/tools/bin/../lib/gcc/arm-none-eabi/7.3.1/../../../../arm-none-eabi/lib/thumb/v6-m/libcr_newlib_semihost.a(syscalls.o)
                0x00000000000038b0                _close
 .text.__check_heap_overflow
                0x00000000000038fc       0x14 /usr/local/mcuxpressoide-10.3.1_2233/ide/plugins/com.nxp.mcuxpresso.tools.linux_10.3.0.201811011841/tools/bin/../lib/gcc/arm-none-eabi/7.3.1/../../../../arm-none-eabi/lib/thumb/v6-m/libcr_newlib_semihost.a(_cr_check_heap.o)
                0x00000000000038fc                __check_heap_overflow
 .text          0x0000000000003910       0x48 /usr/local/mcuxpressoide-10.3.1_2233/ide/plugins/com.nxp.mcuxpresso.tools.linux_10.3.0.201811011841/tools/bin/../lib/gcc/arm-none-eabi/7.3.1/thumb/v6-m/crtbegin.o
 .text.__errno  0x0000000000003958        0xc /usr/local/mcuxpressoide-10.3.1_2233/ide/plugins/com.nxp.mcuxpresso.tools.linux_10.3.0.201811011841/tools/bin/../lib/gcc/arm-none-eabi/7.3.1/../../../../arm-none-eabi/lib/thumb/v6-m/libc_nano.a(lib_a-errno.o)
                0x0000000000003958                __errno
 .text.UART_EnableTx
                0x0000000000003964       0x40 ./utilities/fsl_debug_console.o
 .text.UART_EnableRx
                0x00000000000039a4       0x40 ./utilities/fsl_debug_console.o
 .text.LPSCI_EnableTx
                0x00000000000039e4       0x40 ./utilities/fsl_debug_console.o
 .text.LPSCI_EnableRx
                0x0000000000003a24       0x40 ./utilities/fsl_debug_console.o
 .text          0x0000000000003a64       0xf4 ./source/GPIO.o
                0x0000000000003a64                GPIO::GPIO(GPIO_Type*, unsigned long)
                0x0000000000003a64                GPIO::GPIO(GPIO_Type*, unsigned long)
                0x0000000000003a86                GPIO::setDirection(gpio_direction_t)
                0x0000000000003ade                GPIO::setValue(gpio_value_t)
                0x0000000000003b32                GPIO::getValue()
 .text.vListInsertEnd
                0x0000000000003b58       0x44 ./freertos/list.o
                0x0000000000003b58                vListInsertEnd
 .text.uxListRemove
                0x0000000000003b9c       0x50 ./freertos/list.o
                0x0000000000003b9c                uxListRemove
 .text.SVC_Handler
                0x0000000000003bec        0xa ./freertos/port.o
                0x0000000000003bec                SVC_Handler
 .text.ulSetInterruptMaskFromISR
                0x0000000000003bf6        0xc ./freertos/port.o
                0x0000000000003bf6                ulSetInterruptMaskFromISR
 .text.vClearInterruptMaskFromISR
                0x0000000000003c02        0x8 ./freertos/port.o
                0x0000000000003c02                vClearInterruptMaskFromISR
 .text.OSC_SetExtRefClkConfig
                0x0000000000003c0a       0x3e ./drivers/fsl_clock.o
 .text.OSC_SetCapLoad
                0x0000000000003c48       0x42 ./drivers/fsl_clock.o
 .text.CLOCK_GetPll0RefFreq
                0x0000000000003c8a       0x10 ./drivers/fsl_clock.o
 .text.CLOCK_SetExternalRefClkConfig
                0x0000000000003c9a       0x16 ./drivers/fsl_clock.o
                0x0000000000003c9a                CLOCK_SetExternalRefClkConfig
 .text.LPSCI_GetStatusFlags
                0x0000000000003cb0       0x26 ./drivers/fsl_lpsci.o
                0x0000000000003cb0                LPSCI_GetStatusFlags
 .text.UART_GetStatusFlags
                0x0000000000003cd6       0x26 ./drivers/fsl_uart.o
                0x0000000000003cd6                UART_GetStatusFlags
 .text.UART_WriteBlocking
                0x0000000000003cfc       0x3a ./drivers/fsl_uart.o
                0x0000000000003cfc                UART_WriteBlocking
 .text.BOARD_InitBootClocks
                0x0000000000003d36        0xe ./board/clock_config.o
                0x0000000000003d36                BOARD_InitBootClocks
 .text.BOARD_InitBootPeripherals
                0x0000000000003d44        0xa ./board/peripherals.o
                0x0000000000003d44                BOARD_InitBootPeripherals
 .text.BOARD_InitBootPins
                0x0000000000003d4e        0xe ./board/pin_mux.o
                0x0000000000003d4e                BOARD_InitBootPins
 .text.abort    0x0000000000003d5c        0xe /usr/local/mcuxpressoide-10.3.1_2233/ide/plugins/com.nxp.mcuxpresso.tools.linux_10.3.0.201811011841/tools/bin/../lib/gcc/arm-none-eabi/7.3.1/../../../../arm-none-eabi/lib/thumb/v6-m/libc_nano.a(lib_a-abort.o)
                0x0000000000003d5c                abort
 .text.memcpy   0x0000000000003d6a       0x12 /usr/local/mcuxpressoide-10.3.1_2233/ide/plugins/com.nxp.mcuxpresso.tools.linux_10.3.0.201811011841/tools/bin/../lib/gcc/arm-none-eabi/7.3.1/../../../../arm-none-eabi/lib/thumb/v6-m/libc_nano.a(lib_a-memcpy-stub.o)
                0x0000000000003d6a                memcpy
 .text.memset   0x0000000000003d7c       0x10 /usr/local/mcuxpressoide-10.3.1_2233/ide/plugins/com.nxp.mcuxpresso.tools.linux_10.3.0.201811011841/tools/bin/../lib/gcc/arm-none-eabi/7.3.1/../../../../arm-none-eabi/lib/thumb/v6-m/libc_nano.a(lib_a-memset.o)
                0x0000000000003d7c                memset
 .text._raise_r
                0x0000000000003d8c       0x54 /usr/local/mcuxpressoide-10.3.1_2233/ide/plugins/com.nxp.mcuxpresso.tools.linux_10.3.0.201811011841/tools/bin/../lib/gcc/arm-none-eabi/7.3.1/../../../../arm-none-eabi/lib/thumb/v6-m/libc_nano.a(lib_a-signal.o)
                0x0000000000003d8c                _raise_r
 .text._getpid_r
                0x0000000000003de0        0x8 /usr/local/mcuxpressoide-10.3.1_2233/ide/plugins/com.nxp.mcuxpresso.tools.linux_10.3.0.201811011841/tools/bin/../lib/gcc/arm-none-eabi/7.3.1/../../../../arm-none-eabi/lib/thumb/v6-m/libc_nano.a(lib_a-signalr.o)
                0x0000000000003de0                _getpid_r
 .text.__sfmoreglue
                0x0000000000003de8       0x2c /usr/local/mcuxpressoide-10.3.1_2233/ide/plugins/com.nxp.mcuxpresso.tools.linux_10.3.0.201811011841/tools/bin/../lib/gcc/arm-none-eabi/7.3.1/../../../../arm-none-eabi/lib/thumb/v6-m/libc_nano.a(lib_a-findfp.o)
                0x0000000000003de8                __sfmoreglue
 .text._fwalk_reent
                0x0000000000003e14       0x42 /usr/local/mcuxpressoide-10.3.1_2233/ide/plugins/com.nxp.mcuxpresso.tools.linux_10.3.0.201811011841/tools/bin/../lib/gcc/arm-none-eabi/7.3.1/../../../../arm-none-eabi/lib/thumb/v6-m/libc_nano.a(lib_a-fwalk.o)
                0x0000000000003e14                _fwalk_reent
 .text.__sfputc_r
                0x0000000000003e56       0x2a /usr/local/mcuxpressoide-10.3.1_2233/ide/plugins/com.nxp.mcuxpresso.tools.linux_10.3.0.201811011841/tools/bin/../lib/gcc/arm-none-eabi/7.3.1/../../../../arm-none-eabi/lib/thumb/v6-m/libc_nano.a(lib_a-nano-vfprintf.o)
 .text.__sfputs_r
                0x0000000000003e80       0x24 /usr/local/mcuxpressoide-10.3.1_2233/ide/plugins/com.nxp.mcuxpresso.tools.linux_10.3.0.201811011841/tools/bin/../lib/gcc/arm-none-eabi/7.3.1/../../../../arm-none-eabi/lib/thumb/v6-m/libc_nano.a(lib_a-nano-vfprintf.o)
                0x0000000000003e80                __sfputs_r
 .text._printf_common
                0x0000000000003ea4       0xda /usr/local/mcuxpressoide-10.3.1_2233/ide/plugins/com.nxp.mcuxpresso.tools.linux_10.3.0.201811011841/tools/bin/../lib/gcc/arm-none-eabi/7.3.1/../../../../arm-none-eabi/lib/thumb/v6-m/libc_nano.a(lib_a-nano-vfprintf_i.o)
                0x0000000000003ea4                _printf_common
 .text.__sclose
                0x0000000000003f7e        0xc /usr/local/mcuxpressoide-10.3.1_2233/ide/plugins/com.nxp.mcuxpresso.tools.linux_10.3.0.201811011841/tools/bin/../lib/gcc/arm-none-eabi/7.3.1/../../../../arm-none-eabi/lib/thumb/v6-m/libc_nano.a(lib_a-stdio.o)
                0x0000000000003f7e                __sclose
 .text.memchr   0x0000000000003f8a       0x16 /usr/local/mcuxpressoide-10.3.1_2233/ide/plugins/com.nxp.mcuxpresso.tools.linux_10.3.0.201811011841/tools/bin/../lib/gcc/arm-none-eabi/7.3.1/../../../../arm-none-eabi/lib/thumb/v6-m/libc_nano.a(lib_a-memchr-stub.o)
                0x0000000000003f8a                memchr
 .text.__malloc_lock
                0x0000000000003fa0        0x2 /usr/local/mcuxpressoide-10.3.1_2233/ide/plugins/com.nxp.mcuxpresso.tools.linux_10.3.0.201811011841/tools/bin/../lib/gcc/arm-none-eabi/7.3.1/../../../../arm-none-eabi/lib/thumb/v6-m/libc_nano.a(lib_a-mlock.o)
                0x0000000000003fa0                __malloc_lock
 .text.__malloc_unlock
                0x0000000000003fa2        0x2 /usr/local/mcuxpressoide-10.3.1_2233/ide/plugins/com.nxp.mcuxpresso.tools.linux_10.3.0.201811011841/tools/bin/../lib/gcc/arm-none-eabi/7.3.1/../../../../arm-none-eabi/lib/thumb/v6-m/libc_nano.a(lib_a-mlock.o)
                0x0000000000003fa2                __malloc_unlock
 .text._exit    0x0000000000003fa4        0xc /usr/local/mcuxpressoide-10.3.1_2233/ide/plugins/com.nxp.mcuxpresso.tools.linux_10.3.0.201811011841/tools/bin/../lib/gcc/arm-none-eabi/7.3.1/../../../../arm-none-eabi/lib/thumb/v6-m/libcr_newlib_semihost.a(_exit.o)
                0x0000000000003fa4                _exit
 .text.error    0x0000000000003fb0       0x1c /usr/local/mcuxpressoide-10.3.1_2233/ide/plugins/com.nxp.mcuxpresso.tools.linux_10.3.0.201811011841/tools/bin/../lib/gcc/arm-none-eabi/7.3.1/../../../../arm-none-eabi/lib/thumb/v6-m/libcr_newlib_semihost.a(syscalls.o)
 .text.checkerror
                0x0000000000003fcc       0x20 /usr/local/mcuxpressoide-10.3.1_2233/ide/plugins/com.nxp.mcuxpresso.tools.linux_10.3.0.201811011841/tools/bin/../lib/gcc/arm-none-eabi/7.3.1/../../../../arm-none-eabi/lib/thumb/v6-m/libcr_newlib_semihost.a(syscalls.o)
 .text._swiread
                0x0000000000003fec       0x20 /usr/local/mcuxpressoide-10.3.1_2233/ide/plugins/com.nxp.mcuxpresso.tools.linux_10.3.0.201811011841/tools/bin/../lib/gcc/arm-none-eabi/7.3.1/../../../../arm-none-eabi/lib/thumb/v6-m/libcr_newlib_semihost.a(syscalls.o)
                0x0000000000003fec                _swiread
 .text._read    0x000000000000400c       0x34 /usr/local/mcuxpressoide-10.3.1_2233/ide/plugins/com.nxp.mcuxpresso.tools.linux_10.3.0.201811011841/tools/bin/../lib/gcc/arm-none-eabi/7.3.1/../../../../arm-none-eabi/lib/thumb/v6-m/libcr_newlib_semihost.a(syscalls.o)
                0x000000000000400c                _read
 .text._swilseek
                0x0000000000004040       0x76 /usr/local/mcuxpressoide-10.3.1_2233/ide/plugins/com.nxp.mcuxpresso.tools.linux_10.3.0.201811011841/tools/bin/../lib/gcc/arm-none-eabi/7.3.1/../../../../arm-none-eabi/lib/thumb/v6-m/libcr_newlib_semihost.a(syscalls.o)
                0x0000000000004040                _swilseek
 .text._lseek   0x00000000000040b6        0x8 /usr/local/mcuxpressoide-10.3.1_2233/ide/plugins/com.nxp.mcuxpresso.tools.linux_10.3.0.201811011841/tools/bin/../lib/gcc/arm-none-eabi/7.3.1/../../../../arm-none-eabi/lib/thumb/v6-m/libcr_newlib_semihost.a(syscalls.o)
                0x00000000000040b6                _lseek
 .text._swiwrite
                0x00000000000040be       0x20 /usr/local/mcuxpressoide-10.3.1_2233/ide/plugins/com.nxp.mcuxpresso.tools.linux_10.3.0.201811011841/tools/bin/../lib/gcc/arm-none-eabi/7.3.1/../../../../arm-none-eabi/lib/thumb/v6-m/libcr_newlib_semihost.a(syscalls.o)
                0x00000000000040be                _swiwrite
 .text._write   0x00000000000040de       0x3e /usr/local/mcuxpressoide-10.3.1_2233/ide/plugins/com.nxp.mcuxpresso.tools.linux_10.3.0.201811011841/tools/bin/../lib/gcc/arm-none-eabi/7.3.1/../../../../arm-none-eabi/lib/thumb/v6-m/libcr_newlib_semihost.a(syscalls.o)
                0x00000000000040de                _write
 .text._swiclose
                0x000000000000411c       0x18 /usr/local/mcuxpressoide-10.3.1_2233/ide/plugins/com.nxp.mcuxpresso.tools.linux_10.3.0.201811011841/tools/bin/../lib/gcc/arm-none-eabi/7.3.1/../../../../arm-none-eabi/lib/thumb/v6-m/libcr_newlib_semihost.a(syscalls.o)
                0x000000000000411c                _swiclose
 .text._getpid  0x0000000000004134        0x4 /usr/local/mcuxpressoide-10.3.1_2233/ide/plugins/com.nxp.mcuxpresso.tools.linux_10.3.0.201811011841/tools/bin/../lib/gcc/arm-none-eabi/7.3.1/../../../../arm-none-eabi/lib/thumb/v6-m/libcr_newlib_semihost.a(syscalls.o)
                0x0000000000004134                _getpid
 .text._swistat
                0x0000000000004138       0x44 /usr/local/mcuxpressoide-10.3.1_2233/ide/plugins/com.nxp.mcuxpresso.tools.linux_10.3.0.201811011841/tools/bin/../lib/gcc/arm-none-eabi/7.3.1/../../../../arm-none-eabi/lib/thumb/v6-m/libcr_newlib_semihost.a(syscalls.o)
                0x0000000000004138                _swistat
 .text._fstat   0x000000000000417c       0x1a /usr/local/mcuxpressoide-10.3.1_2233/ide/plugins/com.nxp.mcuxpresso.tools.linux_10.3.0.201811011841/tools/bin/../lib/gcc/arm-none-eabi/7.3.1/../../../../arm-none-eabi/lib/thumb/v6-m/libcr_newlib_semihost.a(syscalls.o)
                0x000000000000417c                _fstat
 .text._isatty  0x0000000000004196       0x28 /usr/local/mcuxpressoide-10.3.1_2233/ide/plugins/com.nxp.mcuxpresso.tools.linux_10.3.0.201811011841/tools/bin/../lib/gcc/arm-none-eabi/7.3.1/../../../../arm-none-eabi/lib/thumb/v6-m/libcr_newlib_semihost.a(syscalls.o)
                0x0000000000004196                _isatty
 *(SORT_BY_ALIGNMENT(.rodata) SORT_BY_ALIGNMENT(.rodata.*) SORT_BY_ALIGNMENT(.constdata) SORT_BY_ALIGNMENT(.constdata.*))
 *fill*         0x00000000000041be        0x2 ff
 .rodata        0x00000000000041c0       0x47 ./drivers/fsl_clock.o
 *fill*         0x0000000000004207        0x1 ff
 .rodata.__func__.5287
                0x0000000000004208       0x17 ./drivers/fsl_clock.o
 *fill*         0x000000000000421f        0x1 ff
 .rodata.fllFactorTable.5393
                0x0000000000004220       0x10 ./drivers/fsl_clock.o
 .rodata.__func__.5408
                0x0000000000004230       0x12 ./drivers/fsl_clock.o
 *fill*         0x0000000000004242        0x2 ff
 .rodata.__func__.5448
                0x0000000000004244       0x11 ./drivers/fsl_clock.o
 *fill*         0x0000000000004255        0x3 ff
 .rodata.__func__.5585
                0x0000000000004258       0x11 ./drivers/fsl_clock.o
 *fill*         0x0000000000004269        0x3 ff
 .rodata.__func__.5652
                0x000000000000426c       0x14 ./drivers/fsl_clock.o
 .rodata        0x0000000000004280       0x3e ./drivers/fsl_common.o
 *fill*         0x00000000000042be        0x2 ff
 .rodata        0x00000000000042c0       0xb2 ./drivers/fsl_lpsci.o
 *fill*         0x0000000000004372        0x2 ff
 .rodata.__func__.5468
                0x0000000000004374       0x12 ./drivers/fsl_lpsci.o
 *fill*         0x0000000000004386        0x2 ff
 .rodata.__func__.5504
                0x0000000000004388        0xb ./drivers/fsl_lpsci.o
 *fill*         0x0000000000004393        0x1 ff
 .rodata.__func__.5525
                0x0000000000004394       0x17 ./drivers/fsl_lpsci.o
 *fill*         0x00000000000043ab        0x1 ff
 .rodata.__func__.5570
                0x00000000000043ac       0x14 ./drivers/fsl_lpsci.o
 .rodata.__func__.5582
                0x00000000000043c0       0x13 ./drivers/fsl_lpsci.o
 *fill*         0x00000000000043d3        0x1 ff
 .rodata.s_uartBases
                0x00000000000043d4        0xc ./drivers/fsl_uart.o
 .rodata.s_uartClock
                0x00000000000043e0        0xc ./drivers/fsl_uart.o
 .rodata        0x00000000000043ec       0xaa ./drivers/fsl_uart.o
 *fill*         0x0000000000004496        0x2 ff
 .rodata.__func__.5471
                0x0000000000004498       0x11 ./drivers/fsl_uart.o
 *fill*         0x00000000000044a9        0x3 ff
 .rodata.__func__.5487
                0x00000000000044ac        0xa ./drivers/fsl_uart.o
 *fill*         0x00000000000044b6        0x2 ff
 .rodata.__func__.5500
                0x00000000000044b8       0x16 ./drivers/fsl_uart.o
 *fill*         0x00000000000044ce        0x2 ff
 .rodata.__func__.5558
                0x00000000000044d0       0x12 ./drivers/fsl_uart.o
 *fill*         0x00000000000044e2        0x2 ff
 .rodata.mcgConfig_BOARD_BootClockRUN
                0x00000000000044e4        0xa ./board/clock_config.o
                0x00000000000044e4                mcgConfig_BOARD_BootClockRUN
 *fill*         0x00000000000044ee        0x2 ff
 .rodata.simConfig_BOARD_BootClockRUN
                0x00000000000044f0        0x8 ./board/clock_config.o
                0x00000000000044f0                simConfig_BOARD_BootClockRUN
 .rodata.oscConfig_BOARD_BootClockRUN
                0x00000000000044f8        0x8 ./board/clock_config.o
                0x00000000000044f8                oscConfig_BOARD_BootClockRUN
 .rodata.__sf_fake_stderr
                0x0000000000004500       0x20 /usr/local/mcuxpressoide-10.3.1_2233/ide/plugins/com.nxp.mcuxpresso.tools.linux_10.3.0.201811011841/tools/bin/../lib/gcc/arm-none-eabi/7.3.1/../../../../arm-none-eabi/lib/thumb/v6-m/libc_nano.a(lib_a-findfp.o)
                0x0000000000004500                __sf_fake_stderr
 .rodata.__sf_fake_stdin
                0x0000000000004520       0x20 /usr/local/mcuxpressoide-10.3.1_2233/ide/plugins/com.nxp.mcuxpresso.tools.linux_10.3.0.201811011841/tools/bin/../lib/gcc/arm-none-eabi/7.3.1/../../../../arm-none-eabi/lib/thumb/v6-m/libc_nano.a(lib_a-findfp.o)
                0x0000000000004520                __sf_fake_stdin
 .rodata.__sf_fake_stdout
                0x0000000000004540       0x20 /usr/local/mcuxpressoide-10.3.1_2233/ide/plugins/com.nxp.mcuxpresso.tools.linux_10.3.0.201811011841/tools/bin/../lib/gcc/arm-none-eabi/7.3.1/../../../../arm-none-eabi/lib/thumb/v6-m/libc_nano.a(lib_a-findfp.o)
                0x0000000000004540                __sf_fake_stdout
 .rodata._global_impure_ptr
                0x0000000000004560        0x4 /usr/local/mcuxpressoide-10.3.1_2233/ide/plugins/com.nxp.mcuxpresso.tools.linux_10.3.0.201811011841/tools/bin/../lib/gcc/arm-none-eabi/7.3.1/../../../../arm-none-eabi/lib/thumb/v6-m/libc_nano.a(lib_a-impure.o)
                0x0000000000004560                _global_impure_ptr
 .rodata._vfprintf_r.str1.1
                0x0000000000004564       0x11 /usr/local/mcuxpressoide-10.3.1_2233/ide/plugins/com.nxp.mcuxpresso.tools.linux_10.3.0.201811011841/tools/bin/../lib/gcc/arm-none-eabi/7.3.1/../../../../arm-none-eabi/lib/thumb/v6-m/libc_nano.a(lib_a-nano-vfprintf.o)
 .rodata._printf_i.str1.1
                0x0000000000004575       0x22 /usr/local/mcuxpressoide-10.3.1_2233/ide/plugins/com.nxp.mcuxpresso.tools.linux_10.3.0.201811011841/tools/bin/../lib/gcc/arm-none-eabi/7.3.1/../../../../arm-none-eabi/lib/thumb/v6-m/libc_nano.a(lib_a-nano-vfprintf_i.o)
 .rodata.initialise_monitor_handles.part.0.str1.1
                0x0000000000004597        0x4 /usr/local/mcuxpressoide-10.3.1_2233/ide/plugins/com.nxp.mcuxpresso.tools.linux_10.3.0.201811011841/tools/bin/../lib/gcc/arm-none-eabi/7.3.1/../../../../arm-none-eabi/lib/thumb/v6-m/libcr_newlib_semihost.a(syscalls.o)
                0x000000000000459c                . = ALIGN (0x4)
 *fill*         0x000000000000459b        0x1 ff
                0x000000000000459c                . = ALIGN (0x4)
 *(SORT_BY_ALIGNMENT(.init))
 .init          0x000000000000459c        0x4 /usr/local/mcuxpressoide-10.3.1_2233/ide/plugins/com.nxp.mcuxpresso.tools.linux_10.3.0.201811011841/tools/bin/../lib/gcc/arm-none-eabi/7.3.1/thumb/v6-m/crti.o
                0x000000000000459c                _init
 .init          0x00000000000045a0        0x8 /usr/local/mcuxpressoide-10.3.1_2233/ide/plugins/com.nxp.mcuxpresso.tools.linux_10.3.0.201811011841/tools/bin/../lib/gcc/arm-none-eabi/7.3.1/thumb/v6-m/crtn.o
                0x00000000000045a8                . = ALIGN (0x4)
                0x00000000000045a8                __preinit_array_start = .
 *(SORT_BY_ALIGNMENT(.preinit_array))
                0x00000000000045a8                __preinit_array_end = .
                0x00000000000045a8                . = ALIGN (0x4)
                0x00000000000045a8                __init_array_start = .
 *(SORT_BY_NAME(SORT_BY_ALIGNMENT(.init_array.*)))
 *(SORT_BY_ALIGNMENT(.init_array))
 .init_array    0x00000000000045a8        0x4 /usr/local/mcuxpressoide-10.3.1_2233/ide/plugins/com.nxp.mcuxpresso.tools.linux_10.3.0.201811011841/tools/bin/../lib/gcc/arm-none-eabi/7.3.1/thumb/v6-m/crtbegin.o
                0x00000000000045ac                __init_array_end = .
 *(SORT_BY_ALIGNMENT(.fini))
 .fini          0x00000000000045ac        0x4 /usr/local/mcuxpressoide-10.3.1_2233/ide/plugins/com.nxp.mcuxpresso.tools.linux_10.3.0.201811011841/tools/bin/../lib/gcc/arm-none-eabi/7.3.1/thumb/v6-m/crti.o
                0x00000000000045ac                _fini
 .fini          0x00000000000045b0        0x8 /usr/local/mcuxpressoide-10.3.1_2233/ide/plugins/com.nxp.mcuxpresso.tools.linux_10.3.0.201811011841/tools/bin/../lib/gcc/arm-none-eabi/7.3.1/thumb/v6-m/crtn.o
                0x00000000000045b8                . = ALIGN (0x4)
 *crtbegin.o(SORT_BY_ALIGNMENT(.ctors))
 *(SORT_BY_ALIGNMENT(EXCLUDE_FILE(*crtend.o) .ctors))
 *(SORT_BY_NAME(SORT_BY_ALIGNMENT(.ctors.*)))
 *crtend.o(SORT_BY_ALIGNMENT(.ctors))
                0x00000000000045b8                . = ALIGN (0x4)
 *crtbegin.o(SORT_BY_ALIGNMENT(.dtors))
 *(SORT_BY_ALIGNMENT(EXCLUDE_FILE(*crtend.o) .dtors))
 *(SORT_BY_NAME(SORT_BY_ALIGNMENT(.dtors.*)))
 *crtend.o(SORT_BY_ALIGNMENT(.dtors))
                0x00000000000045b8                . = ALIGN (0x4)

.glue_7         0x00000000000045b8        0x0
 .glue_7        0x00000000000045b8        0x0 linker stubs

.glue_7t        0x00000000000045b8        0x0
 .glue_7t       0x00000000000045b8        0x0 linker stubs

.vfp11_veneer   0x00000000000045b8        0x0
 .vfp11_veneer  0x00000000000045b8        0x0 linker stubs

.v4_bx          0x00000000000045b8        0x0
 .v4_bx         0x00000000000045b8        0x0 linker stubs

.iplt           0x00000000000045b8        0x0
 .iplt          0x00000000000045b8        0x0 ./utilities/fsl_debug_console.o

.ARM.extab      0x00000000000045b8       0x3c
 *(SORT_BY_ALIGNMENT(.ARM.extab*) SORT_BY_ALIGNMENT(.gnu.linkonce.armextab.*))
 .ARM.extab     0x00000000000045b8        0xc ./source/main.o
 .ARM.extab     0x00000000000045c4       0x24 /usr/local/mcuxpressoide-10.3.1_2233/ide/plugins/com.nxp.mcuxpresso.tools.linux_10.3.0.201811011841/tools/bin/../lib/gcc/arm-none-eabi/7.3.1/thumb/v6-m/libgcc.a(unwind-arm.o)
 .ARM.extab     0x00000000000045e8        0xc /usr/local/mcuxpressoide-10.3.1_2233/ide/plugins/com.nxp.mcuxpresso.tools.linux_10.3.0.201811011841/tools/bin/../lib/gcc/arm-none-eabi/7.3.1/thumb/v6-m/libgcc.a(pr-support.o)
                0x00000000000045f4                __exidx_start = .

.eh_frame       0x00000000000045f4        0x0
 .eh_frame      0x00000000000045f4        0x0 /usr/local/mcuxpressoide-10.3.1_2233/ide/plugins/com.nxp.mcuxpresso.tools.linux_10.3.0.201811011841/tools/bin/../lib/gcc/arm-none-eabi/7.3.1/thumb/v6-m/crtbegin.o

.ARM.exidx      0x00000000000045f4       0xf0
 *(SORT_BY_ALIGNMENT(.ARM.exidx*) SORT_BY_ALIGNMENT(.gnu.linkonce.armexidx.*))
 .ARM.exidx.after_vectors.init_data
                0x00000000000045fc        0x8 ./startup/startup_mkl25z4.o
 .ARM.exidx.after_vectors.init_bss
                0x0000000000004604        0x0 ./startup/startup_mkl25z4.o
                                          0x8 (size before relaxing)
 .ARM.exidx.after_vectors.reset
                0x00000000000045f4        0x8 ./startup/startup_mkl25z4.o
 .ARM.exidx.after_vectors
                0x0000000000004604       0x10 ./startup/startup_mkl25z4.o
                                        0x130 (size before relaxing)
 .ARM.exidx     0x00000000000046e4        0x0 ./source/GPIO.o
                                         0x20 (size before relaxing)
 .ARM.exidx     0x0000000000004614       0x10 ./source/main.o
                                          0x8 (size before relaxing)
 .ARM.exidx     0x0000000000004624       0x90 /usr/local/mcuxpressoide-10.3.1_2233/ide/plugins/com.nxp.mcuxpresso.tools.linux_10.3.0.201811011841/tools/bin/../lib/gcc/arm-none-eabi/7.3.1/thumb/v6-m/libgcc.a(unwind-arm.o)
                                         0xd8 (size before relaxing)
 .ARM.exidx     0x00000000000046b4       0x30 /usr/local/mcuxpressoide-10.3.1_2233/ide/plugins/com.nxp.mcuxpresso.tools.linux_10.3.0.201811011841/tools/bin/../lib/gcc/arm-none-eabi/7.3.1/thumb/v6-m/libgcc.a(pr-support.o)
                                         0x48 (size before relaxing)
                0x00000000000046e4                __exidx_end = .
                0x00000000000046e4                _etext = .

.rel.dyn        0x00000000000046e4        0x0
 .rel.iplt      0x00000000000046e4        0x0 ./utilities/fsl_debug_console.o

.m_usb_data
 *(SORT_BY_ALIGNMENT(m_usb_bdt))

.mtb_buffer_default
                0x000000001ffff000       0x80
 *(SORT_BY_ALIGNMENT(.mtb*))
 .mtb.$RAM1     0x000000001ffff000       0x80 ./source/mtb.o
                0x000000001ffff000                __mtb_buffer__

.uninit_RESERVED
                0x000000001ffff080        0x0
 *(SORT_BY_ALIGNMENT(.bss.$RESERVED*))
                0x000000001ffff080                . = ALIGN (0x4)
                0x000000001ffff080                _end_uninit_RESERVED = .

.data           0x000000001ffff080       0x6c load address 0x00000000000046e4
 FILL mask 0xff
                0x000000001ffff080                _data = .
 *(SORT_BY_ALIGNMENT(vtable))
 *(SORT_BY_ALIGNMENT(.ramfunc*))
 *(SORT_BY_ALIGNMENT(.data*))
 .data.s_slowIrcFreq
                0x000000001ffff080        0x4 ./drivers/fsl_clock.o
 .data.SystemCoreClock
                0x000000001ffff084        0x4 ./CMSIS/system_MKL25Z4.o
                0x000000001ffff084                SystemCoreClock
 .data._impure_ptr
                0x000000001ffff088        0x4 /usr/local/mcuxpressoide-10.3.1_2233/ide/plugins/com.nxp.mcuxpresso.tools.linux_10.3.0.201811011841/tools/bin/../lib/gcc/arm-none-eabi/7.3.1/../../../../arm-none-eabi/lib/thumb/v6-m/libc_nano.a(lib_a-impure.o)
                0x000000001ffff088                _impure_ptr
 .data.impure_data
                0x000000001ffff08c       0x60 /usr/local/mcuxpressoide-10.3.1_2233/ide/plugins/com.nxp.mcuxpresso.tools.linux_10.3.0.201811011841/tools/bin/../lib/gcc/arm-none-eabi/7.3.1/../../../../arm-none-eabi/lib/thumb/v6-m/libc_nano.a(lib_a-impure.o)
                0x000000001ffff0ec                . = ALIGN (0x4)
                0x000000001ffff0ec                _edata = .

.igot.plt       0x000000001ffff0ec        0x0 load address 0x0000000000004750
 .igot.plt      0x000000001ffff0ec        0x0 ./utilities/fsl_debug_console.o

.bss            0x000000001ffff0ec      0x11c load address 0x0000000000004750
                0x000000001ffff0ec                _bss = .
 *(SORT_BY_ALIGNMENT(.bss*))
 .bss.s_debugConsole
                0x000000001ffff0ec       0x10 ./utilities/fsl_debug_console.o
 .bss.pxCurrentTCB
                0x000000001ffff0fc        0x4 ./freertos/tasks.o
                0x000000001ffff0fc                pxCurrentTCB
 .bss.pxReadyTasksLists
                0x000000001ffff100       0x64 ./freertos/tasks.o
 .bss.pxDelayedTaskList
                0x000000001ffff164        0x4 ./freertos/tasks.o
 .bss.pxOverflowDelayedTaskList
                0x000000001ffff168        0x4 ./freertos/tasks.o
 .bss.xTickCount
                0x000000001ffff16c        0x4 ./freertos/tasks.o
 .bss.uxTopReadyPriority
                0x000000001ffff170        0x4 ./freertos/tasks.o
 .bss.uxPendedTicks
                0x000000001ffff174        0x4 ./freertos/tasks.o
 .bss.xYieldPending
                0x000000001ffff178        0x4 ./freertos/tasks.o
 .bss.xNumOfOverflows
                0x000000001ffff17c        0x4 ./freertos/tasks.o
 .bss.xNextTaskUnblockTime
                0x000000001ffff180        0x4 ./freertos/tasks.o
 .bss.uxSchedulerSuspended
                0x000000001ffff184        0x4 ./freertos/tasks.o
 .bss.g_xtal0Freq
                0x000000001ffff188        0x4 ./drivers/fsl_clock.o
                0x000000001ffff188                g_xtal0Freq
 .bss.s_lpsciHandle
                0x000000001ffff18c        0x4 ./drivers/fsl_lpsci.o
 .bss.s_lpsciIsr
                0x000000001ffff190        0x4 ./drivers/fsl_lpsci.o
 .bss.s_uartHandle
                0x000000001ffff194        0xc ./drivers/fsl_uart.o
 .bss.s_uartIsr
                0x000000001ffff1a0        0x4 ./drivers/fsl_uart.o
 .bss.__malloc_free_list
                0x000000001ffff1a4        0x4 /usr/local/mcuxpressoide-10.3.1_2233/ide/plugins/com.nxp.mcuxpresso.tools.linux_10.3.0.201811011841/tools/bin/../lib/gcc/arm-none-eabi/7.3.1/../../../../arm-none-eabi/lib/thumb/v6-m/libc_nano.a(lib_a-nano-mallocr.o)
                0x000000001ffff1a4                __malloc_free_list
 .bss.__malloc_sbrk_start
                0x000000001ffff1a8        0x4 /usr/local/mcuxpressoide-10.3.1_2233/ide/plugins/com.nxp.mcuxpresso.tools.linux_10.3.0.201811011841/tools/bin/../lib/gcc/arm-none-eabi/7.3.1/../../../../arm-none-eabi/lib/thumb/v6-m/libc_nano.a(lib_a-nano-mallocr.o)
                0x000000001ffff1a8                __malloc_sbrk_start
 .bss.__end_of_heap
                0x000000001ffff1ac        0x4 /usr/local/mcuxpressoide-10.3.1_2233/ide/plugins/com.nxp.mcuxpresso.tools.linux_10.3.0.201811011841/tools/bin/../lib/gcc/arm-none-eabi/7.3.1/../../../../arm-none-eabi/lib/thumb/v6-m/libcr_newlib_semihost.a(_cr_sbrk.o)
                0x000000001ffff1ac                __end_of_heap
 .bss.initialized.5662
                0x000000001ffff1b0        0x4 /usr/local/mcuxpressoide-10.3.1_2233/ide/plugins/com.nxp.mcuxpresso.tools.linux_10.3.0.201811011841/tools/bin/../lib/gcc/arm-none-eabi/7.3.1/../../../../arm-none-eabi/lib/thumb/v6-m/libcr_newlib_semihost.a(syscalls.o)
 .bss.monitor_stderr
                0x000000001ffff1b4        0x4 /usr/local/mcuxpressoide-10.3.1_2233/ide/plugins/com.nxp.mcuxpresso.tools.linux_10.3.0.201811011841/tools/bin/../lib/gcc/arm-none-eabi/7.3.1/../../../../arm-none-eabi/lib/thumb/v6-m/libcr_newlib_semihost.a(syscalls.o)
 .bss.monitor_stdin
                0x000000001ffff1b8        0x4 /usr/local/mcuxpressoide-10.3.1_2233/ide/plugins/com.nxp.mcuxpresso.tools.linux_10.3.0.201811011841/tools/bin/../lib/gcc/arm-none-eabi/7.3.1/../../../../arm-none-eabi/lib/thumb/v6-m/libcr_newlib_semihost.a(syscalls.o)
 .bss.monitor_stdout
                0x000000001ffff1bc        0x4 /usr/local/mcuxpressoide-10.3.1_2233/ide/plugins/com.nxp.mcuxpresso.tools.linux_10.3.0.201811011841/tools/bin/../lib/gcc/arm-none-eabi/7.3.1/../../../../arm-none-eabi/lib/thumb/v6-m/libcr_newlib_semihost.a(syscalls.o)
 .bss.openfiles
                0x000000001ffff1c0       0x28 /usr/local/mcuxpressoide-10.3.1_2233/ide/plugins/com.nxp.mcuxpresso.tools.linux_10.3.0.201811011841/tools/bin/../lib/gcc/arm-none-eabi/7.3.1/../../../../arm-none-eabi/lib/thumb/v6-m/libcr_newlib_semihost.a(syscalls.o)
 .bss           0x000000001ffff1e8       0x1c /usr/local/mcuxpressoide-10.3.1_2233/ide/plugins/com.nxp.mcuxpresso.tools.linux_10.3.0.201811011841/tools/bin/../lib/gcc/arm-none-eabi/7.3.1/thumb/v6-m/crtbegin.o
 *(SORT_BY_ALIGNMENT(COMMON))
 COMMON         0x000000001ffff204        0x4 /usr/local/mcuxpressoide-10.3.1_2233/ide/plugins/com.nxp.mcuxpresso.tools.linux_10.3.0.201811011841/tools/bin/../lib/gcc/arm-none-eabi/7.3.1/../../../../arm-none-eabi/lib/thumb/v6-m/libc_nano.a(lib_a-reent.o)
                0x000000001ffff204                errno
                0x000000001ffff208                . = ALIGN (0x4)
                0x000000001ffff208                _ebss = .
                [!provide]                        PROVIDE (end = .)

.noinit         0x000000001ffff208        0x0 load address 0x0000000000004750
                0x000000001ffff208                _noinit = .
 *(SORT_BY_ALIGNMENT(.noinit*))
                0x000000001ffff208                . = ALIGN (0x4)
                0x000000001ffff208                _end_noinit = .
                0x0000000000000400                _HeapSize = 0x400

.heap           0x000000001ffff208      0x400 load address 0x0000000000004750
                0x000000001ffff208                _pvHeapStart = .
                0x000000001ffff608                . = (. + _HeapSize)
 *fill*         0x000000001ffff208      0x400 
                0x000000001ffff608                . = ALIGN (0x4)
                0x000000001ffff608                _pvHeapLimit = .
                0x0000000000000400                _StackSize = 0x400

.heap2stackfill
                0x000000001ffff608      0x400 load address 0x0000000000004750
                0x000000001ffffa08                . = (. + _StackSize)
 *fill*         0x000000001ffff608      0x400 

.stack          0x0000000020002c00        0x0
                0x0000000020002c00                _vStackBase = .
                0x0000000020002c00                . = ALIGN (0x4)
                0x0000000020003000                _vStackTop = (. + _StackSize)
                0x0000000000000000                _image_start = LOADADDR (.text)
                0x0000000000004750                _image_end = (LOADADDR (.data) + SIZEOF (.data))
                0x0000000000004750                _image_size = (_image_end - _image_start)
OUTPUT(GPIO.axf elf32-littlearm)

.debug_info     0x0000000000000000     0xef3f
 .debug_info    0x0000000000000000     0x109e ./utilities/fsl_debug_console.o
 .debug_info    0x000000000000109e      0x49e ./startup/startup_mkl25z4.o
 .debug_info    0x000000000000153c      0x326 ./source/GPIO.o
 .debug_info    0x0000000000001862      0xd6c ./source/main.o
 .debug_info    0x00000000000025ce       0x52 ./source/mtb.o
 .debug_info    0x0000000000002620       0x3b ./source/semihost_hardfault.o
 .debug_info    0x000000000000265b      0xac5 ./freertos/list.o
 .debug_info    0x0000000000003120      0x234 ./freertos/port.o
 .debug_info    0x0000000000003354     0x1f67 ./freertos/tasks.o
 .debug_info    0x00000000000052bb     0x225e ./drivers/fsl_clock.o
 .debug_info    0x0000000000007519      0xc3e ./drivers/fsl_common.o
 .debug_info    0x0000000000008157     0x1dd2 ./drivers/fsl_lpsci.o
 .debug_info    0x0000000000009f29     0x1d58 ./drivers/fsl_uart.o
 .debug_info    0x000000000000bc81      0xea0 ./board/board.o
 .debug_info    0x000000000000cb21     0x1285 ./board/clock_config.o
 .debug_info    0x000000000000dda6       0x3b ./board/peripherals.o
 .debug_info    0x000000000000dde1      0xd74 ./board/pin_mux.o
 .debug_info    0x000000000000eb55      0x3ea ./CMSIS/system_MKL25Z4.o

.debug_abbrev   0x0000000000000000     0x25f2
 .debug_abbrev  0x0000000000000000      0x294 ./utilities/fsl_debug_console.o
 .debug_abbrev  0x0000000000000294      0x163 ./startup/startup_mkl25z4.o
 .debug_abbrev  0x00000000000003f7      0x1d0 ./source/GPIO.o
 .debug_abbrev  0x00000000000005c7      0x278 ./source/main.o
 .debug_abbrev  0x000000000000083f       0x44 ./source/mtb.o
 .debug_abbrev  0x0000000000000883       0x2f ./source/semihost_hardfault.o
 .debug_abbrev  0x00000000000008b2      0x1fe ./freertos/list.o
 .debug_abbrev  0x0000000000000ab0      0x16f ./freertos/port.o
 .debug_abbrev  0x0000000000000c1f      0x339 ./freertos/tasks.o
 .debug_abbrev  0x0000000000000f58      0x3df ./drivers/fsl_clock.o
 .debug_abbrev  0x0000000000001337      0x32e ./drivers/fsl_common.o
 .debug_abbrev  0x0000000000001665      0x375 ./drivers/fsl_lpsci.o
 .debug_abbrev  0x00000000000019da      0x38d ./drivers/fsl_uart.o
 .debug_abbrev  0x0000000000001d67      0x228 ./board/board.o
 .debug_abbrev  0x0000000000001f8f      0x2b5 ./board/clock_config.o
 .debug_abbrev  0x0000000000002244       0x2f ./board/peripherals.o
 .debug_abbrev  0x0000000000002273      0x269 ./board/pin_mux.o
 .debug_abbrev  0x00000000000024dc      0x116 ./CMSIS/system_MKL25Z4.o

.debug_aranges  0x0000000000000000      0xa20
 .debug_aranges
                0x0000000000000000       0x48 ./utilities/fsl_debug_console.o
 .debug_aranges
                0x0000000000000048      0x160 ./startup/startup_mkl25z4.o
 .debug_aranges
                0x00000000000001a8       0x20 ./source/GPIO.o
 .debug_aranges
                0x00000000000001c8       0x20 ./source/main.o
 .debug_aranges
                0x00000000000001e8       0x18 ./source/mtb.o
 .debug_aranges
                0x0000000000000200       0x20 ./source/semihost_hardfault.o
 .debug_aranges
                0x0000000000000220       0x40 ./freertos/list.o
 .debug_aranges
                0x0000000000000260       0x80 ./freertos/port.o
 .debug_aranges
                0x00000000000002e0      0x1e8 ./freertos/tasks.o
 .debug_aranges
                0x00000000000004c8      0x1d8 ./drivers/fsl_clock.o
 .debug_aranges
                0x00000000000006a0       0x38 ./drivers/fsl_common.o
 .debug_aranges
                0x00000000000006d8      0x118 ./drivers/fsl_lpsci.o
 .debug_aranges
                0x00000000000007f0      0x130 ./drivers/fsl_uart.o
 .debug_aranges
                0x0000000000000920       0x28 ./board/board.o
 .debug_aranges
                0x0000000000000948       0x58 ./board/clock_config.o
 .debug_aranges
                0x00000000000009a0       0x20 ./board/peripherals.o
 .debug_aranges
                0x00000000000009c0       0x38 ./board/pin_mux.o
 .debug_aranges
                0x00000000000009f8       0x28 ./CMSIS/system_MKL25Z4.o

.debug_ranges   0x0000000000000000      0x8d8
 .debug_ranges  0x0000000000000000       0x38 ./utilities/fsl_debug_console.o
 .debug_ranges  0x0000000000000038      0x150 ./startup/startup_mkl25z4.o
 .debug_ranges  0x0000000000000188       0x10 ./source/semihost_hardfault.o
 .debug_ranges  0x0000000000000198       0x30 ./freertos/list.o
 .debug_ranges  0x00000000000001c8       0x70 ./freertos/port.o
 .debug_ranges  0x0000000000000238      0x1d8 ./freertos/tasks.o
 .debug_ranges  0x0000000000000410      0x1c8 ./drivers/fsl_clock.o
 .debug_ranges  0x00000000000005d8       0x28 ./drivers/fsl_common.o
 .debug_ranges  0x0000000000000600      0x108 ./drivers/fsl_lpsci.o
 .debug_ranges  0x0000000000000708      0x120 ./drivers/fsl_uart.o
 .debug_ranges  0x0000000000000828       0x18 ./board/board.o
 .debug_ranges  0x0000000000000840       0x48 ./board/clock_config.o
 .debug_ranges  0x0000000000000888       0x10 ./board/peripherals.o
 .debug_ranges  0x0000000000000898       0x28 ./board/pin_mux.o
 .debug_ranges  0x00000000000008c0       0x18 ./CMSIS/system_MKL25Z4.o

.debug_macro    0x0000000000000000     0xc656
 .debug_macro   0x0000000000000000      0x2d7 ./utilities/fsl_debug_console.o
 .debug_macro   0x00000000000002d7      0xa72 ./utilities/fsl_debug_console.o
 .debug_macro   0x0000000000000d49       0x58 ./utilities/fsl_debug_console.o
 .debug_macro   0x0000000000000da1       0x18 ./utilities/fsl_debug_console.o
 .debug_macro   0x0000000000000db9       0x22 ./utilities/fsl_debug_console.o
 .debug_macro   0x0000000000000ddb       0x58 ./utilities/fsl_debug_console.o
 .debug_macro   0x0000000000000e33       0x94 ./utilities/fsl_debug_console.o
 .debug_macro   0x0000000000000ec7       0x35 ./utilities/fsl_debug_console.o
 .debug_macro   0x0000000000000efc       0x34 ./utilities/fsl_debug_console.o
 .debug_macro   0x0000000000000f30       0x16 ./utilities/fsl_debug_console.o
 .debug_macro   0x0000000000000f46      0x10e ./utilities/fsl_debug_console.o
 .debug_macro   0x0000000000001054       0x8d ./utilities/fsl_debug_console.o
 .debug_macro   0x00000000000010e1       0x57 ./utilities/fsl_debug_console.o
 .debug_macro   0x0000000000001138       0x58 ./utilities/fsl_debug_console.o
 .debug_macro   0x0000000000001190       0x1f ./utilities/fsl_debug_console.o
 .debug_macro   0x00000000000011af       0x43 ./utilities/fsl_debug_console.o
 .debug_macro   0x00000000000011f2       0x20 ./utilities/fsl_debug_console.o
 .debug_macro   0x0000000000001212      0x18e ./utilities/fsl_debug_console.o
 .debug_macro   0x00000000000013a0      0x330 ./utilities/fsl_debug_console.o
 .debug_macro   0x00000000000016d0       0x16 ./utilities/fsl_debug_console.o
 .debug_macro   0x00000000000016e6       0x29 ./utilities/fsl_debug_console.o
 .debug_macro   0x000000000000170f      0x1e1 ./utilities/fsl_debug_console.o
 .debug_macro   0x00000000000018f0       0x1c ./utilities/fsl_debug_console.o
 .debug_macro   0x000000000000190c       0x22 ./utilities/fsl_debug_console.o
 .debug_macro   0x000000000000192e       0xef ./utilities/fsl_debug_console.o
 .debug_macro   0x0000000000001a1d       0x6a ./utilities/fsl_debug_console.o
 .debug_macro   0x0000000000001a87      0x1df ./utilities/fsl_debug_console.o
 .debug_macro   0x0000000000001c66       0x16 ./utilities/fsl_debug_console.o
 .debug_macro   0x0000000000001c7c       0x35 ./utilities/fsl_debug_console.o
 .debug_macro   0x0000000000001cb1       0x10 ./utilities/fsl_debug_console.o
 .debug_macro   0x0000000000001cc1       0x3f ./utilities/fsl_debug_console.o
 .debug_macro   0x0000000000001d00       0x3a ./utilities/fsl_debug_console.o
 .debug_macro   0x0000000000001d3a       0x26 ./utilities/fsl_debug_console.o
 .debug_macro   0x0000000000001d60      0x329 ./utilities/fsl_debug_console.o
 .debug_macro   0x0000000000002089       0x30 ./utilities/fsl_debug_console.o
 .debug_macro   0x00000000000020b9     0x51e2 ./utilities/fsl_debug_console.o
 .debug_macro   0x000000000000729b     0x1352 ./utilities/fsl_debug_console.o
 .debug_macro   0x00000000000085ed       0x3a ./utilities/fsl_debug_console.o
 .debug_macro   0x0000000000008627       0xf4 ./utilities/fsl_debug_console.o
 .debug_macro   0x000000000000871b       0x35 ./utilities/fsl_debug_console.o
 .debug_macro   0x0000000000008750       0x1c ./utilities/fsl_debug_console.o
 .debug_macro   0x000000000000876c       0x10 ./utilities/fsl_debug_console.o
 .debug_macro   0x000000000000877c       0x1c ./utilities/fsl_debug_console.o
 .debug_macro   0x0000000000008798       0x52 ./utilities/fsl_debug_console.o
 .debug_macro   0x00000000000087ea       0x40 ./utilities/fsl_debug_console.o
 .debug_macro   0x000000000000882a       0x10 ./utilities/fsl_debug_console.o
 .debug_macro   0x000000000000883a       0x40 ./utilities/fsl_debug_console.o
 .debug_macro   0x000000000000887a       0xd7 ./utilities/fsl_debug_console.o
 .debug_macro   0x0000000000008951       0x1c ./utilities/fsl_debug_console.o
 .debug_macro   0x000000000000896d       0x3d ./utilities/fsl_debug_console.o
 .debug_macro   0x00000000000089aa       0x16 ./utilities/fsl_debug_console.o
 .debug_macro   0x00000000000089c0      0x16f ./utilities/fsl_debug_console.o
 .debug_macro   0x0000000000008b2f       0x34 ./utilities/fsl_debug_console.o
 .debug_macro   0x0000000000008b63       0x10 ./utilities/fsl_debug_console.o
 .debug_macro   0x0000000000008b73       0x10 ./utilities/fsl_debug_console.o
 .debug_macro   0x0000000000008b83       0x2a ./startup/startup_mkl25z4.o
 .debug_macro   0x0000000000008bad      0xb62 ./startup/startup_mkl25z4.o
 .debug_macro   0x000000000000970f       0xbe ./source/GPIO.o
 .debug_macro   0x00000000000097cd       0x1c ./source/GPIO.o
 .debug_macro   0x00000000000097e9       0x8e ./source/GPIO.o
 .debug_macro   0x0000000000009877       0x51 ./source/GPIO.o
 .debug_macro   0x00000000000098c8       0x34 ./source/GPIO.o
 .debug_macro   0x00000000000098fc      0x329 ./source/GPIO.o
 .debug_macro   0x0000000000009c25      0x342 ./source/main.o
 .debug_macro   0x0000000000009f67       0x34 ./source/main.o
 .debug_macro   0x0000000000009f9b       0x16 ./source/main.o
 .debug_macro   0x0000000000009fb1       0x16 ./source/main.o
 .debug_macro   0x0000000000009fc7      0x17b ./source/main.o
 .debug_macro   0x000000000000a142       0x43 ./source/main.o
 .debug_macro   0x000000000000a185      0x353 ./source/main.o
 .debug_macro   0x000000000000a4d8       0x10 ./source/main.o
 .debug_macro   0x000000000000a4e8       0x35 ./source/main.o
 .debug_macro   0x000000000000a51d       0x16 ./source/main.o
 .debug_macro   0x000000000000a533       0x10 ./source/main.o
 .debug_macro   0x000000000000a543      0x112 ./source/main.o
 .debug_macro   0x000000000000a655       0x64 ./source/main.o
 .debug_macro   0x000000000000a6b9       0x10 ./source/main.o
 .debug_macro   0x000000000000a6c9      0x137 ./source/main.o
 .debug_macro   0x000000000000a800      0x18b ./source/main.o
 .debug_macro   0x000000000000a98b      0x168 ./source/main.o
 .debug_macro   0x000000000000aaf3       0xb6 ./source/main.o
 .debug_macro   0x000000000000aba9       0x10 ./source/main.o
 .debug_macro   0x000000000000abb9       0x1f ./source/main.o
 .debug_macro   0x000000000000abd8      0x361 ./source/main.o
 .debug_macro   0x000000000000af39       0xc0 ./source/main.o
 .debug_macro   0x000000000000aff9       0x8c ./source/main.o
 .debug_macro   0x000000000000b085       0x2f ./source/mtb.o
 .debug_macro   0x000000000000b0b4       0x82 ./source/mtb.o
 .debug_macro   0x000000000000b136       0x10 ./source/mtb.o
 .debug_macro   0x000000000000b146       0x11 ./source/semihost_hardfault.o
 .debug_macro   0x000000000000b157      0x17b ./freertos/list.o
 .debug_macro   0x000000000000b2d2       0xec ./freertos/port.o
 .debug_macro   0x000000000000b3be      0x261 ./freertos/tasks.o
 .debug_macro   0x000000000000b61f       0x11 ./freertos/tasks.o
 .debug_macro   0x000000000000b630      0x26a ./drivers/fsl_clock.o
 .debug_macro   0x000000000000b89a      0x288 ./drivers/fsl_common.o
 .debug_macro   0x000000000000bb22      0x1c0 ./drivers/fsl_lpsci.o
 .debug_macro   0x000000000000bce2      0x1c6 ./drivers/fsl_uart.o
 .debug_macro   0x000000000000bea8      0x2b1 ./board/board.o
 .debug_macro   0x000000000000c159       0x5e ./board/board.o
 .debug_macro   0x000000000000c1b7      0x1f7 ./board/clock_config.o
 .debug_macro   0x000000000000c3ae       0x1b ./board/peripherals.o
 .debug_macro   0x000000000000c3c9      0x1c2 ./board/pin_mux.o
 .debug_macro   0x000000000000c58b       0x10 ./board/pin_mux.o
 .debug_macro   0x000000000000c59b       0xbb ./CMSIS/system_MKL25Z4.o

.debug_line     0x0000000000000000     0x61b8
 .debug_line    0x0000000000000000      0x606 ./utilities/fsl_debug_console.o
 .debug_line    0x0000000000000606      0x13a ./startup/startup_mkl25z4.o
 .debug_line    0x0000000000000740      0x35b ./source/GPIO.o
 .debug_line    0x0000000000000a9b      0x622 ./source/main.o
 .debug_line    0x00000000000010bd       0xda ./source/mtb.o
 .debug_line    0x0000000000001197       0x54 ./source/semihost_hardfault.o
 .debug_line    0x00000000000011eb      0x458 ./freertos/list.o
 .debug_line    0x0000000000001643      0x490 ./freertos/port.o
 .debug_line    0x0000000000001ad3      0xf47 ./freertos/tasks.o
 .debug_line    0x0000000000002a1a      0xbd1 ./drivers/fsl_clock.o
 .debug_line    0x00000000000035eb      0x598 ./drivers/fsl_common.o
 .debug_line    0x0000000000003b83      0x980 ./drivers/fsl_lpsci.o
 .debug_line    0x0000000000004503      0x983 ./drivers/fsl_uart.o
 .debug_line    0x0000000000004e86      0x563 ./board/board.o
 .debug_line    0x00000000000053e9      0x511 ./board/clock_config.o
 .debug_line    0x00000000000058fa       0x58 ./board/peripherals.o
 .debug_line    0x0000000000005952      0x4b3 ./board/pin_mux.o
 .debug_line    0x0000000000005e05      0x3b3 ./CMSIS/system_MKL25Z4.o

.debug_str      0x0000000000000000    0x3f2f4
 .debug_str     0x0000000000000000    0x34cfb ./utilities/fsl_debug_console.o
                                      0x351ac (size before relaxing)
 .debug_str     0x0000000000034cfb      0x95a ./startup/startup_mkl25z4.o
                                       0x34fd (size before relaxing)
 .debug_str     0x0000000000035655      0x16b ./source/GPIO.o
                                      0x289f3 (size before relaxing)
 .debug_str     0x00000000000357c0     0x439f ./source/main.o
                                      0x384cd (size before relaxing)
 .debug_str     0x0000000000039b5f      0x532 ./source/mtb.o
                                       0x3201 (size before relaxing)
 .debug_str     0x000000000003a091       0x1f ./source/semihost_hardfault.o
                                       0x2cee (size before relaxing)
 .debug_str     0x000000000003a0b0      0x135 ./freertos/list.o
                                       0x998d (size before relaxing)
 .debug_str     0x000000000003a1e5      0x58c ./freertos/port.o
                                       0x778c (size before relaxing)
 .debug_str     0x000000000003a771     0x1b98 ./freertos/tasks.o
                                       0xbb7a (size before relaxing)
 .debug_str     0x000000000003c309     0x15a8 ./drivers/fsl_clock.o
                                      0x348ba (size before relaxing)
 .debug_str     0x000000000003d8b1      0x2d6 ./drivers/fsl_common.o
                                      0x340d7 (size before relaxing)
 .debug_str     0x000000000003db87      0x9c9 ./drivers/fsl_lpsci.o
                                      0x33ec2 (size before relaxing)
 .debug_str     0x000000000003e550      0x832 ./drivers/fsl_uart.o
                                      0x33ee5 (size before relaxing)
 .debug_str     0x000000000003ed82       0x4c ./board/board.o
                                      0x34c35 (size before relaxing)
 .debug_str     0x000000000003edce      0x300 ./board/clock_config.o
                                      0x337ca (size before relaxing)
 .debug_str     0x000000000003f0ce       0x31 ./board/peripherals.o
                                       0x2cff (size before relaxing)
 .debug_str     0x000000000003f0ff      0x1a6 ./board/pin_mux.o
                                      0x330de (size before relaxing)
 .debug_str     0x000000000003f2a5       0x4f ./CMSIS/system_MKL25Z4.o
                                      0x2f38f (size before relaxing)

.comment        0x0000000000000000       0x7f
 .comment       0x0000000000000000       0x7f ./utilities/fsl_debug_console.o
                                         0x80 (size before relaxing)
 .comment       0x000000000000007f       0x80 ./startup/startup_mkl25z4.o
 .comment       0x000000000000007f       0x80 ./source/GPIO.o
 .comment       0x000000000000007f       0x80 ./source/main.o
 .comment       0x000000000000007f       0x80 ./source/mtb.o
 .comment       0x000000000000007f       0x80 ./source/semihost_hardfault.o
 .comment       0x000000000000007f       0x80 ./freertos/list.o
 .comment       0x000000000000007f       0x80 ./freertos/port.o
 .comment       0x000000000000007f       0x80 ./freertos/tasks.o
 .comment       0x000000000000007f       0x80 ./drivers/fsl_clock.o
 .comment       0x000000000000007f       0x80 ./drivers/fsl_common.o
 .comment       0x000000000000007f       0x80 ./drivers/fsl_lpsci.o
 .comment       0x000000000000007f       0x80 ./drivers/fsl_uart.o
 .comment       0x000000000000007f       0x80 ./board/board.o
 .comment       0x000000000000007f       0x80 ./board/clock_config.o
 .comment       0x000000000000007f       0x80 ./board/peripherals.o
 .comment       0x000000000000007f       0x80 ./board/pin_mux.o
 .comment       0x000000000000007f       0x80 ./CMSIS/system_MKL25Z4.o
 .comment       0x000000000000007f       0x80 /usr/local/mcuxpressoide-10.3.1_2233/ide/plugins/com.nxp.mcuxpresso.tools.linux_10.3.0.201811011841/tools/bin/../lib/gcc/arm-none-eabi/7.3.1/../../../../arm-none-eabi/lib/thumb/v6-m/libcr_newlib_semihost.a(_cr_sbrk.o)
 .comment       0x000000000000007f       0x80 /usr/local/mcuxpressoide-10.3.1_2233/ide/plugins/com.nxp.mcuxpresso.tools.linux_10.3.0.201811011841/tools/bin/../lib/gcc/arm-none-eabi/7.3.1/../../../../arm-none-eabi/lib/thumb/v6-m/libcr_newlib_semihost.a(syscalls.o)
 .comment       0x000000000000007f       0x80 /usr/local/mcuxpressoide-10.3.1_2233/ide/plugins/com.nxp.mcuxpresso.tools.linux_10.3.0.201811011841/tools/bin/../lib/gcc/arm-none-eabi/7.3.1/../../../../arm-none-eabi/lib/thumb/v6-m/libcr_newlib_semihost.a(_cr_check_heap.o)

.ARM.attributes
                0x0000000000000000       0x30
 .ARM.attributes
                0x0000000000000000       0x32 ./utilities/fsl_debug_console.o
 .ARM.attributes
                0x0000000000000032       0x32 ./startup/startup_mkl25z4.o
 .ARM.attributes
                0x0000000000000064       0x32 ./source/GPIO.o
 .ARM.attributes
                0x0000000000000096       0x32 ./source/main.o
 .ARM.attributes
                0x00000000000000c8       0x32 ./source/mtb.o
 .ARM.attributes
                0x00000000000000fa       0x32 ./source/semihost_hardfault.o
 .ARM.attributes
                0x000000000000012c       0x32 ./freertos/list.o
 .ARM.attributes
                0x000000000000015e       0x32 ./freertos/port.o
 .ARM.attributes
                0x0000000000000190       0x32 ./freertos/tasks.o
 .ARM.attributes
                0x00000000000001c2       0x32 ./drivers/fsl_clock.o
 .ARM.attributes
                0x00000000000001f4       0x32 ./drivers/fsl_common.o
 .ARM.attributes
                0x0000000000000226       0x32 ./drivers/fsl_lpsci.o
 .ARM.attributes
                0x0000000000000258       0x32 ./drivers/fsl_uart.o
 .ARM.attributes
                0x000000000000028a       0x32 ./board/board.o
 .ARM.attributes
                0x00000000000002bc       0x32 ./board/clock_config.o
 .ARM.attributes
                0x00000000000002ee       0x32 ./board/peripherals.o
 .ARM.attributes
                0x0000000000000320       0x32 ./board/pin_mux.o
 .ARM.attributes
                0x0000000000000352       0x32 ./CMSIS/system_MKL25Z4.o
 .ARM.attributes
                0x0000000000000384       0x1e /usr/local/mcuxpressoide-10.3.1_2233/ide/plugins/com.nxp.mcuxpresso.tools.linux_10.3.0.201811011841/tools/bin/../lib/gcc/arm-none-eabi/7.3.1/thumb/v6-m/libgcc.a(_udivsi3.o)
 .ARM.attributes
                0x00000000000003a2       0x1e /usr/local/mcuxpressoide-10.3.1_2233/ide/plugins/com.nxp.mcuxpresso.tools.linux_10.3.0.201811011841/tools/bin/../lib/gcc/arm-none-eabi/7.3.1/thumb/v6-m/libgcc.a(_dvmd_tls.o)
 .ARM.attributes
                0x00000000000003c0       0x2c /usr/local/mcuxpressoide-10.3.1_2233/ide/plugins/com.nxp.mcuxpresso.tools.linux_10.3.0.201811011841/tools/bin/../lib/gcc/arm-none-eabi/7.3.1/../../../../arm-none-eabi/lib/thumb/v6-m/libc_nano.a(lib_a-init.o)
 .ARM.attributes
                0x00000000000003ec       0x2c /usr/local/mcuxpressoide-10.3.1_2233/ide/plugins/com.nxp.mcuxpresso.tools.linux_10.3.0.201811011841/tools/bin/../lib/gcc/arm-none-eabi/7.3.1/../../../../arm-none-eabi/lib/thumb/v6-m/libc_nano.a(lib_a-memset.o)
 .ARM.attributes
                0x0000000000000418       0x2c /usr/local/mcuxpressoide-10.3.1_2233/ide/plugins/com.nxp.mcuxpresso.tools.linux_10.3.0.201811011841/tools/bin/../lib/gcc/arm-none-eabi/7.3.1/../../../../arm-none-eabi/lib/thumb/v6-m/libc_nano.a(lib_a-printf.o)
 .ARM.attributes
                0x0000000000000444       0x2c /usr/local/mcuxpressoide-10.3.1_2233/ide/plugins/com.nxp.mcuxpresso.tools.linux_10.3.0.201811011841/tools/bin/../lib/gcc/arm-none-eabi/7.3.1/../../../../arm-none-eabi/lib/thumb/v6-m/libc_nano.a(lib_a-findfp.o)
 .ARM.attributes
                0x0000000000000470       0x2c /usr/local/mcuxpressoide-10.3.1_2233/ide/plugins/com.nxp.mcuxpresso.tools.linux_10.3.0.201811011841/tools/bin/../lib/gcc/arm-none-eabi/7.3.1/../../../../arm-none-eabi/lib/thumb/v6-m/libc_nano.a(lib_a-fwalk.o)
 .ARM.attributes
                0x000000000000049c       0x2c /usr/local/mcuxpressoide-10.3.1_2233/ide/plugins/com.nxp.mcuxpresso.tools.linux_10.3.0.201811011841/tools/bin/../lib/gcc/arm-none-eabi/7.3.1/../../../../arm-none-eabi/lib/thumb/v6-m/libc_nano.a(lib_a-impure.o)
 .ARM.attributes
                0x00000000000004c8       0x2c /usr/local/mcuxpressoide-10.3.1_2233/ide/plugins/com.nxp.mcuxpresso.tools.linux_10.3.0.201811011841/tools/bin/../lib/gcc/arm-none-eabi/7.3.1/../../../../arm-none-eabi/lib/thumb/v6-m/libc_nano.a(lib_a-nano-mallocr.o)
 .ARM.attributes
                0x00000000000004f4       0x2c /usr/local/mcuxpressoide-10.3.1_2233/ide/plugins/com.nxp.mcuxpresso.tools.linux_10.3.0.201811011841/tools/bin/../lib/gcc/arm-none-eabi/7.3.1/../../../../arm-none-eabi/lib/thumb/v6-m/libc_nano.a(lib_a-nano-vfprintf.o)
 .ARM.attributes
                0x0000000000000520       0x2c /usr/local/mcuxpressoide-10.3.1_2233/ide/plugins/com.nxp.mcuxpresso.tools.linux_10.3.0.201811011841/tools/bin/../lib/gcc/arm-none-eabi/7.3.1/../../../../arm-none-eabi/lib/thumb/v6-m/libc_nano.a(lib_a-nano-vfprintf_i.o)
 .ARM.attributes
                0x000000000000054c       0x2c /usr/local/mcuxpressoide-10.3.1_2233/ide/plugins/com.nxp.mcuxpresso.tools.linux_10.3.0.201811011841/tools/bin/../lib/gcc/arm-none-eabi/7.3.1/../../../../arm-none-eabi/lib/thumb/v6-m/libc_nano.a(lib_a-reent.o)
 .ARM.attributes
                0x0000000000000578       0x2c /usr/local/mcuxpressoide-10.3.1_2233/ide/plugins/com.nxp.mcuxpresso.tools.linux_10.3.0.201811011841/tools/bin/../lib/gcc/arm-none-eabi/7.3.1/../../../../arm-none-eabi/lib/thumb/v6-m/libc_nano.a(lib_a-sbrkr.o)
 .ARM.attributes
                0x00000000000005a4       0x2c /usr/local/mcuxpressoide-10.3.1_2233/ide/plugins/com.nxp.mcuxpresso.tools.linux_10.3.0.201811011841/tools/bin/../lib/gcc/arm-none-eabi/7.3.1/../../../../arm-none-eabi/lib/thumb/v6-m/libc_nano.a(lib_a-stdio.o)
 .ARM.attributes
                0x00000000000005d0       0x2c /usr/local/mcuxpressoide-10.3.1_2233/ide/plugins/com.nxp.mcuxpresso.tools.linux_10.3.0.201811011841/tools/bin/../lib/gcc/arm-none-eabi/7.3.1/../../../../arm-none-eabi/lib/thumb/v6-m/libc_nano.a(lib_a-wbuf.o)
 .ARM.attributes
                0x00000000000005fc       0x2c /usr/local/mcuxpressoide-10.3.1_2233/ide/plugins/com.nxp.mcuxpresso.tools.linux_10.3.0.201811011841/tools/bin/../lib/gcc/arm-none-eabi/7.3.1/../../../../arm-none-eabi/lib/thumb/v6-m/libc_nano.a(lib_a-writer.o)
 .ARM.attributes
                0x0000000000000628       0x2c /usr/local/mcuxpressoide-10.3.1_2233/ide/plugins/com.nxp.mcuxpresso.tools.linux_10.3.0.201811011841/tools/bin/../lib/gcc/arm-none-eabi/7.3.1/../../../../arm-none-eabi/lib/thumb/v6-m/libc_nano.a(lib_a-wsetup.o)
 .ARM.attributes
                0x0000000000000654       0x2c /usr/local/mcuxpressoide-10.3.1_2233/ide/plugins/com.nxp.mcuxpresso.tools.linux_10.3.0.201811011841/tools/bin/../lib/gcc/arm-none-eabi/7.3.1/../../../../arm-none-eabi/lib/thumb/v6-m/libc_nano.a(lib_a-closer.o)
 .ARM.attributes
                0x0000000000000680       0x2c /usr/local/mcuxpressoide-10.3.1_2233/ide/plugins/com.nxp.mcuxpresso.tools.linux_10.3.0.201811011841/tools/bin/../lib/gcc/arm-none-eabi/7.3.1/../../../../arm-none-eabi/lib/thumb/v6-m/libc_nano.a(lib_a-fflush.o)
 .ARM.attributes
                0x00000000000006ac       0x2c /usr/local/mcuxpressoide-10.3.1_2233/ide/plugins/com.nxp.mcuxpresso.tools.linux_10.3.0.201811011841/tools/bin/../lib/gcc/arm-none-eabi/7.3.1/../../../../arm-none-eabi/lib/thumb/v6-m/libc_nano.a(lib_a-lseekr.o)
 .ARM.attributes
                0x00000000000006d8       0x2c /usr/local/mcuxpressoide-10.3.1_2233/ide/plugins/com.nxp.mcuxpresso.tools.linux_10.3.0.201811011841/tools/bin/../lib/gcc/arm-none-eabi/7.3.1/../../../../arm-none-eabi/lib/thumb/v6-m/libc_nano.a(lib_a-makebuf.o)
 .ARM.attributes
                0x0000000000000704       0x2c /usr/local/mcuxpressoide-10.3.1_2233/ide/plugins/com.nxp.mcuxpresso.tools.linux_10.3.0.201811011841/tools/bin/../lib/gcc/arm-none-eabi/7.3.1/../../../../arm-none-eabi/lib/thumb/v6-m/libc_nano.a(lib_a-memchr-stub.o)
 .ARM.attributes
                0x0000000000000730       0x2c /usr/local/mcuxpressoide-10.3.1_2233/ide/plugins/com.nxp.mcuxpresso.tools.linux_10.3.0.201811011841/tools/bin/../lib/gcc/arm-none-eabi/7.3.1/../../../../arm-none-eabi/lib/thumb/v6-m/libc_nano.a(lib_a-mlock.o)
 .ARM.attributes
                0x000000000000075c       0x2c /usr/local/mcuxpressoide-10.3.1_2233/ide/plugins/com.nxp.mcuxpresso.tools.linux_10.3.0.201811011841/tools/bin/../lib/gcc/arm-none-eabi/7.3.1/../../../../arm-none-eabi/lib/thumb/v6-m/libc_nano.a(lib_a-nano-freer.o)
 .ARM.attributes
                0x0000000000000788       0x2c /usr/local/mcuxpressoide-10.3.1_2233/ide/plugins/com.nxp.mcuxpresso.tools.linux_10.3.0.201811011841/tools/bin/../lib/gcc/arm-none-eabi/7.3.1/../../../../arm-none-eabi/lib/thumb/v6-m/libc_nano.a(lib_a-readr.o)
 .ARM.attributes
                0x00000000000007b4       0x2c /usr/local/mcuxpressoide-10.3.1_2233/ide/plugins/com.nxp.mcuxpresso.tools.linux_10.3.0.201811011841/tools/bin/../lib/gcc/arm-none-eabi/7.3.1/../../../../arm-none-eabi/lib/thumb/v6-m/libc_nano.a(lib_a-fstatr.o)
 .ARM.attributes
                0x00000000000007e0       0x2c /usr/local/mcuxpressoide-10.3.1_2233/ide/plugins/com.nxp.mcuxpresso.tools.linux_10.3.0.201811011841/tools/bin/../lib/gcc/arm-none-eabi/7.3.1/../../../../arm-none-eabi/lib/thumb/v6-m/libc_nano.a(lib_a-isattyr.o)
 .ARM.attributes
                0x000000000000080c       0x31 /usr/local/mcuxpressoide-10.3.1_2233/ide/plugins/com.nxp.mcuxpresso.tools.linux_10.3.0.201811011841/tools/bin/../lib/gcc/arm-none-eabi/7.3.1/../../../../arm-none-eabi/lib/thumb/v6-m/libcr_newlib_semihost.a(_cr_sbrk.o)
 .ARM.attributes
                0x000000000000083d       0x31 /usr/local/mcuxpressoide-10.3.1_2233/ide/plugins/com.nxp.mcuxpresso.tools.linux_10.3.0.201811011841/tools/bin/../lib/gcc/arm-none-eabi/7.3.1/../../../../arm-none-eabi/lib/thumb/v6-m/libcr_newlib_semihost.a(syscalls.o)
 .ARM.attributes
                0x000000000000086e       0x31 /usr/local/mcuxpressoide-10.3.1_2233/ide/plugins/com.nxp.mcuxpresso.tools.linux_10.3.0.201811011841/tools/bin/../lib/gcc/arm-none-eabi/7.3.1/../../../../arm-none-eabi/lib/thumb/v6-m/libcr_newlib_semihost.a(_cr_check_heap.o)
 .ARM.attributes
                0x000000000000089f       0x1e /usr/local/mcuxpressoide-10.3.1_2233/ide/plugins/com.nxp.mcuxpresso.tools.linux_10.3.0.201811011841/tools/bin/../lib/gcc/arm-none-eabi/7.3.1/thumb/v6-m/crti.o
 .ARM.attributes
                0x00000000000008bd       0x1e /usr/local/mcuxpressoide-10.3.1_2233/ide/plugins/com.nxp.mcuxpresso.tools.linux_10.3.0.201811011841/tools/bin/../lib/gcc/arm-none-eabi/7.3.1/thumb/v6-m/crtn.o
 .ARM.attributes
                0x00000000000008db       0x2c /usr/local/mcuxpressoide-10.3.1_2233/ide/plugins/com.nxp.mcuxpresso.tools.linux_10.3.0.201811011841/tools/bin/../lib/gcc/arm-none-eabi/7.3.1/thumb/v6-m/crtbegin.o
 .ARM.attributes
                0x0000000000000907       0x2c /usr/local/mcuxpressoide-10.3.1_2233/ide/plugins/com.nxp.mcuxpresso.tools.linux_10.3.0.201811011841/tools/bin/../lib/gcc/arm-none-eabi/7.3.1/../../../../arm-none-eabi/lib/thumb/v6-m/libc_nano.a(lib_a-errno.o)

.debug_frame    0x0000000000000000     0x2828
 .debug_frame   0x0000000000000000       0xcc ./utilities/fsl_debug_console.o