Archive member included to satisfy reference by file (symbol)

/usr/local/mcuxpressoide-10.3.1_2233/ide/plugins/com.nxp.mcuxpresso.tools.linux_10.3.0.201811011841/tools/bin/../lib/gcc/arm-none-eabi/7.3.1/thumb/v6-m/libgcc.a(_udivsi3.o)
                              ./freertos/fsl_tickless_lptmr.o (__aeabi_uidiv)
/usr/local/mcuxpressoide-10.3.1_2233/ide/plugins/com.nxp.mcuxpresso.tools.linux_10.3.0.201811011841/tools/bin/../lib/gcc/arm-none-eabi/7.3.1/thumb/v6-m/libgcc.a(_dvmd_tls.o)
                              /usr/local/mcuxpressoide-10.3.1_2233/ide/plugins/com.nxp.mcuxpresso.tools.linux_10.3.0.201811011841/tools/bin/../lib/gcc/arm-none-eabi/7.3.1/thumb/v6-m/libgcc.a(_udivsi3.o) (__aeabi_idiv0)
/usr/local/mcuxpressoide-10.3.1_2233/ide/plugins/com.nxp.mcuxpresso.tools.linux_10.3.0.201811011841/tools/bin/../lib/gcc/arm-none-eabi/7.3.1/thumb/v6-m/libgcc.a(unwind-arm.o)
                              ./startup/startup_mkl25z4.o (__aeabi_unwind_cpp_pr0)
/usr/local/mcuxpressoide-10.3.1_2233/ide/plugins/com.nxp.mcuxpresso.tools.linux_10.3.0.201811011841/tools/bin/../lib/gcc/arm-none-eabi/7.3.1/thumb/v6-m/libgcc.a(libunwind.o)
                              /usr/local/mcuxpressoide-10.3.1_2233/ide/plugins/com.nxp.mcuxpresso.tools.linux_10.3.0.201811011841/tools/bin/../lib/gcc/arm-none-eabi/7.3.1/thumb/v6-m/libgcc.a(unwind-arm.o) (restore_core_regs)
/usr/local/mcuxpressoide-10.3.1_2233/ide/plugins/com.nxp.mcuxpresso.tools.linux_10.3.0.201811011841/tools/bin/../lib/gcc/arm-none-eabi/7.3.1/thumb/v6-m/libgcc.a(pr-support.o)
                              /usr/local/mcuxpressoide-10.3.1_2233/ide/plugins/com.nxp.mcuxpresso.tools.linux_10.3.0.201811011841/tools/bin/../lib/gcc/arm-none-eabi/7.3.1/thumb/v6-m/libgcc.a(unwind-arm.o) (__gnu_unwind_execute)
/usr/local/mcuxpressoide-10.3.1_2233/ide/plugins/com.nxp.mcuxpresso.tools.linux_10.3.0.201811011841/tools/bin/../lib/gcc/arm-none-eabi/7.3.1/../../../../arm-none-eabi/lib/thumb/v6-m/libc_nano.a(lib_a-abort.o)
                              /usr/local/mcuxpressoide-10.3.1_2233/ide/plugins/com.nxp.mcuxpresso.tools.linux_10.3.0.201811011841/tools/bin/../lib/gcc/arm-none-eabi/7.3.1/thumb/v6-m/libgcc.a(unwind-arm.o) (abort)
/usr/local/mcuxpressoide-10.3.1_2233/ide/plugins/com.nxp.mcuxpresso.tools.linux_10.3.0.201811011841/tools/bin/../lib/gcc/arm-none-eabi/7.3.1/../../../../arm-none-eabi/lib/thumb/v6-m/libc_nano.a(lib_a-init.o)
                              ./startup/startup_mkl25z4.o (__libc_init_array)
/usr/local/mcuxpressoide-10.3.1_2233/ide/plugins/com.nxp.mcuxpresso.tools.linux_10.3.0.201811011841/tools/bin/../lib/gcc/arm-none-eabi/7.3.1/../../../../arm-none-eabi/lib/thumb/v6-m/libc_nano.a(lib_a-memcpy-stub.o)
                              ./freertos/queue.o (memcpy)
/usr/local/mcuxpressoide-10.3.1_2233/ide/plugins/com.nxp.mcuxpresso.tools.linux_10.3.0.201811011841/tools/bin/../lib/gcc/arm-none-eabi/7.3.1/../../../../arm-none-eabi/lib/thumb/v6-m/libc_nano.a(lib_a-memset.o)
                              ./freertos/tasks.o (memset)
/usr/local/mcuxpressoide-10.3.1_2233/ide/plugins/com.nxp.mcuxpresso.tools.linux_10.3.0.201811011841/tools/bin/../lib/gcc/arm-none-eabi/7.3.1/../../../../arm-none-eabi/lib/thumb/v6-m/libc_nano.a(lib_a-printf.o)
                              ./drivers/fsl_common.o (printf)
/usr/local/mcuxpressoide-10.3.1_2233/ide/plugins/com.nxp.mcuxpresso.tools.linux_10.3.0.201811011841/tools/bin/../lib/gcc/arm-none-eabi/7.3.1/../../../../arm-none-eabi/lib/thumb/v6-m/libc_nano.a(lib_a-signal.o)
                              /usr/local/mcuxpressoide-10.3.1_2233/ide/plugins/com.nxp.mcuxpresso.tools.linux_10.3.0.201811011841/tools/bin/../lib/gcc/arm-none-eabi/7.3.1/../../../../arm-none-eabi/lib/thumb/v6-m/libc_nano.a(lib_a-abort.o) (raise)
/usr/local/mcuxpressoide-10.3.1_2233/ide/plugins/com.nxp.mcuxpresso.tools.linux_10.3.0.201811011841/tools/bin/../lib/gcc/arm-none-eabi/7.3.1/../../../../arm-none-eabi/lib/thumb/v6-m/libc_nano.a(lib_a-signalr.o)
                              /usr/local/mcuxpressoide-10.3.1_2233/ide/plugins/com.nxp.mcuxpresso.tools.linux_10.3.0.201811011841/tools/bin/../lib/gcc/arm-none-eabi/7.3.1/../../../../arm-none-eabi/lib/thumb/v6-m/libc_nano.a(lib_a-signal.o) (_kill_r)
/usr/local/mcuxpressoide-10.3.1_2233/ide/plugins/com.nxp.mcuxpresso.tools.linux_10.3.0.201811011841/tools/bin/../lib/gcc/arm-none-eabi/7.3.1/../../../../arm-none-eabi/lib/thumb/v6-m/libc_nano.a(lib_a-findfp.o)
                              /usr/local/mcuxpressoide-10.3.1_2233/ide/plugins/com.nxp.mcuxpresso.tools.linux_10.3.0.201811011841/tools/bin/../lib/gcc/arm-none-eabi/7.3.1/../../../../arm-none-eabi/lib/thumb/v6-m/libc_nano.a(lib_a-printf.o) (__sinit)
/usr/local/mcuxpressoide-10.3.1_2233/ide/plugins/com.nxp.mcuxpresso.tools.linux_10.3.0.201811011841/tools/bin/../lib/gcc/arm-none-eabi/7.3.1/../../../../arm-none-eabi/lib/thumb/v6-m/libc_nano.a(lib_a-fwalk.o)
[...]
Memory Configuration

Name             Origin             Length             Attributes
PROGRAM_FLASH    0x0000000000000000 0x0000000000020000 xr
SRAM             0x000000001ffff000 0x0000000000004000 xrw
*default*        0x0000000000000000 0xffffffffffffffff

Linker script and memory map

LOAD ./utilities/fsl_debug_console.o
LOAD ./startup/startup_mkl25z4.o
LOAD ./source/Accelerometer.o
LOAD ./source/GPIO.o
LOAD ./source/I2C.o
LOAD ./source/MMA8451Q.o
LOAD ./source/mtb.o
LOAD ./freertos/croutine.o
LOAD ./freertos/event_groups.o
LOAD ./freertos/fsl_tickless_lptmr.o
LOAD ./freertos/fsl_tickless_systick.o
LOAD ./freertos/heap_4.o
LOAD ./freertos/list.o
LOAD ./freertos/port.o
LOAD ./freertos/queue.o
LOAD ./freertos/tasks.o
LOAD ./freertos/timers.o
LOAD ./drivers/fsl_adc16.o
LOAD ./drivers/fsl_clock.o
LOAD ./drivers/fsl_common.o
LOAD ./drivers/fsl_dma.o
LOAD ./drivers/fsl_dmamux.o
LOAD ./drivers/fsl_flash.o
LOAD ./drivers/fsl_gpio.o
LOAD ./drivers/fsl_i2c.o
LOAD ./drivers/fsl_i2c_dma.o
LOAD ./drivers/fsl_i2c_freertos.o
LOAD ./drivers/fsl_lpsci.o
LOAD ./drivers/fsl_lpsci_dma.o
LOAD ./drivers/fsl_lpsci_freertos.o
LOAD ./drivers/fsl_smc.o
LOAD ./drivers/fsl_uart.o
LOAD ./drivers/fsl_uart_dma.o
LOAD ./drivers/fsl_uart_freertos.o
LOAD ./board/board.o
LOAD ./board/clock_config.o
LOAD ./board/peripherals.o
LOAD ./board/pin_mux.o
LOAD ./CMSIS_driver/fsl_i2c_cmsis.o
LOAD ./CMSIS/system_MKL25Z4.o
START GROUP
LOAD /usr/local/mcuxpressoide-10.3.1_2233/ide/plugins/com.nxp.mcuxpresso.tools.linux_10.3.0.201811011841/tools/bin/../lib/gcc/arm-none-eabi/7.3.1/thumb/v6-m/libgcc.a
LOAD /usr/local/mcuxpressoide-10.3.1_2233/ide/plugins/com.nxp.mcuxpresso.tools.linux_10.3.0.201811011841/tools/bin/../lib/gcc/arm-none-eabi/7.3.1/../../../../arm-none-eabi/lib/thumb/v6-m/libc_nano.a
LOAD /usr/local/mcuxpressoide-10.3.1_2233/ide/plugins/com.nxp.mcuxpresso.tools.linux_10.3.0.201811011841/tools/bin/../lib/gcc/arm-none-eabi/7.3.1/../../../../arm-none-eabi/lib/thumb/v6-m/libstdc++_nano.a
LOAD /usr/local/mcuxpressoide-10.3.1_2233/ide/plugins/com.nxp.mcuxpresso.tools.linux_10.3.0.201811011841/tools/bin/../lib/gcc/arm-none-eabi/7.3.1/../../../../arm-none-eabi/lib/thumb/v6-m/libm.a
LOAD /usr/local/mcuxpressoide-10.3.1_2233/ide/plugins/com.nxp.mcuxpresso.tools.linux_10.3.0.201811011841/tools/bin/../lib/gcc/arm-none-eabi/7.3.1/../../../../arm-none-eabi/lib/thumb/v6-m/libcr_newlib_semihost.a
LOAD /usr/local/mcuxpressoide-10.3.1_2233/ide/plugins/com.nxp.mcuxpresso.tools.linux_10.3.0.201811011841/tools/bin/../lib/gcc/arm-none-eabi/7.3.1/thumb/v6-m/crti.o
LOAD /usr/local/mcuxpressoide-10.3.1_2233/ide/plugins/com.nxp.mcuxpresso.tools.linux_10.3.0.201811011841/tools/bin/../lib/gcc/arm-none-eabi/7.3.1/thumb/v6-m/crtn.o
LOAD /usr/local/mcuxpressoide-10.3.1_2233/ide/plugins/com.nxp.mcuxpresso.tools.linux_10.3.0.201811011841/tools/bin/../lib/gcc/arm-none-eabi/7.3.1/thumb/v6-m/crtbegin.o
LOAD /usr/local/mcuxpressoide-10.3.1_2233/ide/plugins/com.nxp.mcuxpresso.tools.linux_10.3.0.201811011841/tools/bin/../lib/gcc/arm-none-eabi/7.3.1/thumb/v6-m/crtend.o
END GROUP
                0x0000000000000000                __base_PROGRAM_FLASH = 0x0
                0x0000000000000000                __base_Flash = 0x0
                0x0000000000020000                __top_PROGRAM_FLASH = 0x20000
                0x0000000000020000                __top_Flash = 0x20000
                0x000000001ffff000                __base_SRAM = 0x1ffff000
                0x000000001ffff000                __base_RAM = 0x1ffff000
                0x0000000020003000                __top_SRAM = 0x20003000
                0x0000000020003000                __top_RAM = 0x20003000

.text           0x0000000000000000     0x7130
 FILL mask 0xff
                0x0000000000000000                __vectors_start__ = ABSOLUTE (.)
 *(SORT_BY_ALIGNMENT(.isr_vector))
 .isr_vector    0x0000000000000000       0xc0 ./startup/startup_mkl25z4.o
                0x0000000000000000                __Vectors
                0x0000000000000000                g_pfnVectors
                0x00000000000000c0                . = ALIGN (0x4)
                0x00000000000000c0                __section_table_start = .
                0x00000000000000c0                __data_section_table = .
                0x00000000000000c0        0x4 LONG 0x730c LOADADDR (.data)
                0x00000000000000c4        0x4 LONG 0x1ffff080 ADDR (.data)
                0x00000000000000c8        0x4 LONG 0x70 SIZEOF (.data)
                0x00000000000000cc                __data_section_table_end = .
                0x00000000000000cc                __bss_section_table = .
                0x00000000000000cc        0x4 LONG 0x1ffff0f0 ADDR (.bss)
                0x00000000000000d0        0x4 LONG 0x2a54 SIZEOF (.bss)
                0x00000000000000d4                __bss_section_table_end = .
                0x00000000000000d4                __section_table_end = .
 *(SORT_BY_ALIGNMENT(.after_vectors*))
 .after_vectors.reset
                0x00000000000000d4       0x50 ./startup/startup_mkl25z4.o
                0x00000000000000d4                ResetISR
 .after_vectors.init_data
                0x0000000000000124       0x16 ./startup/startup_mkl25z4.o
                0x0000000000000124                data_init(unsigned int, unsigned int, unsigned int)
 .after_vectors.init_bss
                0x000000000000013a       0x12 ./startup/startup_mkl25z4.o
                0x000000000000013a                bss_init(unsigned int, unsigned int)
 .after_vectors
                0x000000000000014c      0x10c ./startup/startup_mkl25z4.o
                0x000000000000014c                NMI_Handler
                0x000000000000014e                HardFault_Handler
                0x0000000000000156                PIT_DriverIRQHandler
                0x0000000000000156                Reserved39_DriverIRQHandler
                0x0000000000000156                SPI1_DriverIRQHandler
                0x0000000000000156                LPTMR0_DriverIRQHandler
                0x0000000000000156                TPM2_DriverIRQHandler
                0x0000000000000156                TSI0_DriverIRQHandler
                0x0000000000000156                RTC_Seconds_DriverIRQHandler
                0x0000000000000156                LLWU_DriverIRQHandler
                0x0000000000000156                MCG_DriverIRQHandler
                0x0000000000000156                FTFA_DriverIRQHandler
                0x0000000000000156                IntDefaultHandler
                0x0000000000000156                USB0_DriverIRQHandler
                0x0000000000000156                DAC0_DriverIRQHandler
                0x0000000000000156                LVD_LVW_DriverIRQHandler
                0x0000000000000156                TPM0_DriverIRQHandler
                0x0000000000000156                Reserved20_DriverIRQHandler
                0x0000000000000156                Reserved45_DriverIRQHandler
                0x0000000000000156                PORTA_DriverIRQHandler
                0x0000000000000156                TPM1_DriverIRQHandler
                0x0000000000000156                RTC_DriverIRQHandler
                0x0000000000000156                SPI0_DriverIRQHandler
                0x0000000000000156                ADC0_DriverIRQHandler
                0x0000000000000156                CMP0_DriverIRQHandler
                0x0000000000000156                PORTD_DriverIRQHandler
                0x0000000000000158                DMA0_IRQHandler
                0x0000000000000160                DMA1_IRQHandler
                0x0000000000000168                DMA2_IRQHandler
                0x0000000000000170                DMA3_IRQHandler
                0x0000000000000178                Reserved20_IRQHandler
                0x0000000000000180                FTFA_IRQHandler
                0x0000000000000188                LVD_LVW_IRQHandler
                0x0000000000000190                LLWU_IRQHandler
                0x0000000000000198                I2C0_IRQHandler
                0x00000000000001a0                I2C1_IRQHandler
                0x00000000000001a8                SPI0_IRQHandler
                0x00000000000001b0                SPI1_IRQHandler
                0x00000000000001b8                UART0_IRQHandler
                0x00000000000001c0                UART1_IRQHandler
                0x00000000000001c8                UART2_IRQHandler
                0x00000000000001d0                ADC0_IRQHandler
                0x00000000000001d8                CMP0_IRQHandler
                0x00000000000001e0                TPM0_IRQHandler
                0x00000000000001e8                TPM1_IRQHandler
                0x00000000000001f0                TPM2_IRQHandler
                0x00000000000001f8                RTC_IRQHandler
                0x0000000000000200                RTC_Seconds_IRQHandler
                0x0000000000000208                PIT_IRQHandler
                0x0000000000000210                Reserved39_IRQHandler
                0x0000000000000218                USB0_IRQHandler
                0x0000000000000220                DAC0_IRQHandler
                0x0000000000000228                TSI0_IRQHandler
                0x0000000000000230                MCG_IRQHandler
                0x0000000000000238                LPTMR0_IRQHandler
                0x0000000000000240                Reserved45_IRQHandler
                0x0000000000000248                PORTA_IRQHandler
                0x0000000000000250                PORTD_IRQHandler
                0x0000000000000400                . = 0x400
 *fill*         0x0000000000000258      0x1a8 ff
                0x0000000000000400                PROVIDE (__FLASH_CONFIG_START__ = .)
 *(SORT_BY_ALIGNMENT(.FlashConfig))
 .FlashConfig   0x0000000000000400       0x10 ./startup/startup_mkl25z4.o
                0x0000000000000410                PROVIDE (__FLASH_CONFIG_END__ = .)
                0x0000000000000001                ASSERT (! ((__FLASH_CONFIG_START__ == __FLASH_CONFIG_END__)), Linker Flash Config Support Enabled, but no .FlashConfig section provided within application)
 *(SORT_BY_ALIGNMENT(.text*))
 .text.vPortStartFirstTask
                0x0000000000000410       0x38 ./freertos/port.o
 *fill*         0x0000000000000448        0x8 ff
 .text.PendSV_Handler
                0x0000000000000450       0x48 ./freertos/port.o
                0x0000000000000450                PendSV_Handler
 .text.DbgConsole_Init
                0x0000000000000498       0xf4 ./utilities/fsl_debug_console.o
                0x0000000000000498                DbgConsole_Init
 .text          0x000000000000058c      0x24c ./source/Accelerometer.o
                0x000000000000058c                Accelerometer::Accelerometer(mma8451q_frequency_t, mma8451q_range_t, mma8451q_power_t)
                0x000000000000058c                Accelerometer::Accelerometer(mma8451q_frequency_t, mma8451q_range_t, mma8451q_power_t)
                0x0000000000000618                Accelerometer::setFilter()
                0x0000000000000656                Accelerometer::getX()
                0x000000000000068c                Accelerometer::getY()
                0x00000000000006c2                Accelerometer::getZ()
                0x00000000000006f8                Accelerometer::calibrate()
 .text          0x00000000000007d8      0x40c ./source/I2C.o
                0x00000000000007d8                I2C::I2C(I2C_Type*, unsigned char, mult_value_t, icr_value_t)
                0x00000000000007d8                I2C::I2C(I2C_Type*, unsigned char, mult_value_t, icr_value_t)
                0x000000000000088c                I2C::setMult(mult_value_t)
                0x00000000000008c4                I2C::setICR(icr_value_t)
                0x00000000000008fe                I2C::setACK(bool)
                0x000000000000094c                I2C::repeatStart()
                0x0000000000000970                I2C::setDirection(mode_direction_t)
                0x00000000000009c0                I2C::setMode(mode_transmition_t)
                0x0000000000000a10                I2C::start()
                0x0000000000000a34                I2C::stop()
                0x0000000000000a58                I2C::wait()
                0x0000000000000a96                I2C::writeByte(unsigned char)
                0x0000000000000abe                I2C::readByte()
                0x0000000000000ad6                I2C::writeRegister(unsigned char, unsigned char)
                0x0000000000000b42                I2C::readRegister(unsigned char)
 .text          0x0000000000000be4      0x270 ./source/MMA8451Q.o
                0x0000000000000be4                readX(void*)
                0x0000000000000c88                readY(void*)
                0x0000000000000d2c                readZ(void*)
                0x0000000000000dd0                main
 .text.prvSetupTimerInterrupt
                0x0000000000000e54       0x40 ./freertos/fsl_tickless_lptmr.o
                0x0000000000000e54                prvSetupTimerInterrupt
 .text.pvPortMalloc
                0x0000000000000e94      0x14c ./freertos/heap_4.o
                0x0000000000000e94                pvPortMalloc
 .text.vPortFree
                0x0000000000000fe0       0x90 ./freertos/heap_4.o
                0x0000000000000fe0                vPortFree
 .text.prvHeapInit
                0x0000000000001070       0xc0 ./freertos/heap_4.o
 .text.prvInsertBlockIntoFreeList
                0x0000000000001130       0xb0 ./freertos/heap_4.o
 .text.pxPortInitialiseStack
                0x00000000000011e0       0x54 ./freertos/port.o
                0x00000000000011e0                pxPortInitialiseStack
 .text.prvTaskExitError
                0x0000000000001234       0x18 ./freertos/port.o
 .text.xPortStartScheduler
                0x000000000000124c       0x44 ./freertos/port.o
                0x000000000000124c                xPortStartScheduler
 .text.vPortYield
                0x0000000000001290       0x20 ./freertos/port.o
                0x0000000000001290                vPortYield
 .text.vPortEnterCritical
                0x00000000000012b0       0x24 ./freertos/port.o
                0x00000000000012b0                vPortEnterCritical
 .text.vPortExitCritical
                0x00000000000012d4       0x30 ./freertos/port.o
                0x00000000000012d4                vPortExitCritical
 .text.SysTick_Handler
                0x0000000000001304       0x34 ./freertos/port.o
                0x0000000000001304                SysTick_Handler
 .text.vQueueAddToRegistry
                0x0000000000001338       0x50 ./freertos/queue.o
                0x0000000000001338                vQueueAddToRegistry
 .text.prvInitialiseNewTask
                0x0000000000001388      0x120 ./freertos/tasks.o
 .text.prvAddNewTaskToReadyList
                0x00000000000014a8       0xd0 ./freertos/tasks.o
 .text.vTaskSuspend
                0x0000000000001578       0xb8 ./freertos/tasks.o
                0x0000000000001578                vTaskSuspend
 .text.prvTaskIsTaskSuspended
                0x0000000000001630       0x60 ./freertos/tasks.o
 .text.vTaskResume
                0x0000000000001690       0x9c ./freertos/tasks.o
                0x0000000000001690                vTaskResume
 .text.vTaskStartScheduler
                0x000000000000172c       0x78 ./freertos/tasks.o
                0x000000000000172c                vTaskStartScheduler
 .text.vTaskSuspendAll
                0x00000000000017a4       0x18 ./freertos/tasks.o
                0x00000000000017a4                vTaskSuspendAll
 .text.xTaskResumeAll
                0x00000000000017bc      0x118 ./freertos/tasks.o
                0x00000000000017bc                xTaskResumeAll
 .text.xTaskGetTickCount
                0x00000000000018d4       0x1c ./freertos/tasks.o
                0x00000000000018d4                xTaskGetTickCount
 .text.xTaskIncrementTick
                0x00000000000018f0      0x14c ./freertos/tasks.o
                0x00000000000018f0                xTaskIncrementTick
 .text.vTaskSwitchContext
                0x0000000000001a3c       0xa4 ./freertos/tasks.o
                0x0000000000001a3c                vTaskSwitchContext
 .text.vTaskPlaceOnEventList
                0x0000000000001ae0       0x3c ./freertos/tasks.o
                0x0000000000001ae0                vTaskPlaceOnEventList
 .text.vTaskPlaceOnEventListRestricted
                0x0000000000001b1c       0x4c ./freertos/tasks.o
                0x0000000000001b1c                vTaskPlaceOnEventListRestricted
 .text.xTaskRemoveFromEventList
                0x0000000000001b68       0xb8 ./freertos/tasks.o
                0x0000000000001b68                xTaskRemoveFromEventList
 .text.vTaskSetTimeOutState
                0x0000000000001c20       0x34 ./freertos/tasks.o
                0x0000000000001c20                vTaskSetTimeOutState
 .text.xTaskCheckForTimeOut
                0x0000000000001c54       0x9c ./freertos/tasks.o
                0x0000000000001c54                xTaskCheckForTimeOut
 .text.vTaskMissedYield
                0x0000000000001cf0       0x14 ./freertos/tasks.o
                0x0000000000001cf0                vTaskMissedYield
 .text.prvIdleTask
                0x0000000000001d04       0x20 ./freertos/tasks.o
 .text.prvInitialiseTaskLists
                0x0000000000001d24       0x88 ./freertos/tasks.o
 .text.prvCheckTasksWaitingTermination
                0x0000000000001dac       0x74 ./freertos/tasks.o
 .text.prvResetNextTaskUnblockTime
                0x0000000000001e20       0x48 ./freertos/tasks.o
 .text.xTaskGetSchedulerState
                0x0000000000001e68       0x38 ./freertos/tasks.o
                0x0000000000001e68                xTaskGetSchedulerState
 .text.vTaskPriorityInherit
                0x0000000000001ea0       0xbc ./freertos/tasks.o
                0x0000000000001ea0                vTaskPriorityInherit
 .text.xTaskPriorityDisinherit
                0x0000000000001f5c       0xb8 ./freertos/tasks.o
                0x0000000000001f5c                xTaskPriorityDisinherit
 .text.pvTaskIncrementMutexHeldCount
                0x0000000000002014       0x24 ./freertos/tasks.o
                0x0000000000002014                pvTaskIncrementMutexHeldCount
 .text.prvAddCurrentTaskToDelayedList
                0x0000000000002038       0xa8 ./freertos/tasks.o
 .text.xTimerCreateTimerTask
                0x00000000000020e0       0x54 ./freertos/timers.o
                0x00000000000020e0                xTimerCreateTimerTask
 .text.xTimerGenericCommand
                0x0000000000002134       0x98 ./freertos/timers.o
                0x0000000000002134                xTimerGenericCommand
 .text.prvProcessExpiredTimer
                0x00000000000021cc       0x70 ./freertos/timers.o
 .text.prvProcessTimerOrBlockTask
                0x000000000000223c       0x8c ./freertos/timers.o
 .text.prvGetNextExpireTime
                0x00000000000022c8       0x40 ./freertos/timers.o
 .text.prvSampleTimeNow
                0x0000000000002308       0x40 ./freertos/timers.o
 .text.prvInsertTimerInActiveList
                0x0000000000002348       0x84 ./freertos/timers.o
 .text.prvProcessReceivedCommands
                0x00000000000023cc      0x12c ./freertos/timers.o
 .text.prvSwitchTimerLists
                0x00000000000024f8       0xb4 ./freertos/timers.o
 .text.prvCheckForValidListAndQueue
                0x00000000000025ac       0x74 ./freertos/timers.o
 .text.CLOCK_SetEr32kClock
                0x0000000000002620       0x34 ./drivers/fsl_clock.o
 .text.CLOCK_SetPllFllSelClock
                0x0000000000002654       0x38 ./drivers/fsl_clock.o
 .text.CLOCK_GetMcgExtClkFreq
                0x000000000000268c       0x34 ./drivers/fsl_clock.o
 .text.CLOCK_GetFllExtRefClkFreq
                0x00000000000026c0       0xa4 ./drivers/fsl_clock.o
 .text.CLOCK_GetFllRefClkFreq
                0x0000000000002764       0x2c ./drivers/fsl_clock.o
 .text.CLOCK_GetOscRangeFromFreq
                0x0000000000002790       0x4c ./drivers/fsl_clock.o
 .text.CLOCK_GetPllFllSelClkFreq
                0x00000000000027dc       0x4c ./drivers/fsl_clock.o
                0x00000000000027dc                CLOCK_GetPllFllSelClkFreq
 .text.CLOCK_SetSimConfig
                0x0000000000002828       0x38 ./drivers/fsl_clock.o
                0x0000000000002828                CLOCK_SetSimConfig
 .text.CLOCK_GetFllFreq
                0x0000000000002860       0x84 ./drivers/fsl_clock.o
                0x0000000000002860                CLOCK_GetFllFreq
 .text.CLOCK_GetPll0Freq
                0x00000000000028e4       0x80 ./drivers/fsl_clock.o
                0x00000000000028e4                CLOCK_GetPll0Freq
 .text.CLOCK_SetInternalRefClkConfig
                0x0000000000002964      0x128 ./drivers/fsl_clock.o
                0x0000000000002964                CLOCK_SetInternalRefClkConfig
 .text.CLOCK_EnablePll0
                0x0000000000002a8c       0xa0 ./drivers/fsl_clock.o
                0x0000000000002a8c                CLOCK_EnablePll0
 .text.CLOCK_InitOsc0
                0x0000000000002b2c       0x94 ./drivers/fsl_clock.o
                0x0000000000002b2c                CLOCK_InitOsc0
 .text.CLOCK_SetPbeMode
                0x0000000000002bc0       0xc0 ./drivers/fsl_clock.o
                0x0000000000002bc0                CLOCK_SetPbeMode
 .text.CLOCK_BootToPeeMode
                0x0000000000002c80       0x80 ./drivers/fsl_clock.o
                0x0000000000002c80                CLOCK_BootToPeeMode
 .text.__assert_func
                0x0000000000002d00       0x28 ./drivers/fsl_common.o
                0x0000000000002d00                __assert_func
 .text.DMA_ClearChannelStatusFlags
                0x0000000000002d28       0x64 ./drivers/fsl_dma.o
 .text.DMA_HandleIRQ
                0x0000000000002d8c       0x60 ./drivers/fsl_dma.o
                0x0000000000002d8c                DMA_HandleIRQ
 .text.DMA0_DriverIRQHandler
                0x0000000000002dec       0x18 ./drivers/fsl_dma.o
                0x0000000000002dec                DMA0_DriverIRQHandler
 .text.DMA1_DriverIRQHandler
                0x0000000000002e04       0x18 ./drivers/fsl_dma.o
                0x0000000000002e04                DMA1_DriverIRQHandler
 .text.DMA2_DriverIRQHandler
                0x0000000000002e1c       0x18 ./drivers/fsl_dma.o
                0x0000000000002e1c                DMA2_DriverIRQHandler
 .text.DMA3_DriverIRQHandler
                0x0000000000002e34       0x18 ./drivers/fsl_dma.o
                0x0000000000002e34                DMA3_DriverIRQHandler
 .text.I2C_TransferCommonIRQHandler
                0x0000000000002e4c       0x54 ./drivers/fsl_i2c.o
 .text.I2C0_DriverIRQHandler
                0x0000000000002ea0       0x20 ./drivers/fsl_i2c.o
                0x0000000000002ea0                I2C0_DriverIRQHandler
 .text.I2C1_DriverIRQHandler
                0x0000000000002ec0       0x20 ./drivers/fsl_i2c.o
                0x0000000000002ec0                I2C1_DriverIRQHandler
 .text.CLOCK_EnableClock
                0x0000000000002ee0       0x34 ./drivers/fsl_lpsci.o
 .text.LPSCI_GetInstance
                0x0000000000002f14       0x54 ./drivers/fsl_lpsci.o
                0x0000000000002f14                LPSCI_GetInstance
 .text.LPSCI_Init
                0x0000000000002f68      0x270 ./drivers/fsl_lpsci.o
                0x0000000000002f68                LPSCI_Init
 .text.LPSCI_GetDefaultConfig
                0x00000000000031d8       0x54 ./drivers/fsl_lpsci.o
                0x00000000000031d8                LPSCI_GetDefaultConfig
 .text.LPSCI_ClearStatusFlags
                0x000000000000322c       0x94 ./drivers/fsl_lpsci.o
                0x000000000000322c                LPSCI_ClearStatusFlags
 .text.LPSCI_WriteBlocking
                0x00000000000032c0       0x5c ./drivers/fsl_lpsci.o
                0x00000000000032c0                LPSCI_WriteBlocking
 .text.LPSCI_ReadBlocking
                0x000000000000331c       0xd0 ./drivers/fsl_lpsci.o
                0x000000000000331c                LPSCI_ReadBlocking
 .text.UART0_DriverIRQHandler
                0x00000000000033ec       0x24 ./drivers/fsl_lpsci.o
                0x00000000000033ec                UART0_DriverIRQHandler
 .text.CLOCK_EnableClock
                0x0000000000003410       0x34 ./drivers/fsl_uart.o
 .text.UART_GetInstance
                0x0000000000003444       0x60 ./drivers/fsl_uart.o
                0x0000000000003444                UART_GetInstance
 .text.UART_Init
                0x00000000000034a4      0x1f8 ./drivers/fsl_uart.o
                0x00000000000034a4                UART_Init
 .text.UART_GetDefaultConfig
                0x000000000000369c       0x54 ./drivers/fsl_uart.o
                0x000000000000369c                UART_GetDefaultConfig
 .text.UART_ReadBlocking
                0x00000000000036f0       0xa8 ./drivers/fsl_uart.o
                0x00000000000036f0                UART_ReadBlocking
 .text.UART1_DriverIRQHandler
                0x0000000000003798       0x24 ./drivers/fsl_uart.o
                0x0000000000003798                UART1_DriverIRQHandler
 .text.UART2_DriverIRQHandler
                0x00000000000037bc       0x24 ./drivers/fsl_uart.o
                0x00000000000037bc                UART2_DriverIRQHandler
 .text.CLOCK_SetLpsci0Clock
                0x00000000000037e0       0x38 ./board/board.o
 .text.BOARD_InitDebugConsole
                0x0000000000003818       0x30 ./board/board.o
                0x0000000000003818                BOARD_InitDebugConsole
 .text.CLOCK_SetSimSafeDivs
                0x0000000000003848       0x20 ./board/clock_config.o
 .text.CLOCK_SetXtal0Freq
                0x0000000000003868       0x1c ./board/clock_config.o
 .text.CLOCK_CONFIG_SetFllExtRefDiv
                0x0000000000003884       0x3c ./board/clock_config.o
 .text.BOARD_BootClockRUN
                0x00000000000038c0       0x64 ./board/clock_config.o
                0x00000000000038c0                BOARD_BootClockRUN
 .text.CLOCK_EnableClock
                0x0000000000003924       0x34 ./board/pin_mux.o
 .text.PORT_SetPinMux
                0x0000000000003958       0x40 ./board/pin_mux.o
 .text.BOARD_InitPins
                0x0000000000003998       0xb8 ./board/pin_mux.o
                0x0000000000003998                BOARD_InitPins
 .text.SystemInit
                0x0000000000003a50       0x18 ./CMSIS/system_MKL25Z4.o
                0x0000000000003a50                SystemInit
 .text          0x0000000000003a68      0x114 /usr/local/mcuxpressoide-10.3.1_2233/ide/plugins/com.nxp.mcuxpresso.tools.linux_10.3.0.201811011841/tools/bin/../lib/gcc/arm-none-eabi/7.3.1/thumb/v6-m/libgcc.a(_udivsi3.o)
                0x0000000000003a68                __udivsi3
                0x0000000000003a68                __aeabi_uidiv
                0x0000000000003b74                __aeabi_uidivmod
 .text          0x0000000000003b7c        0x4 /usr/local/mcuxpressoide-10.3.1_2233/ide/plugins/com.nxp.mcuxpresso.tools.linux_10.3.0.201811011841/tools/bin/../lib/gcc/arm-none-eabi/7.3.1/thumb/v6-m/libgcc.a(_dvmd_tls.o)
                0x0000000000003b7c                __aeabi_ldiv0
                0x0000000000003b7c                __aeabi_idiv0
 .text          0x0000000000003b80      0xa08 /usr/local/mcuxpressoide-10.3.1_2233/ide/plugins/com.nxp.mcuxpresso.tools.linux_10.3.0.201811011841/tools/bin/../lib/gcc/arm-none-eabi/7.3.1/thumb/v6-m/libgcc.a(unwind-arm.o)
                0x0000000000003e3c                _Unwind_GetCFA
                0x0000000000003e40                __gnu_Unwind_RaiseException
                0x0000000000003e94                __gnu_Unwind_ForcedUnwind
                0x0000000000003ea8                __gnu_Unwind_Resume
                0x0000000000003ef0                __gnu_Unwind_Resume_or_Rethrow
                0x0000000000003f0c                _Unwind_Complete
                0x0000000000003f10                _Unwind_DeleteException
                0x0000000000003f20                _Unwind_VRS_Get
                0x0000000000003f68                _Unwind_VRS_Set
                0x0000000000003fb0                __gnu_Unwind_Backtrace
                0x0000000000004300                __aeabi_unwind_cpp_pr0
                0x000000000000430c                __aeabi_unwind_cpp_pr1
                0x0000000000004318                __aeabi_unwind_cpp_pr2
                0x0000000000004324                _Unwind_VRS_Pop
 .text          0x0000000000004588      0x144 /usr/local/mcuxpressoide-10.3.1_2233/ide/plugins/com.nxp.mcuxpresso.tools.linux_10.3.0.201811011841/tools/bin/../lib/gcc/arm-none-eabi/7.3.1/thumb/v6-m/libgcc.a(libunwind.o)
                0x0000000000004588                __restore_core_regs
                0x0000000000004588                restore_core_regs
                0x00000000000045b4                __gnu_Unwind_Restore_VFP
                0x00000000000045b8                __gnu_Unwind_Save_VFP
                0x00000000000045bc                __gnu_Unwind_Restore_VFP_D
                0x00000000000045c0                __gnu_Unwind_Save_VFP_D
                0x00000000000045c4                __gnu_Unwind_Restore_VFP_D_16_to_31
                0x00000000000045c8                __gnu_Unwind_Save_VFP_D_16_to_31
                0x00000000000045cc                __gnu_Unwind_Restore_WMMXD
                0x00000000000045d0                __gnu_Unwind_Save_WMMXD
                0x00000000000045d4                __gnu_Unwind_Restore_WMMXC
                0x00000000000045d8                __gnu_Unwind_Save_WMMXC
                0x00000000000045dc                ___Unwind_RaiseException
                0x00000000000045dc                _Unwind_RaiseException
                0x000000000000460c                ___Unwind_Resume
                0x000000000000460c                _Unwind_Resume
                0x000000000000463c                _Unwind_Resume_or_Rethrow
                0x000000000000463c                ___Unwind_Resume_or_Rethrow
                0x000000000000466c                ___Unwind_ForcedUnwind
                0x000000000000466c                _Unwind_ForcedUnwind
                0x000000000000469c                _Unwind_Backtrace
                0x000000000000469c                ___Unwind_Backtrace
 .text          0x00000000000046cc      0x39c /usr/local/mcuxpressoide-10.3.1_2233/ide/plugins/com.nxp.mcuxpresso.tools.linux_10.3.0.201811011841/tools/bin/../lib/gcc/arm-none-eabi/7.3.1/thumb/v6-m/libgcc.a(pr-support.o)
                0x0000000000004720                __gnu_unwind_execute
                0x0000000000004a10                __gnu_unwind_frame
                0x0000000000004a38                _Unwind_GetRegionStart
                0x0000000000004a44                _Unwind_GetLanguageSpecificData
                0x0000000000004a58                _Unwind_GetDataRelBase
                0x0000000000004a60                _Unwind_GetTextRelBase
 .text.__libc_init_array
                0x0000000000004a68       0x48 /usr/local/mcuxpressoide-10.3.1_2233/ide/plugins/com.nxp.mcuxpresso.tools.linux_10.3.0.201811011841/tools/bin/../lib/gcc/arm-none-eabi/7.3.1/../../../../arm-none-eabi/lib/thumb/v6-m/libc_nano.a(lib_a-init.o)
                0x0000000000004a68                __libc_init_array
 .text.printf   0x0000000000004ab0       0x34 /usr/local/mcuxpressoide-10.3.1_2233/ide/plugins/com.nxp.mcuxpresso.tools.linux_10.3.0.201811011841/tools/bin/../lib/gcc/arm-none-eabi/7.3.1/../../../../arm-none-eabi/lib/thumb/v6-m/libc_nano.a(lib_a-printf.o)
                0x0000000000004ab0                printf
                0x0000000000004ab0                iprintf
 .text.raise    0x0000000000004ae4       0x14 /usr/local/mcuxpressoide-10.3.1_2233/ide/plugins/com.nxp.mcuxpresso.tools.linux_10.3.0.201811011841/tools/bin/../lib/gcc/arm-none-eabi/7.3.1/../../../../arm-none-eabi/lib/thumb/v6-m/libc_nano.a(lib_a-signal.o)
                0x0000000000004ae4                raise
 .text._kill_r  0x0000000000004af8       0x24 /usr/local/mcuxpressoide-10.3.1_2233/ide/plugins/com.nxp.mcuxpresso.tools.linux_10.3.0.201811011841/tools/bin/../lib/gcc/arm-none-eabi/7.3.1/../../../../arm-none-eabi/lib/thumb/v6-m/libc_nano.a(lib_a-signalr.o)
                0x0000000000004af8                _kill_r
 .text.std      0x0000000000004b1c       0x48 /usr/local/mcuxpressoide-10.3.1_2233/ide/plugins/com.nxp.mcuxpresso.tools.linux_10.3.0.201811011841/tools/bin/../lib/gcc/arm-none-eabi/7.3.1/../../../../arm-none-eabi/lib/thumb/v6-m/libc_nano.a(lib_a-findfp.o)
 .text._cleanup_r
                0x0000000000004b64       0x10 /usr/local/mcuxpressoide-10.3.1_2233/ide/plugins/com.nxp.mcuxpresso.tools.linux_10.3.0.201811011841/tools/bin/../lib/gcc/arm-none-eabi/7.3.1/../../../../arm-none-eabi/lib/thumb/v6-m/libc_nano.a(lib_a-findfp.o)
                0x0000000000004b64                _cleanup_r
 .text.__sinit  0x0000000000004b74       0x68 /usr/local/mcuxpressoide-10.3.1_2233/ide/plugins/com.nxp.mcuxpresso.tools.linux_10.3.0.201811011841/tools/bin/../lib/gcc/arm-none-eabi/7.3.1/../../../../arm-none-eabi/lib/thumb/v6-m/libc_nano.a(lib_a-findfp.o)
                0x0000000000004b74                __sinit
 .text.__sfp    0x0000000000004bdc       0x7c /usr/local/mcuxpressoide-10.3.1_2233/ide/plugins/com.nxp.mcuxpresso.tools.linux_10.3.0.201811011841/tools/bin/../lib/gcc/arm-none-eabi/7.3.1/../../../../arm-none-eabi/lib/thumb/v6-m/libc_nano.a(lib_a-findfp.o)
                0x0000000000004bdc                __sfp
 .text._malloc_r
                0x0000000000004c58       0xbc /usr/local/mcuxpressoide-10.3.1_2233/ide/plugins/com.nxp.mcuxpresso.tools.linux_10.3.0.201811011841/tools/bin/../lib/gcc/arm-none-eabi/7.3.1/../../../../arm-none-eabi/lib/thumb/v6-m/libc_nano.a(lib_a-nano-mallocr.o)
                0x0000000000004c58                _malloc_r
 .text._vfprintf_r
                0x0000000000004d14      0x22c /usr/local/mcuxpressoide-10.3.1_2233/ide/plugins/com.nxp.mcuxpresso.tools.linux_10.3.0.201811011841/tools/bin/../lib/gcc/arm-none-eabi/7.3.1/../../../../arm-none-eabi/lib/thumb/v6-m/libc_nano.a(lib_a-nano-vfprintf.o)
                0x0000000000004d14                _vfiprintf_r
                0x0000000000004d14                _vfprintf_r
 .text._printf_i
                0x0000000000004f40      0x210 /usr/local/mcuxpressoide-10.3.1_2233/ide/plugins/com.nxp.mcuxpresso.tools.linux_10.3.0.201811011841/tools/bin/../lib/gcc/arm-none-eabi/7.3.1/../../../../arm-none-eabi/lib/thumb/v6-m/libc_nano.a(lib_a-nano-vfprintf_i.o)
                0x0000000000004f40                _printf_i
 .text._sbrk_r  0x0000000000005150       0x24 /usr/local/mcuxpressoide-10.3.1_2233/ide/plugins/com.nxp.mcuxpresso.tools.linux_10.3.0.201811011841/tools/bin/../lib/gcc/arm-none-eabi/7.3.1/../../../../arm-none-eabi/lib/thumb/v6-m/libc_nano.a(lib_a-sbrkr.o)
                0x0000000000005150                _sbrk_r
 .text.__sread  0x0000000000005174       0x28 /usr/local/mcuxpressoide-10.3.1_2233/ide/plugins/com.nxp.mcuxpresso.tools.linux_10.3.0.201811011841/tools/bin/../lib/gcc/arm-none-eabi/7.3.1/../../../../arm-none-eabi/lib/thumb/v6-m/libc_nano.a(lib_a-stdio.o)
                0x0000000000005174                __sread
 .text.__swrite
                0x000000000000519c       0x38 /usr/local/mcuxpressoide-10.3.1_2233/ide/plugins/com.nxp.mcuxpresso.tools.linux_10.3.0.201811011841/tools/bin/../lib/gcc/arm-none-eabi/7.3.1/../../../../arm-none-eabi/lib/thumb/v6-m/libc_nano.a(lib_a-stdio.o)
                0x000000000000519c                __swrite
 .text.__sseek  0x00000000000051d4       0x2c /usr/local/mcuxpressoide-10.3.1_2233/ide/plugins/com.nxp.mcuxpresso.tools.linux_10.3.0.201811011841/tools/bin/../lib/gcc/arm-none-eabi/7.3.1/../../../../arm-none-eabi/lib/thumb/v6-m/libc_nano.a(lib_a-stdio.o)
                0x00000000000051d4                __sseek
 .text.__swbuf_r
                0x0000000000005200       0xac /usr/local/mcuxpressoide-10.3.1_2233/ide/plugins/com.nxp.mcuxpresso.tools.linux_10.3.0.201811011841/tools/bin/../lib/gcc/arm-none-eabi/7.3.1/../../../../arm-none-eabi/lib/thumb/v6-m/libc_nano.a(lib_a-wbuf.o)
                0x0000000000005200                __swbuf_r
 .text._write_r
                0x00000000000052ac       0x28 /usr/local/mcuxpressoide-10.3.1_2233/ide/plugins/com.nxp.mcuxpresso.tools.linux_10.3.0.201811011841/tools/bin/../lib/gcc/arm-none-eabi/7.3.1/../../../../arm-none-eabi/lib/thumb/v6-m/libc_nano.a(lib_a-writer.o)
                0x00000000000052ac                _write_r
 .text.__swsetup_r
                0x00000000000052d4       0xec /usr/local/mcuxpressoide-10.3.1_2233/ide/plugins/com.nxp.mcuxpresso.tools.linux_10.3.0.201811011841/tools/bin/../lib/gcc/arm-none-eabi/7.3.1/../../../../arm-none-eabi/lib/thumb/v6-m/libc_nano.a(lib_a-wsetup.o)
                0x00000000000052d4                __swsetup_r
 .text._close_r
                0x00000000000053c0       0x24 /usr/local/mcuxpressoide-10.3.1_2233/ide/plugins/com.nxp.mcuxpresso.tools.linux_10.3.0.201811011841/tools/bin/../lib/gcc/arm-none-eabi/7.3.1/../../../../arm-none-eabi/lib/thumb/v6-m/libc_nano.a(lib_a-closer.o)
                0x00000000000053c0                _close_r
 .text.__sflush_r
                0x00000000000053e4      0x114 /usr/local/mcuxpressoide-10.3.1_2233/ide/plugins/com.nxp.mcuxpresso.tools.linux_10.3.0.201811011841/tools/bin/../lib/gcc/arm-none-eabi/7.3.1/../../../../arm-none-eabi/lib/thumb/v6-m/libc_nano.a(lib_a-fflush.o)
                0x00000000000053e4                __sflush_r
 .text._fflush_r
                0x00000000000054f8       0x58 /usr/local/mcuxpressoide-10.3.1_2233/ide/plugins/com.nxp.mcuxpresso.tools.linux_10.3.0.201811011841/tools/bin/../lib/gcc/arm-none-eabi/7.3.1/../../../../arm-none-eabi/lib/thumb/v6-m/libc_nano.a(lib_a-fflush.o)
                0x00000000000054f8                _fflush_r
 .text._lseek_r
                0x0000000000005550       0x28 /usr/local/mcuxpressoide-10.3.1_2233/ide/plugins/com.nxp.mcuxpresso.tools.linux_10.3.0.201811011841/tools/bin/../lib/gcc/arm-none-eabi/7.3.1/../../../../arm-none-eabi/lib/thumb/v6-m/libc_nano.a(lib_a-lseekr.o)
                0x0000000000005550                _lseek_r
 .text.__swhatbuf_r
                0x0000000000005578       0x50 /usr/local/mcuxpressoide-10.3.1_2233/ide/plugins/com.nxp.mcuxpresso.tools.linux_10.3.0.201811011841/tools/bin/../lib/gcc/arm-none-eabi/7.3.1/../../../../arm-none-eabi/lib/thumb/v6-m/libc_nano.a(lib_a-makebuf.o)
                0x0000000000005578                __swhatbuf_r
 .text.__smakebuf_r
                0x00000000000055c8       0x88 /usr/local/mcuxpressoide-10.3.1_2233/ide/plugins/com.nxp.mcuxpresso.tools.linux_10.3.0.201811011841/tools/bin/../lib/gcc/arm-none-eabi/7.3.1/../../../../arm-none-eabi/lib/thumb/v6-m/libc_nano.a(lib_a-makebuf.o)
                0x00000000000055c8                __smakebuf_r
 .text._free_r  0x0000000000005650       0x94 /usr/local/mcuxpressoide-10.3.1_2233/ide/plugins/com.nxp.mcuxpresso.tools.linux_10.3.0.201811011841/tools/bin/../lib/gcc/arm-none-eabi/7.3.1/../../../../arm-none-eabi/lib/thumb/v6-m/libc_nano.a(lib_a-nano-freer.o)
                0x0000000000005650                _free_r
 .text._read_r  0x00000000000056e4       0x28 /usr/local/mcuxpressoide-10.3.1_2233/ide/plugins/com.nxp.mcuxpresso.tools.linux_10.3.0.201811011841/tools/bin/../lib/gcc/arm-none-eabi/7.3.1/../../../../arm-none-eabi/lib/thumb/v6-m/libc_nano.a(lib_a-readr.o)
                0x00000000000056e4                _read_r
 .text._fstat_r
                0x000000000000570c       0x24 /usr/local/mcuxpressoide-10.3.1_2233/ide/plugins/com.nxp.mcuxpresso.tools.linux_10.3.0.201811011841/tools/bin/../lib/gcc/arm-none-eabi/7.3.1/../../../../arm-none-eabi/lib/thumb/v6-m/libc_nano.a(lib_a-fstatr.o)
                0x000000000000570c                _fstat_r
 .text._isatty_r
                0x0000000000005730       0x24 /usr/local/mcuxpressoide-10.3.1_2233/ide/plugins/com.nxp.mcuxpresso.tools.linux_10.3.0.201811011841/tools/bin/../lib/gcc/arm-none-eabi/7.3.1/../../../../arm-none-eabi/lib/thumb/v6-m/libc_nano.a(lib_a-isattyr.o)
                0x0000000000005730                _isatty_r
 .text._sbrk    0x0000000000005754       0x40 /usr/local/mcuxpressoide-10.3.1_2233/ide/plugins/com.nxp.mcuxpresso.tools.linux_10.3.0.201811011841/tools/bin/../lib/gcc/arm-none-eabi/7.3.1/../../../../arm-none-eabi/lib/thumb/v6-m/libcr_newlib_semihost.a(_cr_sbrk.o)
                0x0000000000005754                _sbrk
 .text._kill    0x0000000000005794       0x24 /usr/local/mcuxpressoide-10.3.1_2233/ide/plugins/com.nxp.mcuxpresso.tools.linux_10.3.0.201811011841/tools/bin/../lib/gcc/arm-none-eabi/7.3.1/../../../../arm-none-eabi/lib/thumb/v6-m/libcr_newlib_semihost.a(_kill.o)
                0x0000000000005794                _kill
 .text.initialise_monitor_handles.part.0
                0x00000000000057b8       0x9c /usr/local/mcuxpressoide-10.3.1_2233/ide/plugins/com.nxp.mcuxpresso.tools.linux_10.3.0.201811011841/tools/bin/../lib/gcc/arm-none-eabi/7.3.1/../../../../arm-none-eabi/lib/thumb/v6-m/libcr_newlib_semihost.a(syscalls.o)
 .text.findslot
                0x0000000000005854       0x30 /usr/local/mcuxpressoide-10.3.1_2233/ide/plugins/com.nxp.mcuxpresso.tools.linux_10.3.0.201811011841/tools/bin/../lib/gcc/arm-none-eabi/7.3.1/../../../../arm-none-eabi/lib/thumb/v6-m/libcr_newlib_semihost.a(syscalls.o)
 .text._close   0x0000000000005884       0x4c /usr/local/mcuxpressoide-10.3.1_2233/ide/plugins/com.nxp.mcuxpresso.tools.linux_10.3.0.201811011841/tools/bin/../lib/gcc/arm-none-eabi/7.3.1/../../../../arm-none-eabi/lib/thumb/v6-m/libcr_newlib_semihost.a(syscalls.o)
                0x0000000000005884                _close
 .text.__check_heap_overflow
                0x00000000000058d0       0x14 /usr/local/mcuxpressoide-10.3.1_2233/ide/plugins/com.nxp.mcuxpresso.tools.linux_10.3.0.201811011841/tools/bin/../lib/gcc/arm-none-eabi/7.3.1/../../../../arm-none-eabi/lib/thumb/v6-m/libcr_newlib_semihost.a(_cr_check_heap.o)
                0x00000000000058d0                __check_heap_overflow
 .text          0x00000000000058e4       0x48 /usr/local/mcuxpressoide-10.3.1_2233/ide/plugins/com.nxp.mcuxpresso.tools.linux_10.3.0.201811011841/tools/bin/../lib/gcc/arm-none-eabi/7.3.1/thumb/v6-m/crtbegin.o
 .text.__errno  0x000000000000592c        0xc /usr/local/mcuxpressoide-10.3.1_2233/ide/plugins/com.nxp.mcuxpresso.tools.linux_10.3.0.201811011841/tools/bin/../lib/gcc/arm-none-eabi/7.3.1/../../../../arm-none-eabi/lib/thumb/v6-m/libc_nano.a(lib_a-errno.o)
                0x000000000000592c                __errno
 .text.UART_EnableTx
                0x0000000000005938       0x40 ./utilities/fsl_debug_console.o
 .text.UART_EnableRx
                0x0000000000005978       0x40 ./utilities/fsl_debug_console.o
 .text.LPSCI_EnableTx
                0x00000000000059b8       0x40 ./utilities/fsl_debug_console.o
 .text.LPSCI_EnableRx
                0x00000000000059f8       0x40 ./utilities/fsl_debug_console.o
 .text          0x0000000000005a38       0xf4 ./source/GPIO.o
                0x0000000000005a38                GPIO::GPIO(GPIO_Type*, unsigned long)
                0x0000000000005a38                GPIO::GPIO(GPIO_Type*, unsigned long)
                0x0000000000005a5a                GPIO::setDirection(gpio_direction_t)
                0x0000000000005ab2                GPIO::setValue(gpio_value_t)
                0x0000000000005b06                GPIO::getValue()
 .text.vListInitialise
                0x0000000000005b2c       0x3c ./freertos/list.o
                0x0000000000005b2c                vListInitialise
 .text.vListInitialiseItem
                0x0000000000005b68       0x16 ./freertos/list.o
                0x0000000000005b68                vListInitialiseItem
 .text.vListInsertEnd
                0x0000000000005b7e       0x44 ./freertos/list.o
                0x0000000000005b7e                vListInsertEnd
 .text.vListInsert
                0x0000000000005bc2       0x6c ./freertos/list.o
                0x0000000000005bc2                vListInsert
 .text.uxListRemove
                0x0000000000005c2e       0x50 ./freertos/list.o
                0x0000000000005c2e                uxListRemove
 .text.SVC_Handler
                0x0000000000005c7e        0xa ./freertos/port.o
                0x0000000000005c7e                SVC_Handler
 .text.ulSetInterruptMaskFromISR
                0x0000000000005c88        0xc ./freertos/port.o
                0x0000000000005c88                ulSetInterruptMaskFromISR
 .text.vClearInterruptMaskFromISR
                0x0000000000005c94        0x8 ./freertos/port.o
                0x0000000000005c94                vClearInterruptMaskFromISR
 .text.xQueueGenericReset
                0x0000000000005c9c       0xa8 ./freertos/queue.o
                0x0000000000005c9c                xQueueGenericReset
 .text.xQueueGenericCreate
                0x0000000000005d44       0x64 ./freertos/queue.o
                0x0000000000005d44                xQueueGenericCreate
 .text.prvInitialiseNewQueue
                0x0000000000005da8       0x4e ./freertos/queue.o
 .text.xQueueGenericSend
                0x0000000000005df6      0x188 ./freertos/queue.o
                0x0000000000005df6                xQueueGenericSend
 .text.xQueueGenericSendFromISR
                0x0000000000005f7e       0xe2 ./freertos/queue.o
                0x0000000000005f7e                xQueueGenericSendFromISR
 .text.xQueueGenericReceive
                0x0000000000006060      0x1c8 ./freertos/queue.o
                0x0000000000006060                xQueueGenericReceive
 .text.prvCopyDataToQueue
                0x0000000000006228       0xd6 ./freertos/queue.o
 .text.prvCopyDataFromQueue
                0x00000000000062fe       0x4c ./freertos/queue.o
 .text.prvUnlockQueue
                0x000000000000634a       0xbc ./freertos/queue.o
 .text.prvIsQueueEmpty
                0x0000000000006406       0x2c ./freertos/queue.o
 .text.prvIsQueueFull
                0x0000000000006432       0x30 ./freertos/queue.o
 .text.vQueueWaitForMessageRestricted
                0x0000000000006462       0x66 ./freertos/queue.o
                0x0000000000006462                vQueueWaitForMessageRestricted
 .text.xTaskCreate
                0x00000000000064c8       0x90 ./freertos/tasks.o
                0x00000000000064c8                xTaskCreate
 .text.prvDeleteTCB
                0x0000000000006558       0x22 ./freertos/tasks.o
 .text.prvTimerTask
                0x000000000000657a       0x28 ./freertos/timers.o
 .text.OSC_SetExtRefClkConfig
                0x00000000000065a2       0x3e ./drivers/fsl_clock.o
 .text.OSC_SetCapLoad
                0x00000000000065e0       0x42 ./drivers/fsl_clock.o
 .text.CLOCK_GetPll0RefFreq
                0x0000000000006622       0x10 ./drivers/fsl_clock.o
 .text.CLOCK_SetExternalRefClkConfig
                0x0000000000006632       0x16 ./drivers/fsl_clock.o
                0x0000000000006632                CLOCK_SetExternalRefClkConfig
 .text.LPSCI_GetStatusFlags
                0x0000000000006648       0x26 ./drivers/fsl_lpsci.o
                0x0000000000006648                LPSCI_GetStatusFlags
 .text.UART_GetStatusFlags
                0x000000000000666e       0x26 ./drivers/fsl_uart.o
                0x000000000000666e                UART_GetStatusFlags
 .text.UART_WriteBlocking
                0x0000000000006694       0x3a ./drivers/fsl_uart.o
                0x0000000000006694                UART_WriteBlocking
 .text.BOARD_InitBootClocks
                0x00000000000066ce        0xe ./board/clock_config.o
                0x00000000000066ce                BOARD_InitBootClocks
 .text.BOARD_InitBootPeripherals
                0x00000000000066dc        0xa ./board/peripherals.o
                0x00000000000066dc                BOARD_InitBootPeripherals
 .text.BOARD_InitBootPins
                0x00000000000066e6        0xe ./board/pin_mux.o
                0x00000000000066e6                BOARD_InitBootPins
 .text.abort    0x00000000000066f4        0xe /usr/local/mcuxpressoide-10.3.1_2233/ide/plugins/com.nxp.mcuxpresso.tools.linux_10.3.0.201811011841/tools/bin/../lib/gcc/arm-none-eabi/7.3.1/../../../../arm-none-eabi/lib/thumb/v6-m/libc_nano.a(lib_a-abort.o)
                0x00000000000066f4                abort
 .text.memcpy   0x0000000000006702       0x12 /usr/local/mcuxpressoide-10.3.1_2233/ide/plugins/com.nxp.mcuxpresso.tools.linux_10.3.0.201811011841/tools/bin/../lib/gcc/arm-none-eabi/7.3.1/../../../../arm-none-eabi/lib/thumb/v6-m/libc_nano.a(lib_a-memcpy-stub.o)
                0x0000000000006702                memcpy
 .text.memset   0x0000000000006714       0x10 /usr/local/mcuxpressoide-10.3.1_2233/ide/plugins/com.nxp.mcuxpresso.tools.linux_10.3.0.201811011841/tools/bin/../lib/gcc/arm-none-eabi/7.3.1/../../../../arm-none-eabi/lib/thumb/v6-m/libc_nano.a(lib_a-memset.o)
                0x0000000000006714                memset
 .text._raise_r
                0x0000000000006724       0x54 /usr/local/mcuxpressoide-10.3.1_2233/ide/plugins/com.nxp.mcuxpresso.tools.linux_10.3.0.201811011841/tools/bin/../lib/gcc/arm-none-eabi/7.3.1/../../../../arm-none-eabi/lib/thumb/v6-m/libc_nano.a(lib_a-signal.o)
                0x0000000000006724                _raise_r
 .text._getpid_r
                0x0000000000006778        0x8 /usr/local/mcuxpressoide-10.3.1_2233/ide/plugins/com.nxp.mcuxpresso.tools.linux_10.3.0.201811011841/tools/bin/../lib/gcc/arm-none-eabi/7.3.1/../../../../arm-none-eabi/lib/thumb/v6-m/libc_nano.a(lib_a-signalr.o)
                0x0000000000006778                _getpid_r
 .text.__sfmoreglue
                0x0000000000006780       0x2c /usr/local/mcuxpressoide-10.3.1_2233/ide/plugins/com.nxp.mcuxpresso.tools.linux_10.3.0.201811011841/tools/bin/../lib/gcc/arm-none-eabi/7.3.1/../../../../arm-none-eabi/lib/thumb/v6-m/libc_nano.a(lib_a-findfp.o)
                0x0000000000006780                __sfmoreglue
 .text._fwalk_reent
                0x00000000000067ac       0x42 /usr/local/mcuxpressoide-10.3.1_2233/ide/plugins/com.nxp.mcuxpresso.tools.linux_10.3.0.201811011841/tools/bin/../lib/gcc/arm-none-eabi/7.3.1/../../../../arm-none-eabi/lib/thumb/v6-m/libc_nano.a(lib_a-fwalk.o)
                0x00000000000067ac                _fwalk_reent
 .text.__sfputc_r
                0x00000000000067ee       0x2a /usr/local/mcuxpressoide-10.3.1_2233/ide/plugins/com.nxp.mcuxpresso.tools.linux_10.3.0.201811011841/tools/bin/../lib/gcc/arm-none-eabi/7.3.1/../../../../arm-none-eabi/lib/thumb/v6-m/libc_nano.a(lib_a-nano-vfprintf.o)
 .text.__sfputs_r
                0x0000000000006818       0x24 /usr/local/mcuxpressoide-10.3.1_2233/ide/plugins/com.nxp.mcuxpresso.tools.linux_10.3.0.201811011841/tools/bin/../lib/gcc/arm-none-eabi/7.3.1/../../../../arm-none-eabi/lib/thumb/v6-m/libc_nano.a(lib_a-nano-vfprintf.o)
                0x0000000000006818                __sfputs_r
 .text._printf_common
                0x000000000000683c       0xda /usr/local/mcuxpressoide-10.3.1_2233/ide/plugins/com.nxp.mcuxpresso.tools.linux_10.3.0.201811011841/tools/bin/../lib/gcc/arm-none-eabi/7.3.1/../../../../arm-none-eabi/lib/thumb/v6-m/libc_nano.a(lib_a-nano-vfprintf_i.o)
                0x000000000000683c                _printf_common
 .text.__sclose
                0x0000000000006916        0xc /usr/local/mcuxpressoide-10.3.1_2233/ide/plugins/com.nxp.mcuxpresso.tools.linux_10.3.0.201811011841/tools/bin/../lib/gcc/arm-none-eabi/7.3.1/../../../../arm-none-eabi/lib/thumb/v6-m/libc_nano.a(lib_a-stdio.o)
                0x0000000000006916                __sclose
 .text.memchr   0x0000000000006922       0x16 /usr/local/mcuxpressoide-10.3.1_2233/ide/plugins/com.nxp.mcuxpresso.tools.linux_10.3.0.201811011841/tools/bin/../lib/gcc/arm-none-eabi/7.3.1/../../../../arm-none-eabi/lib/thumb/v6-m/libc_nano.a(lib_a-memchr-stub.o)
                0x0000000000006922                memchr
 .text.__malloc_lock
                0x0000000000006938        0x2 /usr/local/mcuxpressoide-10.3.1_2233/ide/plugins/com.nxp.mcuxpresso.tools.linux_10.3.0.201811011841/tools/bin/../lib/gcc/arm-none-eabi/7.3.1/../../../../arm-none-eabi/lib/thumb/v6-m/libc_nano.a(lib_a-mlock.o)
                0x0000000000006938                __malloc_lock
 .text.__malloc_unlock
                0x000000000000693a        0x2 /usr/local/mcuxpressoide-10.3.1_2233/ide/plugins/com.nxp.mcuxpresso.tools.linux_10.3.0.201811011841/tools/bin/../lib/gcc/arm-none-eabi/7.3.1/../../../../arm-none-eabi/lib/thumb/v6-m/libc_nano.a(lib_a-mlock.o)
                0x000000000000693a                __malloc_unlock
 .text._exit    0x000000000000693c        0xc /usr/local/mcuxpressoide-10.3.1_2233/ide/plugins/com.nxp.mcuxpresso.tools.linux_10.3.0.201811011841/tools/bin/../lib/gcc/arm-none-eabi/7.3.1/../../../../arm-none-eabi/lib/thumb/v6-m/libcr_newlib_semihost.a(_exit.o)
                0x000000000000693c                _exit
 .text.error    0x0000000000006948       0x1c /usr/local/mcuxpressoide-10.3.1_2233/ide/plugins/com.nxp.mcuxpresso.tools.linux_10.3.0.201811011841/tools/bin/../lib/gcc/arm-none-eabi/7.3.1/../../../../arm-none-eabi/lib/thumb/v6-m/libcr_newlib_semihost.a(syscalls.o)
 .text.checkerror
                0x0000000000006964       0x20 /usr/local/mcuxpressoide-10.3.1_2233/ide/plugins/com.nxp.mcuxpresso.tools.linux_10.3.0.201811011841/tools/bin/../lib/gcc/arm-none-eabi/7.3.1/../../../../arm-none-eabi/lib/thumb/v6-m/libcr_newlib_semihost.a(syscalls.o)
 .text._swiread
                0x0000000000006984       0x20 /usr/local/mcuxpressoide-10.3.1_2233/ide/plugins/com.nxp.mcuxpresso.tools.linux_10.3.0.201811011841/tools/bin/../lib/gcc/arm-none-eabi/7.3.1/../../../../arm-none-eabi/lib/thumb/v6-m/libcr_newlib_semihost.a(syscalls.o)
                0x0000000000006984                _swiread
 .text._read    0x00000000000069a4       0x34 /usr/local/mcuxpressoide-10.3.1_2233/ide/plugins/com.nxp.mcuxpresso.tools.linux_10.3.0.201811011841/tools/bin/../lib/gcc/arm-none-eabi/7.3.1/../../../../arm-none-eabi/lib/thumb/v6-m/libcr_newlib_semihost.a(syscalls.o)
                0x00000000000069a4                _read
 .text._swilseek
                0x00000000000069d8       0x76 /usr/local/mcuxpressoide-10.3.1_2233/ide/plugins/com.nxp.mcuxpresso.tools.linux_10.3.0.201811011841/tools/bin/../lib/gcc/arm-none-eabi/7.3.1/../../../../arm-none-eabi/lib/thumb/v6-m/libcr_newlib_semihost.a(syscalls.o)
                0x00000000000069d8                _swilseek
 .text._lseek   0x0000000000006a4e        0x8 /usr/local/mcuxpressoide-10.3.1_2233/ide/plugins/com.nxp.mcuxpresso.tools.linux_10.3.0.201811011841/tools/bin/../lib/gcc/arm-none-eabi/7.3.1/../../../../arm-none-eabi/lib/thumb/v6-m/libcr_newlib_semihost.a(syscalls.o)
                0x0000000000006a4e                _lseek
 .text._swiwrite
                0x0000000000006a56       0x20 /usr/local/mcuxpressoide-10.3.1_2233/ide/plugins/com.nxp.mcuxpresso.tools.linux_10.3.0.201811011841/tools/bin/../lib/gcc/arm-none-eabi/7.3.1/../../../../arm-none-eabi/lib/thumb/v6-m/libcr_newlib_semihost.a(syscalls.o)
                0x0000000000006a56                _swiwrite
 .text._write   0x0000000000006a76       0x3e /usr/local/mcuxpressoide-10.3.1_2233/ide/plugins/com.nxp.mcuxpresso.tools.linux_10.3.0.201811011841/tools/bin/../lib/gcc/arm-none-eabi/7.3.1/../../../../arm-none-eabi/lib/thumb/v6-m/libcr_newlib_semihost.a(syscalls.o)
                0x0000000000006a76                _write
 .text._swiclose
                0x0000000000006ab4       0x18 /usr/local/mcuxpressoide-10.3.1_2233/ide/plugins/com.nxp.mcuxpresso.tools.linux_10.3.0.201811011841/tools/bin/../lib/gcc/arm-none-eabi/7.3.1/../../../../arm-none-eabi/lib/thumb/v6-m/libcr_newlib_semihost.a(syscalls.o)
                0x0000000000006ab4                _swiclose
 .text._getpid  0x0000000000006acc        0x4 /usr/local/mcuxpressoide-10.3.1_2233/ide/plugins/com.nxp.mcuxpresso.tools.linux_10.3.0.201811011841/tools/bin/../lib/gcc/arm-none-eabi/7.3.1/../../../../arm-none-eabi/lib/thumb/v6-m/libcr_newlib_semihost.a(syscalls.o)
                0x0000000000006acc                _getpid
 .text._swistat
                0x0000000000006ad0       0x44 /usr/local/mcuxpressoide-10.3.1_2233/ide/plugins/com.nxp.mcuxpresso.tools.linux_10.3.0.201811011841/tools/bin/../lib/gcc/arm-none-eabi/7.3.1/../../../../arm-none-eabi/lib/thumb/v6-m/libcr_newlib_semihost.a(syscalls.o)
                0x0000000000006ad0                _swistat
 .text._fstat   0x0000000000006b14       0x1a /usr/local/mcuxpressoide-10.3.1_2233/ide/plugins/com.nxp.mcuxpresso.tools.linux_10.3.0.201811011841/tools/bin/../lib/gcc/arm-none-eabi/7.3.1/../../../../arm-none-eabi/lib/thumb/v6-m/libcr_newlib_semihost.a(syscalls.o)
                0x0000000000006b14                _fstat
 .text._isatty  0x0000000000006b2e       0x28 /usr/local/mcuxpressoide-10.3.1_2233/ide/plugins/com.nxp.mcuxpresso.tools.linux_10.3.0.201811011841/tools/bin/../lib/gcc/arm-none-eabi/7.3.1/../../../../arm-none-eabi/lib/thumb/v6-m/libcr_newlib_semihost.a(syscalls.o)
                0x0000000000006b2e                _isatty
 *(SORT_BY_ALIGNMENT(.rodata) SORT_BY_ALIGNMENT(.rodata.*) SORT_BY_ALIGNMENT(.constdata) SORT_BY_ALIGNMENT(.constdata.*))
 *fill*         0x0000000000006b56        0x2 ff
 .rodata        0x0000000000006b58        0xa ./source/MMA8451Q.o
 *fill*         0x0000000000006b62        0x2 ff
 .rodata        0x0000000000006b64        0x5 ./freertos/tasks.o
 *fill*         0x0000000000006b69        0x3 ff
 .rodata        0x0000000000006b6c        0xd ./freertos/timers.o
 *fill*         0x0000000000006b79        0x3 ff
 .rodata.prvProcessReceivedCommands
                0x0000000000006b7c       0x28 ./freertos/timers.o
 .rodata        0x0000000000006ba4       0x47 ./drivers/fsl_clock.o
 *fill*         0x0000000000006beb        0x1 ff
 .rodata.__func__.5287
                0x0000000000006bec       0x17 ./drivers/fsl_clock.o
 *fill*         0x0000000000006c03        0x1 ff
 .rodata.fllFactorTable.5393
                0x0000000000006c04       0x10 ./drivers/fsl_clock.o
 .rodata.__func__.5408
                0x0000000000006c14       0x12 ./drivers/fsl_clock.o
 *fill*         0x0000000000006c26        0x2 ff
 .rodata.__func__.5448
                0x0000000000006c28       0x11 ./drivers/fsl_clock.o
 *fill*         0x0000000000006c39        0x3 ff
 .rodata.__func__.5585
                0x0000000000006c3c       0x11 ./drivers/fsl_clock.o
 *fill*         0x0000000000006c4d        0x3 ff
 .rodata.__func__.5652
                0x0000000000006c50       0x14 ./drivers/fsl_clock.o
 .rodata        0x0000000000006c64       0x3e ./drivers/fsl_common.o
 *fill*         0x0000000000006ca2        0x2 ff
 .rodata        0x0000000000006ca4      0x168 ./drivers/fsl_dma.o
 .rodata.__func__.5552
                0x0000000000006e0c        0xe ./drivers/fsl_dma.o
 *fill*         0x0000000000006e1a        0x2 ff
 .rodata.__func__.5420
                0x0000000000006e1c       0x1c ./drivers/fsl_dma.o
 .rodata        0x0000000000006e38       0xb2 ./drivers/fsl_lpsci.o
 *fill*         0x0000000000006eea        0x2 ff
 .rodata.__func__.5468
                0x0000000000006eec       0x12 ./drivers/fsl_lpsci.o
 *fill*         0x0000000000006efe        0x2 ff
 .rodata.__func__.5504
                0x0000000000006f00        0xb ./drivers/fsl_lpsci.o
 *fill*         0x0000000000006f0b        0x1 ff
 .rodata.__func__.5525
                0x0000000000006f0c       0x17 ./drivers/fsl_lpsci.o
 *fill*         0x0000000000006f23        0x1 ff
 .rodata.__func__.5570
                0x0000000000006f24       0x14 ./drivers/fsl_lpsci.o
 .rodata.__func__.5582
                0x0000000000006f38       0x13 ./drivers/fsl_lpsci.o
 *fill*         0x0000000000006f4b        0x1 ff
 .rodata.s_uartBases
                0x0000000000006f4c        0xc ./drivers/fsl_uart.o
 .rodata.s_uartClock
                0x0000000000006f58        0xc ./drivers/fsl_uart.o
 .rodata        0x0000000000006f64       0xaa ./drivers/fsl_uart.o
 *fill*         0x000000000000700e        0x2 ff
 .rodata.__func__.5471
                0x0000000000007010       0x11 ./drivers/fsl_uart.o
 *fill*         0x0000000000007021        0x3 ff
 .rodata.__func__.5487
                0x0000000000007024        0xa ./drivers/fsl_uart.o
 *fill*         0x000000000000702e        0x2 ff
 .rodata.__func__.5500
                0x0000000000007030       0x16 ./drivers/fsl_uart.o
 *fill*         0x0000000000007046        0x2 ff
 .rodata.__func__.5558
                0x0000000000007048       0x12 ./drivers/fsl_uart.o
 *fill*         0x000000000000705a        0x2 ff
 .rodata.mcgConfig_BOARD_BootClockRUN
                0x000000000000705c        0xa ./board/clock_config.o
                0x000000000000705c                mcgConfig_BOARD_BootClockRUN
 *fill*         0x0000000000007066        0x2 ff
 .rodata.simConfig_BOARD_BootClockRUN
                0x0000000000007068        0x8 ./board/clock_config.o
                0x0000000000007068                simConfig_BOARD_BootClockRUN
 .rodata.oscConfig_BOARD_BootClockRUN
                0x0000000000007070        0x8 ./board/clock_config.o
                0x0000000000007070                oscConfig_BOARD_BootClockRUN
 .rodata.__sf_fake_stderr
                0x0000000000007078       0x20 /usr/local/mcuxpressoide-10.3.1_2233/ide/plugins/com.nxp.mcuxpresso.tools.linux_10.3.0.201811011841/tools/bin/../lib/gcc/arm-none-eabi/7.3.1/../../../../arm-none-eabi/lib/thumb/v6-m/libc_nano.a(lib_a-findfp.o)
                0x0000000000007078                __sf_fake_stderr
 .rodata.__sf_fake_stdin
                0x0000000000007098       0x20 /usr/local/mcuxpressoide-10.3.1_2233/ide/plugins/com.nxp.mcuxpresso.tools.linux_10.3.0.201811011841/tools/bin/../lib/gcc/arm-none-eabi/7.3.1/../../../../arm-none-eabi/lib/thumb/v6-m/libc_nano.a(lib_a-findfp.o)
                0x0000000000007098                __sf_fake_stdin
 .rodata.__sf_fake_stdout
                0x00000000000070b8       0x20 /usr/local/mcuxpressoide-10.3.1_2233/ide/plugins/com.nxp.mcuxpresso.tools.linux_10.3.0.201811011841/tools/bin/../lib/gcc/arm-none-eabi/7.3.1/../../../../arm-none-eabi/lib/thumb/v6-m/libc_nano.a(lib_a-findfp.o)
                0x00000000000070b8                __sf_fake_stdout
 .rodata._global_impure_ptr
                0x00000000000070d8        0x4 /usr/local/mcuxpressoide-10.3.1_2233/ide/plugins/com.nxp.mcuxpresso.tools.linux_10.3.0.201811011841/tools/bin/../lib/gcc/arm-none-eabi/7.3.1/../../../../arm-none-eabi/lib/thumb/v6-m/libc_nano.a(lib_a-impure.o)
                0x00000000000070d8                _global_impure_ptr
 .rodata._vfprintf_r.str1.1
                0x00000000000070dc       0x11 /usr/local/mcuxpressoide-10.3.1_2233/ide/plugins/com.nxp.mcuxpresso.tools.linux_10.3.0.201811011841/tools/bin/../lib/gcc/arm-none-eabi/7.3.1/../../../../arm-none-eabi/lib/thumb/v6-m/libc_nano.a(lib_a-nano-vfprintf.o)
 .rodata._printf_i.str1.1
                0x00000000000070ed       0x22 /usr/local/mcuxpressoide-10.3.1_2233/ide/plugins/com.nxp.mcuxpresso.tools.linux_10.3.0.201811011841/tools/bin/../lib/gcc/arm-none-eabi/7.3.1/../../../../arm-none-eabi/lib/thumb/v6-m/libc_nano.a(lib_a-nano-vfprintf_i.o)
 .rodata.initialise_monitor_handles.part.0.str1.1
                0x000000000000710f        0x4 /usr/local/mcuxpressoide-10.3.1_2233/ide/plugins/com.nxp.mcuxpresso.tools.linux_10.3.0.201811011841/tools/bin/../lib/gcc/arm-none-eabi/7.3.1/../../../../arm-none-eabi/lib/thumb/v6-m/libcr_newlib_semihost.a(syscalls.o)
                0x0000000000007114                . = ALIGN (0x4)
 *fill*         0x0000000000007113        0x1 ff
                0x0000000000007114                . = ALIGN (0x4)
 *(SORT_BY_ALIGNMENT(.init))
 .init          0x0000000000007114        0x4 /usr/local/mcuxpressoide-10.3.1_2233/ide/plugins/com.nxp.mcuxpresso.tools.linux_10.3.0.201811011841/tools/bin/../lib/gcc/arm-none-eabi/7.3.1/thumb/v6-m/crti.o
                0x0000000000007114                _init
 .init          0x0000000000007118        0x8 /usr/local/mcuxpressoide-10.3.1_2233/ide/plugins/com.nxp.mcuxpresso.tools.linux_10.3.0.201811011841/tools/bin/../lib/gcc/arm-none-eabi/7.3.1/thumb/v6-m/crtn.o
                0x0000000000007120                . = ALIGN (0x4)
                0x0000000000007120                __preinit_array_start = .
 *(SORT_BY_ALIGNMENT(.preinit_array))
                0x0000000000007120                __preinit_array_end = .
                0x0000000000007120                . = ALIGN (0x4)
                0x0000000000007120                __init_array_start = .
 *(SORT_BY_NAME(SORT_BY_ALIGNMENT(.init_array.*)))
 *(SORT_BY_ALIGNMENT(.init_array))
 .init_array    0x0000000000007120        0x4 /usr/local/mcuxpressoide-10.3.1_2233/ide/plugins/com.nxp.mcuxpresso.tools.linux_10.3.0.201811011841/tools/bin/../lib/gcc/arm-none-eabi/7.3.1/thumb/v6-m/crtbegin.o
                0x0000000000007124                __init_array_end = .
 *(SORT_BY_ALIGNMENT(.fini))
 .fini          0x0000000000007124        0x4 /usr/local/mcuxpressoide-10.3.1_2233/ide/plugins/com.nxp.mcuxpresso.tools.linux_10.3.0.201811011841/tools/bin/../lib/gcc/arm-none-eabi/7.3.1/thumb/v6-m/crti.o
                0x0000000000007124                _fini
 .fini          0x0000000000007128        0x8 /usr/local/mcuxpressoide-10.3.1_2233/ide/plugins/com.nxp.mcuxpresso.tools.linux_10.3.0.201811011841/tools/bin/../lib/gcc/arm-none-eabi/7.3.1/thumb/v6-m/crtn.o
                0x0000000000007130                . = ALIGN (0x4)
 *crtbegin.o(SORT_BY_ALIGNMENT(.ctors))
 *(SORT_BY_ALIGNMENT(EXCLUDE_FILE(*crtend.o) .ctors))
 *(SORT_BY_NAME(SORT_BY_ALIGNMENT(.ctors.*)))
 *crtend.o(SORT_BY_ALIGNMENT(.ctors))
                0x0000000000007130                . = ALIGN (0x4)
 *crtbegin.o(SORT_BY_ALIGNMENT(.dtors))
 *(SORT_BY_ALIGNMENT(EXCLUDE_FILE(*crtend.o) .dtors))
 *(SORT_BY_NAME(SORT_BY_ALIGNMENT(.dtors.*)))
 *crtend.o(SORT_BY_ALIGNMENT(.dtors))
                0x0000000000007130                . = ALIGN (0x4)

.glue_7         0x0000000000007130        0x0
 .glue_7        0x0000000000007130        0x0 linker stubs

.glue_7t        0x0000000000007130        0x0
 .glue_7t       0x0000000000007130        0x0 linker stubs

.vfp11_veneer   0x0000000000007130        0x0
 .vfp11_veneer  0x0000000000007130        0x0 linker stubs

.v4_bx          0x0000000000007130        0x0
 .v4_bx         0x0000000000007130        0x0 linker stubs

.iplt           0x0000000000007130        0x0
 .iplt          0x0000000000007130        0x0 ./utilities/fsl_debug_console.o

.ARM.extab      0x0000000000007130       0x9c
 *(SORT_BY_ALIGNMENT(.ARM.extab*) SORT_BY_ALIGNMENT(.gnu.linkonce.armextab.*))
 .ARM.extab     0x0000000000007130       0x48 ./source/Accelerometer.o
 .ARM.extab     0x0000000000007178       0x24 ./source/MMA8451Q.o
 .ARM.extab     0x000000000000719c       0x24 /usr/local/mcuxpressoide-10.3.1_2233/ide/plugins/com.nxp.mcuxpresso.tools.linux_10.3.0.201811011841/tools/bin/../lib/gcc/arm-none-eabi/7.3.1/thumb/v6-m/libgcc.a(unwind-arm.o)
 .ARM.extab     0x00000000000071c0        0xc /usr/local/mcuxpressoide-10.3.1_2233/ide/plugins/com.nxp.mcuxpresso.tools.linux_10.3.0.201811011841/tools/bin/../lib/gcc/arm-none-eabi/7.3.1/thumb/v6-m/libgcc.a(pr-support.o)
                0x00000000000071cc                __exidx_start = .

.eh_frame       0x00000000000071cc        0x0
 .eh_frame      0x00000000000071cc        0x0 /usr/local/mcuxpressoide-10.3.1_2233/ide/plugins/com.nxp.mcuxpresso.tools.linux_10.3.0.201811011841/tools/bin/../lib/gcc/arm-none-eabi/7.3.1/thumb/v6-m/crtbegin.o

.ARM.exidx      0x00000000000071cc      0x140
 *(SORT_BY_ALIGNMENT(.ARM.exidx*) SORT_BY_ALIGNMENT(.gnu.linkonce.armexidx.*))
 .ARM.exidx.after_vectors.init_data
                0x00000000000071d4        0x8 ./startup/startup_mkl25z4.o
 .ARM.exidx.after_vectors.init_bss
                0x00000000000071dc        0x0 ./startup/startup_mkl25z4.o
                                          0x8 (size before relaxing)
 .ARM.exidx.after_vectors.reset
                0x00000000000071cc        0x8 ./startup/startup_mkl25z4.o
 .ARM.exidx.after_vectors
                0x00000000000071dc       0x10 ./startup/startup_mkl25z4.o
                                        0x130 (size before relaxing)
 .ARM.exidx     0x00000000000071ec       0x30 ./source/Accelerometer.o
 .ARM.exidx     0x000000000000730c        0x0 ./source/GPIO.o
                                         0x20 (size before relaxing)
 .ARM.exidx     0x000000000000721c        0x8 ./source/I2C.o
                                         0x70 (size before relaxing)
 .ARM.exidx     0x0000000000007224       0x28 ./source/MMA8451Q.o
                                         0x20 (size before relaxing)
 .ARM.exidx     0x000000000000724c       0x90 /usr/local/mcuxpressoide-10.3.1_2233/ide/plugins/com.nxp.mcuxpresso.tools.linux_10.3.0.201811011841/tools/bin/../lib/gcc/arm-none-eabi/7.3.1/thumb/v6-m/libgcc.a(unwind-arm.o)
                                         0xd8 (size before relaxing)
 .ARM.exidx     0x00000000000072dc       0x30 /usr/local/mcuxpressoide-10.3.1_2233/ide/plugins/com.nxp.mcuxpresso.tools.linux_10.3.0.201811011841/tools/bin/../lib/gcc/arm-none-eabi/7.3.1/thumb/v6-m/libgcc.a(pr-support.o)
                                         0x48 (size before relaxing)
                0x000000000000730c                __exidx_end = .
                0x000000000000730c                _etext = .

.rel.dyn        0x000000000000730c        0x0
 .rel.iplt      0x000000000000730c        0x0 ./utilities/fsl_debug_console.o

.m_usb_data
 *(SORT_BY_ALIGNMENT(m_usb_bdt))

.mtb_buffer_default
                0x000000001ffff000       0x80
 *(SORT_BY_ALIGNMENT(.mtb*))
 .mtb.$RAM1     0x000000001ffff000       0x80 ./source/mtb.o
                0x000000001ffff000                __mtb_buffer__

.uninit_RESERVED
                0x000000001ffff080        0x0
 *(SORT_BY_ALIGNMENT(.bss.$RESERVED*))
                0x000000001ffff080                . = ALIGN (0x4)
                0x000000001ffff080                _end_uninit_RESERVED = .

.data           0x000000001ffff080       0x70 load address 0x000000000000730c
 FILL mask 0xff
                0x000000001ffff080                _data = .
 *(SORT_BY_ALIGNMENT(vtable))
 *(SORT_BY_ALIGNMENT(.ramfunc*))
 *(SORT_BY_ALIGNMENT(.data*))
 .data.uxCriticalNesting
                0x000000001ffff080        0x4 ./freertos/port.o
 .data.s_slowIrcFreq
                0x000000001ffff084        0x4 ./drivers/fsl_clock.o
 .data.SystemCoreClock
                0x000000001ffff088        0x4 ./CMSIS/system_MKL25Z4.o
                0x000000001ffff088                SystemCoreClock
 .data._impure_ptr
                0x000000001ffff08c        0x4 /usr/local/mcuxpressoide-10.3.1_2233/ide/plugins/com.nxp.mcuxpresso.tools.linux_10.3.0.201811011841/tools/bin/../lib/gcc/arm-none-eabi/7.3.1/../../../../arm-none-eabi/lib/thumb/v6-m/libc_nano.a(lib_a-impure.o)
                0x000000001ffff08c                _impure_ptr
 .data.impure_data
                0x000000001ffff090       0x60 /usr/local/mcuxpressoide-10.3.1_2233/ide/plugins/com.nxp.mcuxpresso.tools.linux_10.3.0.201811011841/tools/bin/../lib/gcc/arm-none-eabi/7.3.1/../../../../arm-none-eabi/lib/thumb/v6-m/libc_nano.a(lib_a-impure.o)
                0x000000001ffff0f0                . = ALIGN (0x4)
                0x000000001ffff0f0                _edata = .

.igot.plt       0x000000001ffff0f0        0x0 load address 0x000000000000737c
 .igot.plt      0x000000001ffff0f0        0x0 ./utilities/fsl_debug_console.o

.bss            0x000000001ffff0f0     0x2a54 load address 0x000000000000737c
                0x000000001ffff0f0                _bss = .
 *(SORT_BY_ALIGNMENT(.bss*))
 .bss.s_debugConsole
                0x000000001ffff0f0       0x10 ./utilities/fsl_debug_console.o
 .bss           0x000000001ffff100        0xc ./source/MMA8451Q.o
                0x000000001ffff100                task1_handle
                0x000000001ffff104                task2_handle
                0x000000001ffff108                task3_handle
 .bss.ucHeap    0x000000001ffff10c     0x2800 ./freertos/heap_4.o
 .bss.xStart    0x000000002000190c        0x8 ./freertos/heap_4.o
 .bss.pxEnd     0x0000000020001914        0x4 ./freertos/heap_4.o
 .bss.xFreeBytesRemaining
                0x0000000020001918        0x4 ./freertos/heap_4.o
 .bss.xMinimumEverFreeBytesRemaining
                0x000000002000191c        0x4 ./freertos/heap_4.o
 .bss.xBlockAllocatedBit
                0x0000000020001920        0x4 ./freertos/heap_4.o
 .bss.xQueueRegistry
                0x0000000020001924       0x40 ./freertos/queue.o
                0x0000000020001924                xQueueRegistry
 .bss.pxCurrentTCB
                0x0000000020001964        0x4 ./freertos/tasks.o
                0x0000000020001964                pxCurrentTCB
 .bss.pxReadyTasksLists
                0x0000000020001968       0x64 ./freertos/tasks.o
 .bss.xDelayedTaskList1
                0x00000000200019cc       0x14 ./freertos/tasks.o
 .bss.xDelayedTaskList2
                0x00000000200019e0       0x14 ./freertos/tasks.o
 .bss.pxDelayedTaskList
                0x00000000200019f4        0x4 ./freertos/tasks.o
 .bss.pxOverflowDelayedTaskList
                0x00000000200019f8        0x4 ./freertos/tasks.o
 .bss.xPendingReadyList
                0x00000000200019fc       0x14 ./freertos/tasks.o
 .bss.xTasksWaitingTermination
                0x0000000020001a10       0x14 ./freertos/tasks.o
 .bss.uxDeletedTasksWaitingCleanUp
                0x0000000020001a24        0x4 ./freertos/tasks.o
 .bss.xSuspendedTaskList
                0x0000000020001a28       0x14 ./freertos/tasks.o
 .bss.uxCurrentNumberOfTasks
                0x0000000020001a3c        0x4 ./freertos/tasks.o
 .bss.xTickCount
                0x0000000020001a40        0x4 ./freertos/tasks.o
 .bss.uxTopReadyPriority
                0x0000000020001a44        0x4 ./freertos/tasks.o
 .bss.xSchedulerRunning
                0x0000000020001a48        0x4 ./freertos/tasks.o
 .bss.uxPendedTicks
                0x0000000020001a4c        0x4 ./freertos/tasks.o
 .bss.xYieldPending
                0x0000000020001a50        0x4 ./freertos/tasks.o
 .bss.xNumOfOverflows
                0x0000000020001a54        0x4 ./freertos/tasks.o
 .bss.uxTaskNumber
                0x0000000020001a58        0x4 ./freertos/tasks.o
 .bss.xNextTaskUnblockTime
                0x0000000020001a5c        0x4 ./freertos/tasks.o
 .bss.xIdleTaskHandle
                0x0000000020001a60        0x4 ./freertos/tasks.o
 .bss.uxSchedulerSuspended
                0x0000000020001a64        0x4 ./freertos/tasks.o
 .bss.xActiveTimerList1
                0x0000000020001a68       0x14 ./freertos/timers.o
 .bss.xActiveTimerList2
                0x0000000020001a7c       0x14 ./freertos/timers.o
 .bss.pxCurrentTimerList
                0x0000000020001a90        0x4 ./freertos/timers.o
 .bss.pxOverflowTimerList
                0x0000000020001a94        0x4 ./freertos/timers.o
 .bss.xTimerQueue
                0x0000000020001a98        0x4 ./freertos/timers.o
 .bss.xTimerTaskHandle
                0x0000000020001a9c        0x4 ./freertos/timers.o
 .bss.xLastTime.4909
                0x0000000020001aa0        0x4 ./freertos/timers.o
 .bss.g_xtal0Freq
                0x0000000020001aa4        0x4 ./drivers/fsl_clock.o
                0x0000000020001aa4                g_xtal0Freq
 .bss.s_DMAHandle
                0x0000000020001aa8       0x10 ./drivers/fsl_dma.o
 .bss.s_i2cHandle
                0x0000000020001ab8        0x8 ./drivers/fsl_i2c.o
 .bss.s_i2cMasterIsr
                0x0000000020001ac0        0x4 ./drivers/fsl_i2c.o
 .bss.s_i2cSlaveIsr
                0x0000000020001ac4        0x4 ./drivers/fsl_i2c.o
 .bss.s_lpsciHandle
                0x0000000020001ac8        0x4 ./drivers/fsl_lpsci.o
 .bss.s_lpsciIsr
                0x0000000020001acc        0x4 ./drivers/fsl_lpsci.o
 .bss.s_uartHandle
                0x0000000020001ad0        0xc ./drivers/fsl_uart.o
 .bss.s_uartIsr
                0x0000000020001adc        0x4 ./drivers/fsl_uart.o
 .bss.__malloc_free_list
                0x0000000020001ae0        0x4 /usr/local/mcuxpressoide-10.3.1_2233/ide/plugins/com.nxp.mcuxpresso.tools.linux_10.3.0.201811011841/tools/bin/../lib/gcc/arm-none-eabi/7.3.1/../../../../arm-none-eabi/lib/thumb/v6-m/libc_nano.a(lib_a-nano-mallocr.o)
                0x0000000020001ae0                __malloc_free_list
 .bss.__malloc_sbrk_start
                0x0000000020001ae4        0x4 /usr/local/mcuxpressoide-10.3.1_2233/ide/plugins/com.nxp.mcuxpresso.tools.linux_10.3.0.201811011841/tools/bin/../lib/gcc/arm-none-eabi/7.3.1/../../../../arm-none-eabi/lib/thumb/v6-m/libc_nano.a(lib_a-nano-mallocr.o)
                0x0000000020001ae4                __malloc_sbrk_start
 .bss.__end_of_heap
                0x0000000020001ae8        0x4 /usr/local/mcuxpressoide-10.3.1_2233/ide/plugins/com.nxp.mcuxpresso.tools.linux_10.3.0.201811011841/tools/bin/../lib/gcc/arm-none-eabi/7.3.1/../../../../arm-none-eabi/lib/thumb/v6-m/libcr_newlib_semihost.a(_cr_sbrk.o)
                0x0000000020001ae8                __end_of_heap
 .bss.initialized.5662
                0x0000000020001aec        0x4 /usr/local/mcuxpressoide-10.3.1_2233/ide/plugins/com.nxp.mcuxpresso.tools.linux_10.3.0.201811011841/tools/bin/../lib/gcc/arm-none-eabi/7.3.1/../../../../arm-none-eabi/lib/thumb/v6-m/libcr_newlib_semihost.a(syscalls.o)
 .bss.monitor_stderr
                0x0000000020001af0        0x4 /usr/local/mcuxpressoide-10.3.1_2233/ide/plugins/com.nxp.mcuxpresso.tools.linux_10.3.0.201811011841/tools/bin/../lib/gcc/arm-none-eabi/7.3.1/../../../../arm-none-eabi/lib/thumb/v6-m/libcr_newlib_semihost.a(syscalls.o)
 .bss.monitor_stdin
                0x0000000020001af4        0x4 /usr/local/mcuxpressoide-10.3.1_2233/ide/plugins/com.nxp.mcuxpresso.tools.linux_10.3.0.201811011841/tools/bin/../lib/gcc/arm-none-eabi/7.3.1/../../../../arm-none-eabi/lib/thumb/v6-m/libcr_newlib_semihost.a(syscalls.o)
 .bss.monitor_stdout
                0x0000000020001af8        0x4 /usr/local/mcuxpressoide-10.3.1_2233/ide/plugins/com.nxp.mcuxpresso.tools.linux_10.3.0.201811011841/tools/bin/../lib/gcc/arm-none-eabi/7.3.1/../../../../arm-none-eabi/lib/thumb/v6-m/libcr_newlib_semihost.a(syscalls.o)
 .bss.openfiles
                0x0000000020001afc       0x28 /usr/local/mcuxpressoide-10.3.1_2233/ide/plugins/com.nxp.mcuxpresso.tools.linux_10.3.0.201811011841/tools/bin/../lib/gcc/arm-none-eabi/7.3.1/../../../../arm-none-eabi/lib/thumb/v6-m/libcr_newlib_semihost.a(syscalls.o)
 .bss           0x0000000020001b24       0x1c /usr/local/mcuxpressoide-10.3.1_2233/ide/plugins/com.nxp.mcuxpresso.tools.linux_10.3.0.201811011841/tools/bin/../lib/gcc/arm-none-eabi/7.3.1/thumb/v6-m/crtbegin.o
 *(SORT_BY_ALIGNMENT(COMMON))
 COMMON         0x0000000020001b40        0x4 /usr/local/mcuxpressoide-10.3.1_2233/ide/plugins/com.nxp.mcuxpresso.tools.linux_10.3.0.201811011841/tools/bin/../lib/gcc/arm-none-eabi/7.3.1/../../../../arm-none-eabi/lib/thumb/v6-m/libc_nano.a(lib_a-reent.o)
                0x0000000020001b40                errno
                0x0000000020001b44                . = ALIGN (0x4)
                0x0000000020001b44                _ebss = .
                [!provide]                        PROVIDE (end = .)

.noinit         0x0000000020001b44        0x0 load address 0x000000000000737c
                0x0000000020001b44                _noinit = .
 *(SORT_BY_ALIGNMENT(.noinit*))
                0x0000000020001b44                . = ALIGN (0x4)
                0x0000000020001b44                _end_noinit = .
                0x0000000000000400                _HeapSize = 0x400

.heap           0x0000000020001b44      0x400 load address 0x000000000000737c
                0x0000000020001b44                _pvHeapStart = .
                0x0000000020001f44                . = (. + _HeapSize)
 *fill*         0x0000000020001b44      0x400 
                0x0000000020001f44                . = ALIGN (0x4)
                0x0000000020001f44                _pvHeapLimit = .
                0x0000000000000400                _StackSize = 0x400

.heap2stackfill
                0x0000000020001f44      0x400 load address 0x000000000000737c
                0x0000000020002344                . = (. + _StackSize)
 *fill*         0x0000000020001f44      0x400 

.stack          0x0000000020002c00        0x0
                0x0000000020002c00                _vStackBase = .
                0x0000000020002c00                . = ALIGN (0x4)
                0x0000000020003000                _vStackTop = (. + _StackSize)
                0x0000000000000000                _image_start = LOADADDR (.text)
                0x000000000000737c                _image_end = (LOADADDR (.data) + SIZEOF (.data))
                0x000000000000737c                _image_size = (_image_end - _image_start)
OUTPUT(MMA8451Q.axf elf32-littlearm)

.debug_info     0x0000000000000000    0x18723
 .debug_info    0x0000000000000000     0x1093 ./utilities/fsl_debug_console.o
 .debug_info    0x0000000000001093      0x4a5 ./startup/startup_mkl25z4.o
 .debug_info    0x0000000000001538      0xfb1 ./source/Accelerometer.o
 .debug_info    0x00000000000024e9      0x326 ./source/GPIO.o
 .debug_info    0x000000000000280f      0xfed ./source/I2C.o
 .debug_info    0x00000000000037fc     0x1561 ./source/MMA8451Q.o
 .debug_info    0x0000000000004d5d       0x52 ./source/mtb.o
 .debug_info    0x0000000000004daf       0xbb ./freertos/fsl_tickless_lptmr.o
 .debug_info    0x0000000000004e6a      0xb08 ./freertos/heap_4.o
 .debug_info    0x0000000000005972      0xac5 ./freertos/list.o
 .debug_info    0x0000000000006437      0x234 ./freertos/port.o
 .debug_info    0x000000000000666b     0x1631 ./freertos/queue.o
 .debug_info    0x0000000000007c9c     0x1f67 ./freertos/tasks.o
 .debug_info    0x0000000000009c03     0x12e8 ./freertos/timers.o
 .debug_info    0x000000000000aeeb     0x225e ./drivers/fsl_clock.o
 .debug_info    0x000000000000d149      0xc3e ./drivers/fsl_common.o
 .debug_info    0x000000000000dd87     0x185f ./drivers/fsl_dma.o
 .debug_info    0x000000000000f5e6     0x2355 ./drivers/fsl_i2c.o
 .debug_info    0x000000000001193b     0x1dd2 ./drivers/fsl_lpsci.o
 .debug_info    0x000000000001370d     0x1d58 ./drivers/fsl_uart.o
 .debug_info    0x0000000000015465      0xea0 ./board/board.o
 .debug_info    0x0000000000016305     0x1285 ./board/clock_config.o
 .debug_info    0x000000000001758a       0x3b ./board/peripherals.o
 .debug_info    0x00000000000175c5      0xd74 ./board/pin_mux.o
 .debug_info    0x0000000000018339      0x3ea ./CMSIS/system_MKL25Z4.o

.debug_abbrev   0x0000000000000000     0x3bfa
 .debug_abbrev  0x0000000000000000      0x290 ./utilities/fsl_debug_console.o
 .debug_abbrev  0x0000000000000290      0x163 ./startup/startup_mkl25z4.o
 .debug_abbrev  0x00000000000003f3      0x319 ./source/Accelerometer.o
 .debug_abbrev  0x000000000000070c      0x1d0 ./source/GPIO.o
 .debug_abbrev  0x00000000000008dc      0x31c ./source/I2C.o
 .debug_abbrev  0x0000000000000bf8      0x33e ./source/MMA8451Q.o
 .debug_abbrev  0x0000000000000f36       0x44 ./source/mtb.o
 .debug_abbrev  0x0000000000000f7a       0x63 ./freertos/fsl_tickless_lptmr.o
 .debug_abbrev  0x0000000000000fdd      0x273 ./freertos/heap_4.o
 .debug_abbrev  0x0000000000001250      0x1fe ./freertos/list.o
 .debug_abbrev  0x000000000000144e      0x16f ./freertos/port.o
 .debug_abbrev  0x00000000000015bd      0x2a8 ./freertos/queue.o
 .debug_abbrev  0x0000000000001865      0x339 ./freertos/tasks.o
 .debug_abbrev  0x0000000000001b9e      0x2b0 ./freertos/timers.o
 .debug_abbrev  0x0000000000001e4e      0x3df ./drivers/fsl_clock.o
 .debug_abbrev  0x000000000000222d      0x32e ./drivers/fsl_common.o
 .debug_abbrev  0x000000000000255b      0x340 ./drivers/fsl_dma.o
 .debug_abbrev  0x000000000000289b      0x3d2 ./drivers/fsl_i2c.o
 .debug_abbrev  0x0000000000002c6d      0x375 ./drivers/fsl_lpsci.o
 .debug_abbrev  0x0000000000002fe2      0x38d ./drivers/fsl_uart.o
 .debug_abbrev  0x000000000000336f      0x228 ./board/board.o
 .debug_abbrev  0x0000000000003597      0x2b5 ./board/clock_config.o
 .debug_abbrev  0x000000000000384c       0x2f ./board/peripherals.o
 .debug_abbrev  0x000000000000387b      0x269 ./board/pin_mux.o
 .debug_abbrev  0x0000000000003ae4      0x116 ./CMSIS/system_MKL25Z4.o

.debug_aranges  0x0000000000000000      0xed8
 .debug_aranges
                0x0000000000000000       0x48 ./utilities/fsl_debug_console.o
 .debug_aranges
                0x0000000000000048      0x160 ./startup/startup_mkl25z4.o
 .debug_aranges
                0x00000000000001a8       0x20 ./source/Accelerometer.o
 .debug_aranges
                0x00000000000001c8       0x20 ./source/GPIO.o
 .debug_aranges
                0x00000000000001e8       0x20 ./source/I2C.o
 .debug_aranges
                0x0000000000000208       0x20 ./source/MMA8451Q.o
 .debug_aranges
                0x0000000000000228       0x18 ./source/mtb.o
 .debug_aranges
                0x0000000000000240       0x20 ./freertos/fsl_tickless_lptmr.o
 .debug_aranges
                0x0000000000000260       0x50 ./freertos/heap_4.o
 .debug_aranges
                0x00000000000002b0       0x40 ./freertos/list.o
 .debug_aranges
                0x00000000000002f0       0x80 ./freertos/port.o
 .debug_aranges
                0x0000000000000370      0x118 ./freertos/queue.o
 .debug_aranges
                0x0000000000000488      0x1e8 ./freertos/tasks.o
 .debug_aranges
                0x0000000000000670       0xc8 ./freertos/timers.o
 .debug_aranges
                0x0000000000000738      0x1d8 ./drivers/fsl_clock.o
 .debug_aranges
                0x0000000000000910       0x38 ./drivers/fsl_common.o
 .debug_aranges
                0x0000000000000948       0xd0 ./drivers/fsl_dma.o
 .debug_aranges
                0x0000000000000a18      0x178 ./drivers/fsl_i2c.o
 .debug_aranges
                0x0000000000000b90      0x118 ./drivers/fsl_lpsci.o
 .debug_aranges
                0x0000000000000ca8      0x130 ./drivers/fsl_uart.o
 .debug_aranges
                0x0000000000000dd8       0x28 ./board/board.o
 .debug_aranges
                0x0000000000000e00       0x58 ./board/clock_config.o
 .debug_aranges
                0x0000000000000e58       0x20 ./board/peripherals.o
 .debug_aranges
                0x0000000000000e78       0x38 ./board/pin_mux.o
 .debug_aranges
                0x0000000000000eb0       0x28 ./CMSIS/system_MKL25Z4.o

.debug_ranges   0x0000000000000000      0xd00
 .debug_ranges  0x0000000000000000       0x38 ./utilities/fsl_debug_console.o
 .debug_ranges  0x0000000000000038      0x150 ./startup/startup_mkl25z4.o
 .debug_ranges  0x0000000000000188       0x10 ./freertos/fsl_tickless_lptmr.o
 .debug_ranges  0x0000000000000198       0x40 ./freertos/heap_4.o
 .debug_ranges  0x00000000000001d8       0x30 ./freertos/list.o
 .debug_ranges  0x0000000000000208       0x70 ./freertos/port.o
 .debug_ranges  0x0000000000000278      0x108 ./freertos/queue.o
 .debug_ranges  0x0000000000000380      0x1d8 ./freertos/tasks.o
 .debug_ranges  0x0000000000000558       0xb8 ./freertos/timers.o
 .debug_ranges  0x0000000000000610      0x1c8 ./drivers/fsl_clock.o
 .debug_ranges  0x00000000000007d8       0x28 ./drivers/fsl_common.o
 .debug_ranges  0x0000000000000800       0xc0 ./drivers/fsl_dma.o
 .debug_ranges  0x00000000000008c0      0x168 ./drivers/fsl_i2c.o
 .debug_ranges  0x0000000000000a28      0x108 ./drivers/fsl_lpsci.o
 .debug_ranges  0x0000000000000b30      0x120 ./drivers/fsl_uart.o
 .debug_ranges  0x0000000000000c50       0x18 ./board/board.o
 .debug_ranges  0x0000000000000c68       0x48 ./board/clock_config.o
 .debug_ranges  0x0000000000000cb0       0x10 ./board/peripherals.o
 .debug_ranges  0x0000000000000cc0       0x28 ./board/pin_mux.o
 .debug_ranges  0x0000000000000ce8       0x18 ./CMSIS/system_MKL25Z4.o

.debug_macro    0x0000000000000000     0xea53
 .debug_macro   0x0000000000000000      0x2d7 ./utilities/fsl_debug_console.o
 .debug_macro   0x00000000000002d7      0x8da ./utilities/fsl_debug_console.o
 .debug_macro   0x0000000000000bb1       0x58 ./utilities/fsl_debug_console.o
 .debug_macro   0x0000000000000c09       0x18 ./utilities/fsl_debug_console.o
 .debug_macro   0x0000000000000c21       0x22 ./utilities/fsl_debug_console.o
 .debug_macro   0x0000000000000c43       0x4c ./utilities/fsl_debug_console.o
 .debug_macro   0x0000000000000c8f       0x94 ./utilities/fsl_debug_console.o
 .debug_macro   0x0000000000000d23       0x35 ./utilities/fsl_debug_console.o
 .debug_macro   0x0000000000000d58       0x34 ./utilities/fsl_debug_console.o
 .debug_macro   0x0000000000000d8c       0x16 ./utilities/fsl_debug_console.o
 .debug_macro   0x0000000000000da2      0x10e ./utilities/fsl_debug_console.o
 .debug_macro   0x0000000000000eb0       0x8d ./utilities/fsl_debug_console.o
 .debug_macro   0x0000000000000f3d       0x57 ./utilities/fsl_debug_console.o
 .debug_macro   0x0000000000000f94       0x52 ./utilities/fsl_debug_console.o
 .debug_macro   0x0000000000000fe6       0x1f ./utilities/fsl_debug_console.o
 .debug_macro   0x0000000000001005       0x43 ./utilities/fsl_debug_console.o
 .debug_macro   0x0000000000001048       0x20 ./utilities/fsl_debug_console.o
 .debug_macro   0x0000000000001068      0x18e ./utilities/fsl_debug_console.o
 .debug_macro   0x00000000000011f6      0x339 ./utilities/fsl_debug_console.o
 .debug_macro   0x000000000000152f       0x16 ./utilities/fsl_debug_console.o
 .debug_macro   0x0000000000001545       0x29 ./utilities/fsl_debug_console.o
 .debug_macro   0x000000000000156e      0x1e1 ./utilities/fsl_debug_console.o
 .debug_macro   0x000000000000174f       0x1c ./utilities/fsl_debug_console.o
 .debug_macro   0x000000000000176b       0x22 ./utilities/fsl_debug_console.o
 .debug_macro   0x000000000000178d       0xef ./utilities/fsl_debug_console.o
 .debug_macro   0x000000000000187c       0x6a ./utilities/fsl_debug_console.o
 .debug_macro   0x00000000000018e6      0x1df ./utilities/fsl_debug_console.o
 .debug_macro   0x0000000000001ac5       0x16 ./utilities/fsl_debug_console.o
 .debug_macro   0x0000000000001adb       0x35 ./utilities/fsl_debug_console.o
 .debug_macro   0x0000000000001b10       0x10 ./utilities/fsl_debug_console.o
 .debug_macro   0x0000000000001b20       0x3f ./utilities/fsl_debug_console.o
 .debug_macro   0x0000000000001b5f       0x3a ./utilities/fsl_debug_console.o
 .debug_macro   0x0000000000001b99       0x26 ./utilities/fsl_debug_console.o
 .debug_macro   0x0000000000001bbf      0x329 ./utilities/fsl_debug_console.o
 .debug_macro   0x0000000000001ee8       0x30 ./utilities/fsl_debug_console.o
 .debug_macro   0x0000000000001f18     0x51e2 ./utilities/fsl_debug_console.o
 .debug_macro   0x00000000000070fa     0x1352 ./utilities/fsl_debug_console.o
 .debug_macro   0x000000000000844c       0x3a ./utilities/fsl_debug_console.o
 .debug_macro   0x0000000000008486       0xf4 ./utilities/fsl_debug_console.o
 .debug_macro   0x000000000000857a       0x35 ./utilities/fsl_debug_console.o
 .debug_macro   0x00000000000085af       0x1c ./utilities/fsl_debug_console.o
 .debug_macro   0x00000000000085cb       0x10 ./utilities/fsl_debug_console.o
 .debug_macro   0x00000000000085db       0x1c ./utilities/fsl_debug_console.o
 .debug_macro   0x00000000000085f7       0x52 ./utilities/fsl_debug_console.o
 .debug_macro   0x0000000000008649       0x40 ./utilities/fsl_debug_console.o
 .debug_macro   0x0000000000008689       0x10 ./utilities/fsl_debug_console.o
 .debug_macro   0x0000000000008699       0x40 ./utilities/fsl_debug_console.o
 .debug_macro   0x00000000000086d9       0xd7 ./utilities/fsl_debug_console.o
 .debug_macro   0x00000000000087b0       0x1c ./utilities/fsl_debug_console.o
 .debug_macro   0x00000000000087cc       0x3d ./utilities/fsl_debug_console.o
 .debug_macro   0x0000000000008809       0x16 ./utilities/fsl_debug_console.o
 .debug_macro   0x000000000000881f      0x16f ./utilities/fsl_debug_console.o
 .debug_macro   0x000000000000898e       0x34 ./utilities/fsl_debug_console.o
 .debug_macro   0x00000000000089c2       0x10 ./utilities/fsl_debug_console.o
 .debug_macro   0x00000000000089d2       0x10 ./utilities/fsl_debug_console.o
 .debug_macro   0x00000000000089e2       0x2a ./startup/startup_mkl25z4.o
 .debug_macro   0x0000000000008a0c      0x9c4 ./startup/startup_mkl25z4.o
 .debug_macro   0x00000000000093d0      0x1eb ./source/Accelerometer.o
 .debug_macro   0x00000000000095bb      0xb6e ./source/Accelerometer.o
 .debug_macro   0x000000000000a129       0x58 ./source/Accelerometer.o
 .debug_macro   0x000000000000a181       0x18 ./source/Accelerometer.o
 .debug_macro   0x000000000000a199       0x34 ./source/Accelerometer.o
 .debug_macro   0x000000000000a1cd       0x16 ./source/Accelerometer.o
 .debug_macro   0x000000000000a1e3       0x16 ./source/Accelerometer.o
 .debug_macro   0x000000000000a1f9       0x1c ./source/Accelerometer.o
 .debug_macro   0x000000000000a215      0x17b ./source/Accelerometer.o
 .debug_macro   0x000000000000a390       0x58 ./source/Accelerometer.o
 .debug_macro   0x000000000000a3e8       0x43 ./source/Accelerometer.o
 .debug_macro   0x000000000000a42b      0x353 ./source/Accelerometer.o
 .debug_macro   0x000000000000a77e       0x10 ./source/Accelerometer.o
 .debug_macro   0x000000000000a78e       0x35 ./source/Accelerometer.o
 .debug_macro   0x000000000000a7c3      0x329 ./source/Accelerometer.o
 .debug_macro   0x000000000000aaec       0x10 ./source/Accelerometer.o
 .debug_macro   0x000000000000aafc       0xb8 ./source/Accelerometer.o
 .debug_macro   0x000000000000abb4       0xbe ./source/GPIO.o
 .debug_macro   0x000000000000ac72       0x8e ./source/GPIO.o
 .debug_macro   0x000000000000ad00       0x51 ./source/GPIO.o
 .debug_macro   0x000000000000ad51       0x34 ./source/GPIO.o
 .debug_macro   0x000000000000ad85      0x1ce ./source/I2C.o
 .debug_macro   0x000000000000af53      0x388 ./source/MMA8451Q.o
 .debug_macro   0x000000000000b2db       0x16 ./source/MMA8451Q.o
 .debug_macro   0x000000000000b2f1       0x10 ./source/MMA8451Q.o
 .debug_macro   0x000000000000b301      0x112 ./source/MMA8451Q.o
 .debug_macro   0x000000000000b413       0x7c ./source/MMA8451Q.o
 .debug_macro   0x000000000000b48f       0x10 ./source/MMA8451Q.o
 .debug_macro   0x000000000000b49f      0x137 ./source/MMA8451Q.o
 .debug_macro   0x000000000000b5d6       0x16 ./source/MMA8451Q.o
 .debug_macro   0x000000000000b5ec      0x18b ./source/MMA8451Q.o
 .debug_macro   0x000000000000b777      0x168 ./source/MMA8451Q.o
 .debug_macro   0x000000000000b8df       0xb6 ./source/MMA8451Q.o